"math" -run "Get[\"models/CNMSSMEFTHiggs/start.m\"]; Quit[]" || (echo "Error: The code generation failed!"; exit 1)
Mathematica 11.3.0 Kernel for Linux x86 (64-bit)
Copyright 1988-2018 Wolfram Research, Inc.
SARAH 4.14.1
by Florian Staub, 2018
contributions by M. Gabelmann, M. D. Goodsell, K. Nickel

References:
  Comput.Phys.Commun.181 (2010) 1077-1086. (arXiv:0909.2863[hep-ph])
  Comput.Phys.Commun.182 (2011) 808-833. (arXiv:1002.0840[hep-ph])
  Comput.Phys.Commun.184 (2013) 1792-1809. (arXiv:1207.0906[hep-ph])
  Comput.Phys.Commun.185 (2014) 1773-1790. (arXiv:1309.7223[hep-ph])
Download and Documentation:
  http://sarah.hepforge.org

Start evaluation of a model with:
   Start["Name of Model"]
e.g. Start["MSSM"] or Start["NMSSM","CKM"]
To get a list with all installed models, use ShowModels
Version: 1.0 ( February 12 2013), for Mathematica 7, 8 and 9.
Author: Malin Sjodahl
For suggestions and bug reports contact malin.sjodahl@thep.lu.se.
If you use this package for research, please cite the ColorMath paper,\
 
>   arXiv:1211.2099.

======================================================================
FlexibleSUSY 2.3.0
  by P. Athron, M. Bach, D. Harries, W. Kotlarski, T. Kwasnitza, 
  J.-h. Park, T. Steudtner, D. Stöckinger, A. Voigt, J. Ziebell
  2013-2019

References:
  Comput.Phys.Commun. 190 (2015) 139-172 (arxiv:1406.2319 [hep-ph])
  JHEP 1701 (2017) 079 (arXiv:1609.00371 [hep-ph])
  Comput.Phys.Commun. 230 (2018) 145-217 (arXiv:1710.03760 [hep-ph])

Download and Documentation:
  https://flexiblesusy.hepforge.org
======================================================================

Current working directory: /home/labron1/Documents/Honours/FlexibleSUSY
SARAH output directory: /home/labron1/Documents/Honours/FlexibleSUSY/Output
Starting model: Start[NMSSM]
Preparing arrays
 ... checking Directory: /home/labron1/Documents/Honours/FlexibleSUSY/sarah

FileByteCount::fdnfnd: 
   Directory or file /home/labron1/Documents/Honours/FlexibleSUSY/sarah/NMSSM/
     NMSSM.m not found.
 ... checking Directory: /home/labron1/.Mathematica/Applications/SARAH-4.14.1\
 
>    /Models/
Model files loaded   
  Model    : NMSSM
  Author(s): F.Staub
  Date     : 2012-09-01
******************************************************* 
Loading Susyno functions for the handling of Lie Groups 
Based on Susyno v.2.0 by Renato Fonseca (1106.5016)
webpage: web.ist.utl.pt/renato.fonseca/susyno.html
******************************************************* 
Initialization
Checking model files: Dynamic[DynamicCheckModelFiles]
Initialize gauge groups: Dynamic[DynamicInitGaugeG]
Initialize field: Dynamic[DynamicInitFields]
Preprocessing necessary information: Dynamic[DynamicInitMisc]
Checking for anomalies: Dynamic[DynamicCheckAnomalies]
Derive Lagrangian
Calculate superpotential: Dynamic[DynamicTermSuperpotentialNr]/5(
 
>   Dynamic[DynamicTermSuperpotential])
  checking charge conservation: Dynamic[DynamicCheckingCCSup]
Calculate F-Terms: Dynamic[DynamicFTermNr]/12 (Dynamic[DynamicFTermName])
Calculate Matter interactions: Dynamic[DynamicMatterNr]/144 (
 
>   Dynamic[DynamicMatterName])
Calculate soft-breaking terms: Dynamic[DynamicSoftTermsCurrent]
Calculate kinetic Terms
  ... for scalars: Dynamic[DynamicKineticScalarNr]/8 (
 
>   Dynamic[DynamicKineticScalarName])
  ... for fermions: Dynamic[DynamicKineticFermionNr]/8 (
 
>   Dynamic[DynamicKineticFermionName])
Calculate D-Terms: Dynamic[DynamicDTermsNr]/24 (Dynamic[DynamicDTermsName])
Calculate gaugino interactions: Dynamic[DynamicGauginoMatter]/24 (
 
>   Dynamic[DynamicGauginoMatterName])
Calculate vector-gaugino interactions: Dynamic[DynamicGauginoVector]/3 (
 
>   Dynamic[DynamicGauginoVectorName])
Calculate vector self-interactions: Dynamic[DynamicVectorNr]/3 (
 
>   Dynamic[DynamicVectorName])
Calculate gauge transformations: Dynamic[DynamicGaugeTNr]/11 (
 
>   Dynamic[DynamicGaugeTName])
Eleminate sums
Calc Complete Lagrangian

Evolve States: GaugeES
Rotate Lagrangian: Dynamic[DynamicRotateLag[1]]/14
Derive ghost terms: 
  ... generate gauge fixing terms: Dynamic[DynamicGFnr[GaugeES]]/3 (
 
>   Dynamic[DynamicGFname[GaugeES]])
  ... calculate Ghost interactions
Calc Mixings of Matter Fields
Save information (Dynamic[DynamicSaveInfo[GaugeES]])

Evolve States: EWSB
Parametrize Higgs Sector
   Update gauge transformations: Dynamic[DynamicUGT[UGTvev[2]]]/54 (
 
>   Dynamic[DynamicUGTname[UGTvev[2]]])
Calc mass matrices gauge sector: Dynamic[DynamicMMgaugeNr[EWSB]]/3(
 
>   Dynamic[DynamicMMgaugeName[EWSB]])
   Update gauge transformations: Dynamic[DynamicUGT[UGTgaugeMM[2]]]/64 (
 
>   Dynamic[DynamicUGTname[UGTgaugeMM[2]]])
Add Phases
   Update gauge transformations: Dynamic[DynamicUGT[UGTphasesMM[2]]]/59 (
 
>   Dynamic[DynamicUGTname[UGTphasesMM[2]]])
Rotate Lagrangian: Dynamic[DynamicRotateLag[2]]/14
Derive ghost terms: 
  ... generate gauge fixing terms: Dynamic[DynamicGFnr[EWSB]]/4 (
 
>   Dynamic[DynamicGFname[EWSB]])
  ... calculate Ghost interactions
Calc Mixings of Matter Fields
   Calculate mass matrices Dynamic[DynamicNrMass[{{{SdL, SdR}, 
 
>       {conj[SdL], conj[SdR]}}, {{SvL}, {conj[SvL]}}, 
 
>      {{SuL, SuR}, {conj[SuL], conj[SuR]}}, 
 
>      {{SeL, SeR}, {conj[SeL], conj[SeR]}}, 
 
>      {{phid, phiu, phiS}, {phid, phiu, phiS}}, 
 
>      {{sigmad, sigmau, sigmaS}, {sigmad, sigmau, sigmaS}}, 
 
>      {{SHdm, conj[SHup]}, {conj[SHdm], SHup}}, 
 
>      {{fB, fW0, FHd0, FHu0, FsR}, {fB, fW0, FHd0, FHu0, FsR}}, 
 
>      {{fWm, FHdm}, {fWp, FHup}}, {{FeL}, {conj[FeR]}}, 
 
>      {{FdL}, {conj[FdR]}}, {{FuL}, {conj[FuR]}}}]]/12 (
 
>   Dynamic[DynamicNameMass[{{{SdL, SdR}, {conj[SdL], conj[SdR]}}, 
 
>      {{SvL}, {conj[SvL]}}, {{SuL, SuR}, {conj[SuL], conj[SuR]}}, 
 
>      {{SeL, SeR}, {conj[SeL], conj[SeR]}}, 
 
>      {{phid, phiu, phiS}, {phid, phiu, phiS}}, 
 
>      {{sigmad, sigmau, sigmaS}, {sigmad, sigmau, sigmaS}}, 
 
>      {{SHdm, conj[SHup]}, {conj[SHdm], SHup}}, 
 
>      {{fB, fW0, FHd0, FHu0, FsR}, {fB, fW0, FHd0, FHu0, FsR}}, 
 
>      {{fWm, FHdm}, {fWp, FHup}}, {{FeL}, {conj[FeR]}}, 
 
>      {{FdL}, {conj[FdR]}}, {{FuL}, {conj[FuR]}}}]])
   Update gauge transformations: Dynamic[DynamicUGT[UGTmatterMM[2]]]/75 (
 
>   Dynamic[DynamicUGTname[UGTmatterMM[2]]])
Calculate Tadpole Equations
Save information (Dynamic[DynamicSaveInfo[EWSB]])

Finishing
Calculate final Lagrangian
Cleaning up
   ... add matrix products
   ... checking for massless particles
   ... calculating tree level masses (Dynamic[DynamicCalcTreeMasses])
   ... simplify mass matrices
Numerical calculations (if necessary)
   ... checking for spectrum file: Dynamic[DynamicSpectrumFileInput]
   ... reading parameter values and dependences
   ... calculate mixing matrices
Checking for CP even and odd scalars

All Done. NMSSM is ready!
(Model initialized in 16.2328s)


Are you unfamiliar with SARAH? Use SARAH`FirstSteps

----------------------------------------------------------------------
Starting FlexibleSUSY
----------------------------------------------------------------------
Checking SARAH version ...

----------------------------------------------------------------------
Loading FlexibleSUSY model file
----------------------------------------------------------------------
FlexibleSUSY model file loaded
  Model: CNMSSMEFTHiggs
  Model file: models/CNMSSMEFTHiggs/FlexibleSUSY.m
  Model output directory: models/CNMSSMEFTHiggs

----------------------------------------------------------------------
Reading SARAH output files
----------------------------------------------------------------------
RGE files not found, producing them ...
Calculate supersymmetric RGEs
Making Lists of Particles and Couplings
Calculating anomalous Dimensions
Calculate Beta Functions for trilinear Superpotential parameters
   Calculating Dynamic[DynamicProgressRGE[YIJK]]/5.(
 
>   Dynamic[DynamicCoupProgess[YIJK]])
Calculate Beta Functions for bilinear Superpotential parameters
   Nothing to do.
Calculate Beta Functions for linear Superpotential parameters
   Nothing to do.
Calculate Beta Functions for trilinear soft breaking parameters
   Calculating Dynamic[DynamicProgressRGE[TIJK]]/5.(
 
>   Dynamic[DynamicCoupProgess[TIJK]])
Calculate Beta Functions for bilinear soft breaking parameters
   Nothing to do.
Calculate Beta Functions for linear soft breaking parameters
   Nothing to do.
Calculate Traces for soft-scalar masses
   Calculating: Dynamic[DynamicCoupProgess[trace]]
Calculate Beta Functions for scalar soft breaking masses
   Calculating Dynamic[DynamicProgressRGE[M2IJ]]/8.(
 
>   Dynamic[DynamicCoupProgess[M2IJ]])
Calculate Beta Functions for Gaugino masses
   Calculating Dynamic[DynamicProgressRGE[MI]]/3.(
 
>   Dynamic[DynamicCoupProgess[MI]])
Calculate Beta Functions for Gauge Couplings
   Calculating Dynamic[DynamicProgressRGE[GAUGE]]/3.(
 
>   Dynamic[DynamicCoupProgess[GAUGE]])
Calculate Beta Functions for 4-point Superpotential parameters
   Nothing to do.
Calculate Beta Functions for 4-point soft breaking parameters
   Nothing to do.
Calculate Beta Functions for VEVs
   Calculating Dynamic[DynamicProgressRGE[VEV]]/3.(
 
>   Dynamic[DynamicCoupProgess[VEV]])
Writing Mathematica code to evaluate RGEs

Finished with the calculation of the RGEs. Time needed: 22.3334s
The results are saved in /home/labron1/Documents/Honours/FlexibleSUSY/Output/\
 
>    NMSSM/RGEs/
Adding 3-loop SM QCD corrections to yt from 
 
>   [arxiv:hep-ph/9911434, arxiv:hep-ph/9912391]
Adding 4-loop SM QCD corrections to yt from [arxiv:1604.01134]
Adding 3-loop SM QCD threshold corrections to alpha_s [arxiv:hep-ph/0004189]
Adding 2-loop SM Higgs mass contributions from 
 
>   [arxiv:1205.6497, arxiv:1407.4336]
Adding 2-loop NMSSM Higgs mass contributions from 
 
>   [arxiv:hep-ph/0105096, arxiv:hep-ph/0112177, arxiv:hep-ph/0212132,
 
>    arxiv:hep-ph/0206101, arxiv:hep-ph/0305127, arxiv:0907.4682]
Adding 3-loop SM Higgs mass contributions from [arxiv:1407.4336]
Adding 4-loop SM Higgs mass contributions from [arxiv:1508.00912]
Adding 3-loop SM beta-functions from [arxiv:1303.4364, arxiv:1307.3536,
 
>    arxiv:1504.05200 (SUSYHD v1.0.1)]
Adding 4-loop SM beta-function from 
 
>   [arxiv:1508.00912, arXiv:1604.00853, arxiv:1508.02680]
Adding 5-loop SM beta-function from [arxiv:1606.08659]
self-energy file not found, producing it ...
Generate Directories
Building Particle List
Calculate all vertices
      Three Scalar - Interactions
     Found 26 potential vertices. Calculating Dynamic[progressNrGV[SSS]]/
 
>   26 . (Dynamic[progressCurrentGV[SSS]])
      Four Scalar - Interactions
     Found 65 potential vertices. Calculating Dynamic[progressNrGV[SSSS]]/
 
>   65 . (Dynamic[progressCurrentGV[SSSS]])
      Two Scalar - One Vector Boson - Interactions
     Found 66 potential vertices. Calculating Dynamic[progressNrGV[SSV]]/
 
>   66 . (Dynamic[progressCurrentGV[SSV]])
      One Scalar - Two Vector Boson - Interactions
     Found 36 potential vertices. Calculating Dynamic[progressNrGV[SVV]]/
 
>   36 . (Dynamic[progressCurrentGV[SVV]])
      Two Scalar - Two Vector Boson - Interactions
     Found 178 potential vertices. Calculating Dynamic[progressNrGV[SSVV]]/
 
>   178 . (Dynamic[progressCurrentGV[SSVV]])
      Three Vector Boson - Interactions
     Found 21 potential vertices. Calculating Dynamic[progressNrGV[VVV]]/
 
>   21 . (Dynamic[progressCurrentGV[VVV]])
      Two Fermion - One Scalar - Interactions
     Found 84 potential vertices. Calculating Dynamic[progressNrGV[FFS]]/
 
>   84 . (Dynamic[progressCurrentGV[FFS]])
      Two Fermion - One Vector Boson - Interactions
     Found 59 potential vertices. Calculating Dynamic[progressNrGV[FFV]]/
 
>   59 . (Dynamic[progressCurrentGV[FFV]])
      Four Vector Boson - Interactions
     Found 36 potential vertices. Calculating Dynamic[progressNrGV[VVVV]]/
 
>   36 . (Dynamic[progressCurrentGV[VVVV]])
      Two Ghost - One Vector Boson - Interactions
     Found 65 potential vertices. Calculating Dynamic[progressNrGV[GGV]]/
 
>   65 . (Dynamic[progressCurrentGV[GGV]])
      Two Ghost - One Scalar - Interactions
     Found 48 potential vertices. Calculating Dynamic[progressNrGV[GGS]]/
 
>   48 . (Dynamic[progressCurrentGV[GGS]])
      Two Scalar - One Auxiliary - Interactions
     Found 102 potential vertices. Calculating Dynamic[progressNrGV[ASS]]/
 
>   102 . (Dynamic[progressCurrentGV[ASS]])

Simplify Vertices
Writing vertices to files
All vertices calculated. (Time needed: 172.529s)
The vertices are saved in /home/labron1/Documents/Honours/FlexibleSUSY/Output\
 
>    /NMSSM/EWSB/Vertices/
Generate interaction list
Calculate 1-loop corrections
  For rotated fields
  ... processing: Dynamic[DynamicOneLoopNameMM](Dynamic[DynamicOneLoopNrMM]/12
 
>   )
  For tadpoles
    ... processing: Dynamic[DynamicOneLoopTadName](
 
>   Dynamic[DynamicOneLoopTadNr]/Dynamic[DynamicOneLoopTadNrAll])
  For gauge eigenstates
    ... processing: Dynamic[DynamicOneLoopNameNM](Dynamic[DynamicOneLoopNrNM]/
 
>   6)
   Simplify expression
Reading self-energies from file 
 
>   /home/labron1/Documents/Honours/FlexibleSUSY/Output/NMSSM/EWSB/One-Loop/S\
 
>    elfEnergy.m ...
Converting self-energies ...
Reading tadpoles from file /home/labron1/Documents/Honours/FlexibleSUSY/Outpu\
 
>    t/NMSSM/EWSB/One-Loop/Tadpoles1Loop.m ...
Converting tadpoles ...
Reading unrotated particles from file 
 
>   /home/labron1/Documents/Honours/FlexibleSUSY/Output/NMSSM/EWSB/One-Loop/U\
 
>    nrotatedParticles.m ...
Converting SARAH beta functions ...
Converting SARAH anomalous dimensions ...
Warning: the following auxiliary parameters appear at
   multiple scales, but do not run:
  {m0Sq}

----------------------------------------------------------------------
Creating model parameter classes
----------------------------------------------------------------------
Creating class for susy parameters ...
Creating makefile module for the beta functions ...
Creating class for soft parameters ...
Creating makefile module for the beta functions ...
Writing EWSB equations to models/CNMSSMEFTHiggs/CNMSSMEFTHiggs_EWSB_equations\
 
>    .m
Searching for independent EWSB equations ...
Solving 3 independent EWSB equations for {κ, vS, m0Sq} ...
   The EWSB solution was written to the file:
      models/CNMSSMEFTHiggs/CNMSSMEFTHiggs_semi_analytic_EWSB_solution.m
Warning: an analytic solution to the EWSB eqs. 
 
>    could not be found for the solvers: {SemiAnalyticSolver}
   An iterative algorithm will be used.  You can try to set
   the solution by hand in the model file like this:

   TreeLevelEWSBSolution = {
      { κ, ... },
      { vS, ... },
      { m0Sq, ... }
   };

Warning: FPIRelative was selected, but no analytic
   solution to the EWSB eqs. is provided.
   FPIRelative will be removed from the list of EWSB solvers.
Input parameters: {m12, TanBeta, Sign[vS], Azero, LambdaInput}
Creating class for input parameters ...
Generate Directories
Building Particle List
Read Vertex Lists
vertex files not found, producing them ...
[1/437] calculating Cp[USd[{gO1_}], conj[USd[{gO2_}]], VZ, VZ]... 251 ms
[2/437] calculating Cp[USd[{gO1_}], conj[USd[{gO2_}]], conj[VWm], VWm]... 220 ms
[3/437] calculating Cp[Hpm[{gI1_}], USd[{gO1_}], conj[Hpm[{gI2_}]], conj[USd[{gO2_}]]]... 285 ms
[4/437] calculating Cp[Ah[{gI1_}], Ah[{gI2_}], USd[{gO1_}], conj[USd[{gO2_}]]]... 435 ms
[5/437] calculating Cp[hh[{gI1_}], hh[{gI2_}], USd[{gO1_}], conj[USd[{gO2_}]]]... 450 ms
[6/437] calculating Cp[USd[{gO1_}], Sv[{gI1_}], conj[USd[{gO2_}]], conj[Sv[{gI2_}]]]... 243 ms
[7/437] calculating Cp[Cha[{gI2_}], Fu[{gI1_}], conj[USd[{gO2_}]]][PR]... 312 ms
[8/437] calculating Cp[Cha[{gI2_}], Fu[{gI1_}], conj[USd[{gO1_}]]][PL]... 320 ms
[9/437] calculating Cp[Chi[{gI2_}], Fd[{gI1_}], conj[USd[{gO2_}]]][PR]... 333 ms
[10/437] calculating Cp[Chi[{gI2_}], Fd[{gI1_}], conj[USd[{gO1_}]]][PL]... 338 ms
[11/437] calculating Cp[USd[{gO1_}], conj[USd[{gO2_}]], conj[Sd[{gI1_}]], Sd[{gI2_}]]... 1118 ms
[12/437] calculating Cp[USd[{gO1_}], conj[USd[{gO2_}]], conj[Su[{gI1_}]], Su[{gI2_}]]... 534 ms
[13/437] calculating Cp[USd[{gO1_}], Se[{gI1_}], conj[USd[{gO2_}]], conj[Se[{gI2_}]]]... 291 ms
[14/437] calculating Cp[Hpm[{gI2_}], Su[{gI1_}], conj[USd[{gO2_}]]]... 296 ms
[15/437] calculating Cp[Ah[{gI2_}], Sd[{gI1_}], conj[USd[{gO2_}]]]... 313 ms
[16/437] calculating Cp[hh[{gI2_}], Sd[{gI1_}], conj[USd[{gO2_}]]]... 397 ms
[17/437] calculating Cp[Glu, Fd[{gI2_}], conj[USd[{gO2_}]]][PR]... 295 ms
[18/437] calculating Cp[Glu, Fd[{gI2_}], conj[USd[{gO1_}]]][PL]... 311 ms
[19/437] calculating Cp[Sd[{gI2_}], conj[USd[{gO2_}]], VG]... 172 ms
[20/437] calculating Cp[Sd[{gI2_}], conj[USd[{gO2_}]], VP]... 331 ms
[21/437] calculating Cp[Sd[{gI2_}], conj[USd[{gO2_}]], VZ]... 380 ms
[22/437] calculating Cp[Su[{gI2_}], conj[USd[{gO2_}]], VWm]... 164 ms
[23/437] calculating Cp[USv[{gO1_}], conj[USv[{gO2_}]], VZ, VZ]... 200 ms
[24/437] calculating Cp[USv[{gO1_}], conj[USv[{gO2_}]], conj[VWm], VWm]... 205 ms
[25/437] calculating Cp[Hpm[{gI1_}], USv[{gO1_}], conj[Hpm[{gI2_}]], conj[USv[{gO2_}]]]... 256 ms
[26/437] calculating Cp[bar[Cha[{gI1_}]], Fe[{gI2_}], conj[USv[{gO2_}]]][PR]... 314 ms
[27/437] calculating Cp[bar[Cha[{gI1_}]], Fe[{gI2_}], conj[USv[{gO1_}]]][PL]... 315 ms
[28/437] calculating Cp[Se[{gI2_}], conj[Hpm[{gI1_}]], conj[USv[{gO2_}]]]... 263 ms
[29/437] calculating Cp[Ah[{gI1_}], Ah[{gI2_}], USv[{gO1_}], conj[USv[{gO2_}]]]... 346 ms
[30/437] calculating Cp[hh[{gI1_}], hh[{gI2_}], USv[{gO1_}], conj[USv[{gO2_}]]]... 340 ms
[31/437] calculating Cp[Sv[{gI1_}], USv[{gO1_}], conj[Sv[{gI2_}]], conj[USv[{gO2_}]]]... 223 ms
[32/437] calculating Cp[hh[{gI2_}], Sv[{gI1_}], conj[USv[{gO2_}]]]... 297 ms
[33/437] calculating Cp[Chi[{gI2_}], Fv[{gI1_}], conj[USv[{gO2_}]]][PR]... 205 ms
[34/437] calculating Cp[Chi[{gI2_}], Fv[{gI1_}], conj[USv[{gO1_}]]][PL]... 240 ms
[35/437] calculating Cp[Sd[{gI1_}], USv[{gO1_}], conj[Sd[{gI2_}]], conj[USv[{gO2_}]]]... 279 ms
[36/437] calculating Cp[Se[{gI1_}], USv[{gO1_}], conj[Se[{gI2_}]], conj[USv[{gO2_}]]]... 284 ms
[37/437] calculating Cp[Su[{gI1_}], USv[{gO1_}], conj[Su[{gI2_}]], conj[USv[{gO2_}]]]... 267 ms
[38/437] calculating Cp[Sv[{gI2_}], conj[USv[{gO2_}]], VZ]... 167 ms
[39/437] calculating Cp[Se[{gI2_}], conj[USv[{gO2_}]], conj[VWm]]... 170 ms
[40/437] calculating Cp[USu[{gO1_}], conj[USu[{gO2_}]], VZ, VZ]... 291 ms
[41/437] calculating Cp[USu[{gO1_}], conj[USu[{gO2_}]], conj[VWm], VWm]... 227 ms
[42/437] calculating Cp[Hpm[{gI1_}], USu[{gO1_}], conj[Hpm[{gI2_}]], conj[USu[{gO2_}]]]... 294 ms
[43/437] calculating Cp[bar[Cha[{gI1_}]], Fd[{gI2_}], conj[USu[{gO2_}]]][PR]... 320 ms
[44/437] calculating Cp[bar[Cha[{gI1_}]], Fd[{gI2_}], conj[USu[{gO1_}]]][PL]... 334 ms
[45/437] calculating Cp[Sd[{gI2_}], conj[Hpm[{gI1_}]], conj[USu[{gO2_}]]]... 301 ms
[46/437] calculating Cp[Ah[{gI1_}], Ah[{gI2_}], USu[{gO1_}], conj[USu[{gO2_}]]]... 449 ms
[47/437] calculating Cp[hh[{gI1_}], hh[{gI2_}], USu[{gO1_}], conj[USu[{gO2_}]]]... 455 ms
[48/437] calculating Cp[USu[{gO1_}], Sv[{gI1_}], conj[USu[{gO2_}]], conj[Sv[{gI2_}]]]... 238 ms
[49/437] calculating Cp[Chi[{gI2_}], Fu[{gI1_}], conj[USu[{gO2_}]]][PR]... 342 ms
[50/437] calculating Cp[Chi[{gI2_}], Fu[{gI1_}], conj[USu[{gO1_}]]][PL]... 343 ms
[51/437] calculating Cp[Se[{gI1_}], USu[{gO1_}], conj[Se[{gI2_}]], conj[USu[{gO2_}]]]... 270 ms
[52/437] calculating Cp[USu[{gO1_}], conj[USu[{gO2_}]], conj[Sd[{gI1_}]], Sd[{gI2_}]]... 532 ms
[53/437] calculating Cp[USu[{gO1_}], conj[USu[{gO2_}]], conj[Su[{gI1_}]], Su[{gI2_}]]... 958 ms
[54/437] calculating Cp[Ah[{gI2_}], Su[{gI1_}], conj[USu[{gO2_}]]]... 313 ms
[55/437] calculating Cp[hh[{gI2_}], Su[{gI1_}], conj[USu[{gO2_}]]]... 420 ms
[56/437] calculating Cp[Glu, Fu[{gI2_}], conj[USu[{gO2_}]]][PR]... 293 ms
[57/437] calculating Cp[Glu, Fu[{gI2_}], conj[USu[{gO1_}]]][PL]... 296 ms
[58/437] calculating Cp[Sd[{gI2_}], conj[USu[{gO2_}]], conj[VWm]]... 179 ms
[59/437] calculating Cp[Su[{gI2_}], conj[USu[{gO2_}]], VG]... 175 ms
[60/437] calculating Cp[Su[{gI2_}], conj[USu[{gO2_}]], VP]... 348 ms
[61/437] calculating Cp[Su[{gI2_}], conj[USu[{gO2_}]], VZ]... 336 ms
[62/437] calculating Cp[USe[{gO1_}], conj[USe[{gO2_}]], VZ, VZ]... 256 ms
[63/437] calculating Cp[USe[{gO1_}], conj[USe[{gO2_}]], conj[VWm], VWm]... 203 ms
[64/437] calculating Cp[Hpm[{gI1_}], USe[{gO1_}], conj[Hpm[{gI2_}]], conj[USe[{gO2_}]]]... 266 ms
[65/437] calculating Cp[Ah[{gI1_}], Ah[{gI2_}], USe[{gO1_}], conj[USe[{gO2_}]]]... 428 ms
[66/437] calculating Cp[hh[{gI1_}], hh[{gI2_}], USe[{gO1_}], conj[USe[{gO2_}]]]... 402 ms
[67/437] calculating Cp[USe[{gO1_}], Sv[{gI1_}], conj[USe[{gO2_}]], conj[Sv[{gI2_}]]]... 261 ms
[68/437] calculating Cp[Hpm[{gI2_}], Sv[{gI1_}], conj[USe[{gO2_}]]]... 256 ms
[69/437] calculating Cp[Cha[{gI2_}], Fv[{gI1_}], conj[USe[{gO2_}]]][PR]... 197 ms
[70/437] calculating Cp[Cha[{gI2_}], Fv[{gI1_}], conj[USe[{gO1_}]]][PL]... 201 ms
[71/437] calculating Cp[Chi[{gI2_}], Fe[{gI1_}], conj[USe[{gO2_}]]][PR]... 330 ms
[72/437] calculating Cp[Chi[{gI2_}], Fe[{gI1_}], conj[USe[{gO1_}]]][PL]... 342 ms
[73/437] calculating Cp[Sd[{gI1_}], USe[{gO1_}], conj[Sd[{gI2_}]], conj[USe[{gO2_}]]]... 302 ms
[74/437] calculating Cp[Se[{gI1_}], USe[{gO1_}], conj[Se[{gI2_}]], conj[USe[{gO2_}]]]... 406 ms
[75/437] calculating Cp[USe[{gO1_}], Su[{gI1_}], conj[USe[{gO2_}]], conj[Su[{gI2_}]]]... 279 ms
[76/437] calculating Cp[Ah[{gI2_}], Se[{gI1_}], conj[USe[{gO2_}]]]... 298 ms
[77/437] calculating Cp[hh[{gI2_}], Se[{gI1_}], conj[USe[{gO2_}]]]... 384 ms
[78/437] calculating Cp[Sv[{gI2_}], conj[USe[{gO2_}]], VWm]... 172 ms
[79/437] calculating Cp[Se[{gI2_}], conj[USe[{gO2_}]], VP]... 382 ms
[80/437] calculating Cp[Se[{gI2_}], conj[USe[{gO2_}]], VZ]... 395 ms
[81/437] calculating Cp[bar[gWm], gWm, Uhh[{gO1_}]]... 78 ms
[82/437] calculating Cp[bar[gWmC], gWmC, Uhh[{gO1_}]]... 78 ms
[83/437] calculating Cp[bar[gZ], gZ, Uhh[{gO1_}]]... 88 ms
[84/437] calculating Cp[Uhh[{gO2_}], VZ, VZ]... 205 ms
[85/437] calculating Cp[Uhh[{gO2_}], conj[VWm], VWm]... 222 ms
[86/437] calculating Cp[Uhh[{gO1_}], Uhh[{gO2_}], VZ, VZ]... 218 ms
[87/437] calculating Cp[Uhh[{gO1_}], Uhh[{gO2_}], conj[VWm], VWm]... 244 ms
[88/437] calculating Cp[Uhh[{gO1_}], Uhh[{gO2_}], Hpm[{gI1_}], conj[Hpm[{gI2_}]]]... 496 ms
[89/437] calculating Cp[Uhh[{gO2_}], Hpm[{gI2_}], conj[Hpm[{gI1_}]]]... 486 ms
[90/437] calculating Cp[bar[Cha[{gI1_}]], Cha[{gI2_}], Uhh[{gO2_}]][PR]... 349 ms
[91/437] calculating Cp[bar[Cha[{gI1_}]], Cha[{gI2_}], Uhh[{gO1_}]][PL]... 327 ms
[92/437] calculating Cp[Ah[{gI1_}], Ah[{gI2_}], Uhh[{gO1_}], Uhh[{gO2_}]]... 759 ms
[93/437] calculating Cp[hh[{gI1_}], hh[{gI2_}], Uhh[{gO1_}], Uhh[{gO2_}]]... 1147 ms
[94/437] calculating Cp[Uhh[{gO1_}], Uhh[{gO2_}], Sv[{gI1_}], conj[Sv[{gI2_}]]]... 341 ms
[95/437] calculating Cp[Ah[{gI1_}], Ah[{gI2_}], Uhh[{gO2_}]]... 992 ms
[96/437] calculating Cp[Ah[{gI2_}], hh[{gI1_}], Uhh[{gO2_}]]... 970 ms
[97/437] calculating Cp[hh[{gI1_}], hh[{gI2_}], Uhh[{gO2_}]]... 1989 ms
[98/437] calculating Cp[Uhh[{gO2_}], Sv[{gI2_}], conj[Sv[{gI1_}]]]... 258 ms
[99/437] calculating Cp[bar[Fd[{gI1_}]], Fd[{gI2_}], Uhh[{gO2_}]][PR]... 300 ms
[100/437] calculating Cp[bar[Fd[{gI1_}]], Fd[{gI2_}], Uhh[{gO1_}]][PL]... 306 ms
[101/437] calculating Cp[bar[Fe[{gI1_}]], Fe[{gI2_}], Uhh[{gO2_}]][PR]... 315 ms
[102/437] calculating Cp[bar[Fe[{gI1_}]], Fe[{gI2_}], Uhh[{gO1_}]][PL]... 306 ms
[103/437] calculating Cp[bar[Fu[{gI1_}]], Fu[{gI2_}], Uhh[{gO2_}]][PR]... 310 ms
[104/437] calculating Cp[bar[Fu[{gI1_}]], Fu[{gI2_}], Uhh[{gO1_}]][PL]... 302 ms
[105/437] calculating Cp[Chi[{gI1_}], Chi[{gI2_}], Uhh[{gO2_}]][PR]... 527 ms
[106/437] calculating Cp[Chi[{gI1_}], Chi[{gI2_}], Uhh[{gO1_}]][PL]... 360 ms
[107/437] calculating Cp[Uhh[{gO1_}], Uhh[{gO2_}], Sd[{gI1_}], conj[Sd[{gI2_}]]]... 438 ms
[108/437] calculating Cp[Uhh[{gO1_}], Uhh[{gO2_}], Se[{gI1_}], conj[Se[{gI2_}]]]... 409 ms
[109/437] calculating Cp[Uhh[{gO1_}], Uhh[{gO2_}], Su[{gI1_}], conj[Su[{gI2_}]]]... 448 ms
[110/437] calculating Cp[Uhh[{gO2_}], Sd[{gI2_}], conj[Sd[{gI1_}]]]... 399 ms
[111/437] calculating Cp[Uhh[{gO2_}], Se[{gI2_}], conj[Se[{gI1_}]]]... 361 ms
[112/437] calculating Cp[Uhh[{gO2_}], Su[{gI2_}], conj[Su[{gI1_}]]]... 414 ms
[113/437] calculating Cp[Uhh[{gO2_}], Hpm[{gI2_}], conj[VWm]]... 176 ms
[114/437] calculating Cp[Ah[{gI2_}], Uhh[{gO2_}], VZ]... 223 ms
[115/437] calculating Cp[bar[gWm], gWm, UAh[{gO1_}]]... 86 ms
[116/437] calculating Cp[bar[gWmC], gWmC, UAh[{gO1_}]]... 86 ms
[117/437] calculating Cp[UAh[{gO1_}], UAh[{gO2_}], VZ, VZ]... 231 ms
[118/437] calculating Cp[UAh[{gO1_}], UAh[{gO2_}], conj[VWm], VWm]... 250 ms
[119/437] calculating Cp[UAh[{gO1_}], UAh[{gO2_}], Hpm[{gI1_}], conj[Hpm[{gI2_}]]]... 458 ms
[120/437] calculating Cp[UAh[{gO2_}], Hpm[{gI2_}], conj[Hpm[{gI1_}]]]... 358 ms
[121/437] calculating Cp[bar[Cha[{gI1_}]], Cha[{gI2_}], UAh[{gO2_}]][PR]... 355 ms
[122/437] calculating Cp[bar[Cha[{gI1_}]], Cha[{gI2_}], UAh[{gO1_}]][PL]... 330 ms
[123/437] calculating Cp[Ah[{gI1_}], Ah[{gI2_}], UAh[{gO1_}], UAh[{gO2_}]]... 1292 ms
[124/437] calculating Cp[UAh[{gO1_}], UAh[{gO2_}], hh[{gI1_}], hh[{gI2_}]]... 755 ms
[125/437] calculating Cp[UAh[{gO1_}], UAh[{gO2_}], Sv[{gI1_}], conj[Sv[{gI2_}]]]... 344 ms
[126/437] calculating Cp[Ah[{gI1_}], Ah[{gI2_}], UAh[{gO2_}]]... 848 ms
[127/437] calculating Cp[Ah[{gI2_}], UAh[{gO2_}], hh[{gI1_}]]... 938 ms
[128/437] calculating Cp[UAh[{gO2_}], hh[{gI1_}], hh[{gI2_}]]... 582 ms
[129/437] calculating Cp[bar[Fd[{gI1_}]], Fd[{gI2_}], UAh[{gO2_}]][PR]... 312 ms
[130/437] calculating Cp[bar[Fd[{gI1_}]], Fd[{gI2_}], UAh[{gO1_}]][PL]... 303 ms
[131/437] calculating Cp[bar[Fe[{gI1_}]], Fe[{gI2_}], UAh[{gO2_}]][PR]... 295 ms
[132/437] calculating Cp[bar[Fe[{gI1_}]], Fe[{gI2_}], UAh[{gO1_}]][PL]... 300 ms
[133/437] calculating Cp[bar[Fu[{gI1_}]], Fu[{gI2_}], UAh[{gO2_}]][PR]... 304 ms
[134/437] calculating Cp[bar[Fu[{gI1_}]], Fu[{gI2_}], UAh[{gO1_}]][PL]... 318 ms
[135/437] calculating Cp[Chi[{gI1_}], Chi[{gI2_}], UAh[{gO2_}]][PR]... 598 ms
[136/437] calculating Cp[Chi[{gI1_}], Chi[{gI2_}], UAh[{gO1_}]][PL]... 375 ms
[137/437] calculating Cp[UAh[{gO1_}], UAh[{gO2_}], Sd[{gI1_}], conj[Sd[{gI2_}]]]... 437 ms
[138/437] calculating Cp[UAh[{gO1_}], UAh[{gO2_}], Se[{gI1_}], conj[Se[{gI2_}]]]... 435 ms
[139/437] calculating Cp[UAh[{gO1_}], UAh[{gO2_}], Su[{gI1_}], conj[Su[{gI2_}]]]... 448 ms
[140/437] calculating Cp[UAh[{gO2_}], Sd[{gI2_}], conj[Sd[{gI1_}]]]... 317 ms
[141/437] calculating Cp[UAh[{gO2_}], Se[{gI2_}], conj[Se[{gI1_}]]]... 311 ms
[142/437] calculating Cp[UAh[{gO2_}], Su[{gI2_}], conj[Su[{gI1_}]]]... 326 ms
[143/437] calculating Cp[UAh[{gO2_}], Hpm[{gI2_}], conj[VWm]]... 196 ms
[144/437] calculating Cp[UAh[{gO2_}], hh[{gI2_}], VZ]... 227 ms
[145/437] calculating Cp[bar[gWm], gZ, UHpm[{gO2_}]]... 85 ms
[146/437] calculating Cp[bar[gZ], gWm, conj[UHpm[{gO1_}]]]... 85 ms
[147/437] calculating Cp[bar[gWmC], gZ, conj[UHpm[{gO1_}]]]... 77 ms
[148/437] calculating Cp[bar[gZ], gWmC, UHpm[{gO2_}]]... 81 ms
[149/437] calculating Cp[conj[UHpm[{gO2_}]], VP, VWm]... 187 ms
[150/437] calculating Cp[conj[UHpm[{gO2_}]], VWm, VZ]... 187 ms
[151/437] calculating Cp[UHpm[{gO1_}], conj[UHpm[{gO2_}]], VZ, VZ]... 214 ms
[152/437] calculating Cp[UHpm[{gO1_}], conj[UHpm[{gO2_}]], conj[VWm], VWm]... 211 ms
[153/437] calculating Cp[Hpm[{gI1_}], UHpm[{gO1_}], conj[Hpm[{gI2_}]], conj[UHpm[{gO2_}]]]... 304 ms
[154/437] calculating Cp[Ah[{gI2_}], Hpm[{gI1_}], conj[UHpm[{gO2_}]]]... 344 ms
[155/437] calculating Cp[hh[{gI2_}], Hpm[{gI1_}], conj[UHpm[{gO2_}]]]... 466 ms
[156/437] calculating Cp[Ah[{gI1_}], Ah[{gI2_}], UHpm[{gO1_}], conj[UHpm[{gO2_}]]]... 456 ms
[157/437] calculating Cp[hh[{gI1_}], hh[{gI2_}], UHpm[{gO1_}], conj[UHpm[{gO2_}]]]... 481 ms
[158/437] calculating Cp[UHpm[{gO1_}], Sv[{gI1_}], conj[UHpm[{gO2_}]], conj[Sv[{gI2_}]]]... 249 ms
[159/437] calculating Cp[bar[Fu[{gI1_}]], Fd[{gI2_}], conj[UHpm[{gO2_}]]][PR]... 298 ms
[160/437] calculating Cp[bar[Fu[{gI1_}]], Fd[{gI2_}], conj[UHpm[{gO1_}]]][PL]... 298 ms
[161/437] calculating Cp[bar[Fv[{gI1_}]], Fe[{gI2_}], conj[UHpm[{gO2_}]]][PR]... 191 ms
[162/437] calculating Cp[bar[Fv[{gI1_}]], Fe[{gI2_}], conj[UHpm[{gO1_}]]][PL]... 188 ms
[163/437] calculating Cp[Se[{gI2_}], conj[UHpm[{gO2_}]], conj[Sv[{gI1_}]]]... 246 ms
[164/437] calculating Cp[Chi[{gI1_}], Cha[{gI2_}], conj[UHpm[{gO2_}]]][PR]... 364 ms
[165/437] calculating Cp[Chi[{gI1_}], Cha[{gI2_}], conj[UHpm[{gO1_}]]][PL]... 323 ms
[166/437] calculating Cp[UHpm[{gO1_}], Sd[{gI1_}], conj[UHpm[{gO2_}]], conj[Sd[{gI2_}]]]... 290 ms
[167/437] calculating Cp[UHpm[{gO1_}], Se[{gI1_}], conj[UHpm[{gO2_}]], conj[Se[{gI2_}]]]... 267 ms
[168/437] calculating Cp[UHpm[{gO1_}], Su[{gI1_}], conj[UHpm[{gO2_}]], conj[Su[{gI2_}]]]... 296 ms
[169/437] calculating Cp[Sd[{gI2_}], conj[UHpm[{gO2_}]], conj[Su[{gI1_}]]]... 288 ms
[170/437] calculating Cp[Hpm[{gI2_}], conj[UHpm[{gO2_}]], VP]... 201 ms
[171/437] calculating Cp[Hpm[{gI2_}], conj[UHpm[{gO2_}]], VZ]... 205 ms
[172/437] calculating Cp[Ah[{gI2_}], conj[UHpm[{gO2_}]], VWm]... 175 ms
[173/437] calculating Cp[hh[{gI2_}], conj[UHpm[{gO2_}]], VWm]... 179 ms
[174/437] calculating Cp[VG, VG, VG]... 142 ms
[175/437] calculating Cp[bar[gG], gG, VG]... 131 ms
[176/437] calculating Cp[bar[Fd[{gI1_}]], Fd[{gI2_}], VG][PL]... 338 ms
[177/437] calculating Cp[bar[Fd[{gI1_}]], Fd[{gI2_}], VG][PR]... 338 ms
[178/437] calculating Cp[bar[Fu[{gI1_}]], Fu[{gI2_}], VG][PL]... 333 ms
[179/437] calculating Cp[bar[Fu[{gI1_}]], Fu[{gI2_}], VG][PR]... 340 ms
[180/437] calculating Cp[Sd[{gI1_}], conj[Sd[{gI2_}]], VG, VG]... 197 ms
[181/437] calculating Cp[Su[{gI1_}], conj[Su[{gI2_}]], VG, VG]... 195 ms
[182/437] calculating Cp[Sd[{gI2_}], conj[Sd[{gI1_}]], VG]... 177 ms
[183/437] calculating Cp[Su[{gI2_}], conj[Su[{gI1_}]], VG]... 172 ms
[184/437] calculating Cp[Glu, Glu, VG][PL]... 333 ms
[185/437] calculating Cp[Glu, Glu, VG][PR]... 333 ms
[186/437] calculating Cp[VG, VG, VG, VG][1]... 182 ms
[187/437] calculating Cp[VG, VG, VG, VG][2]... 180 ms
[188/437] calculating Cp[VG, VG, VG, VG][3]... 180 ms
[189/437] calculating Cp[bar[gWm], gWm, VP]... 76 ms
[190/437] calculating Cp[bar[gWmC], gWmC, VP]... 77 ms
[191/437] calculating Cp[conj[VWm], VP, VWm]... 177 ms
[192/437] calculating Cp[Hpm[{gI1_}], conj[Hpm[{gI2_}]], VP, VP]... 214 ms
[193/437] calculating Cp[Hpm[{gI2_}], conj[Hpm[{gI1_}]], VP]... 199 ms
[194/437] calculating Cp[bar[Cha[{gI1_}]], Cha[{gI2_}], VP][PL]... 428 ms
[195/437] calculating Cp[bar[Cha[{gI1_}]], Cha[{gI2_}], VP][PR]... 355 ms
[196/437] calculating Cp[bar[Fd[{gI1_}]], Fd[{gI2_}], VP][PL]... 357 ms
[197/437] calculating Cp[bar[Fd[{gI1_}]], Fd[{gI2_}], VP][PR]... 344 ms
[198/437] calculating Cp[bar[Fe[{gI1_}]], Fe[{gI2_}], VP][PL]... 343 ms
[199/437] calculating Cp[bar[Fe[{gI1_}]], Fe[{gI2_}], VP][PR]... 334 ms
[200/437] calculating Cp[bar[Fu[{gI1_}]], Fu[{gI2_}], VP][PL]... 357 ms
[201/437] calculating Cp[bar[Fu[{gI1_}]], Fu[{gI2_}], VP][PR]... 343 ms
[202/437] calculating Cp[Sd[{gI1_}], conj[Sd[{gI2_}]], VP, VP]... 276 ms
[203/437] calculating Cp[Se[{gI1_}], conj[Se[{gI2_}]], VP, VP]... 276 ms
[204/437] calculating Cp[Su[{gI1_}], conj[Su[{gI2_}]], VP, VP]... 264 ms
[205/437] calculating Cp[Sd[{gI2_}], conj[Sd[{gI1_}]], VP]... 321 ms
[206/437] calculating Cp[Se[{gI2_}], conj[Se[{gI1_}]], VP]... 364 ms
[207/437] calculating Cp[Su[{gI2_}], conj[Su[{gI1_}]], VP]... 335 ms
[208/437] calculating Cp[Hpm[{gI2_}], conj[VWm], VP]... 190 ms
[209/437] calculating Cp[conj[VWm], VP, VP, VWm][1]... 280 ms
[210/437] calculating Cp[conj[VWm], VP, VP, VWm][2]... 278 ms
[211/437] calculating Cp[conj[VWm], VP, VP, VWm][3]... 278 ms
[212/437] calculating Cp[bar[gWm], gWm, VZ]... 77 ms
[213/437] calculating Cp[bar[gWmC], gWmC, VZ]... 75 ms
[214/437] calculating Cp[conj[VWm], VWm, VZ]... 176 ms
[215/437] calculating Cp[Hpm[{gI1_}], conj[Hpm[{gI2_}]], VZ, VZ]... 193 ms
[216/437] calculating Cp[Hpm[{gI2_}], conj[Hpm[{gI1_}]], VZ]... 209 ms
[217/437] calculating Cp[bar[Cha[{gI1_}]], Cha[{gI2_}], VZ][PL]... 431 ms
[218/437] calculating Cp[bar[Cha[{gI1_}]], Cha[{gI2_}], VZ][PR]... 407 ms
[219/437] calculating Cp[Ah[{gI1_}], Ah[{gI2_}], VZ, VZ]... 240 ms
[220/437] calculating Cp[hh[{gI1_}], hh[{gI2_}], VZ, VZ]... 231 ms
[221/437] calculating Cp[Sv[{gI1_}], conj[Sv[{gI2_}]], VZ, VZ]... 200 ms
[222/437] calculating Cp[Ah[{gI2_}], hh[{gI1_}], VZ]... 225 ms
[223/437] calculating Cp[Sv[{gI2_}], conj[Sv[{gI1_}]], VZ]... 164 ms
[224/437] calculating Cp[bar[Fd[{gI1_}]], Fd[{gI2_}], VZ][PL]... 347 ms
[225/437] calculating Cp[bar[Fd[{gI1_}]], Fd[{gI2_}], VZ][PR]... 338 ms
[226/437] calculating Cp[bar[Fe[{gI1_}]], Fe[{gI2_}], VZ][PL]... 346 ms
[227/437] calculating Cp[bar[Fe[{gI1_}]], Fe[{gI2_}], VZ][PR]... 337 ms
[228/437] calculating Cp[bar[Fu[{gI1_}]], Fu[{gI2_}], VZ][PL]... 347 ms
[229/437] calculating Cp[bar[Fu[{gI1_}]], Fu[{gI2_}], VZ][PR]... 342 ms
[230/437] calculating Cp[bar[Fv[{gI1_}]], Fv[{gI2_}], VZ][PL]... 237 ms
[231/437] calculating Cp[bar[Fv[{gI1_}]], Fv[{gI2_}], VZ][PR]... 238 ms
[232/437] calculating Cp[Chi[{gI1_}], Chi[{gI2_}], VZ][PL]... 388 ms
[233/437] calculating Cp[Chi[{gI1_}], Chi[{gI2_}], VZ][PR]... 375 ms
[234/437] calculating Cp[Sd[{gI1_}], conj[Sd[{gI2_}]], VZ, VZ]... 273 ms
[235/437] calculating Cp[Se[{gI1_}], conj[Se[{gI2_}]], VZ, VZ]... 262 ms
[236/437] calculating Cp[Su[{gI1_}], conj[Su[{gI2_}]], VZ, VZ]... 279 ms
[237/437] calculating Cp[Sd[{gI2_}], conj[Sd[{gI1_}]], VZ]... 383 ms
[238/437] calculating Cp[Se[{gI2_}], conj[Se[{gI1_}]], VZ]... 398 ms
[239/437] calculating Cp[Su[{gI2_}], conj[Su[{gI1_}]], VZ]... 332 ms
[240/437] calculating Cp[Hpm[{gI2_}], conj[VWm], VZ]... 191 ms
[241/437] calculating Cp[hh[{gI2_}], VZ, VZ]... 199 ms
[242/437] calculating Cp[conj[VWm], VWm, VZ, VZ][1]... 281 ms
[243/437] calculating Cp[conj[VWm], VWm, VZ, VZ][2]... 281 ms
[244/437] calculating Cp[conj[VWm], VWm, VZ, VZ][3]... 278 ms
[245/437] calculating Cp[bar[gP], gWm, conj[VWm]]... 76 ms
[246/437] calculating Cp[bar[gWmC], gP, conj[VWm]]... 78 ms
[247/437] calculating Cp[bar[gWmC], gZ, conj[VWm]]... 77 ms
[248/437] calculating Cp[bar[gZ], gWm, conj[VWm]]... 75 ms
[249/437] calculating Cp[Hpm[{gI1_}], conj[Hpm[{gI2_}]], conj[VWm], VWm]... 211 ms
[250/437] calculating Cp[Ah[{gI2_}], Hpm[{gI1_}], conj[VWm]]... 175 ms
[251/437] calculating Cp[hh[{gI2_}], Hpm[{gI1_}], conj[VWm]]... 183 ms
[252/437] calculating Cp[Ah[{gI1_}], Ah[{gI2_}], conj[VWm], VWm]... 242 ms
[253/437] calculating Cp[hh[{gI1_}], hh[{gI2_}], conj[VWm], VWm]... 251 ms
[254/437] calculating Cp[Sv[{gI1_}], conj[Sv[{gI2_}]], conj[VWm], VWm]... 202 ms
[255/437] calculating Cp[bar[Fu[{gI1_}]], Fd[{gI2_}], conj[VWm]][PL]... 337 ms
[256/437] calculating Cp[bar[Fu[{gI1_}]], Fd[{gI2_}], conj[VWm]][PR]... 336 ms
[257/437] calculating Cp[bar[Fv[{gI1_}]], Fe[{gI2_}], conj[VWm]][PL]... 231 ms
[258/437] calculating Cp[bar[Fv[{gI1_}]], Fe[{gI2_}], conj[VWm]][PR]... 233 ms
[259/437] calculating Cp[Se[{gI2_}], conj[Sv[{gI1_}]], conj[VWm]]... 163 ms
[260/437] calculating Cp[Chi[{gI1_}], Cha[{gI2_}], conj[VWm]][PL]... 368 ms
[261/437] calculating Cp[Chi[{gI1_}], Cha[{gI2_}], conj[VWm]][PR]... 368 ms
[262/437] calculating Cp[Sd[{gI1_}], conj[Sd[{gI2_}]], conj[VWm], VWm]... 221 ms
[263/437] calculating Cp[Se[{gI1_}], conj[Se[{gI2_}]], conj[VWm], VWm]... 203 ms
[264/437] calculating Cp[Su[{gI1_}], conj[Su[{gI2_}]], conj[VWm], VWm]... 218 ms
[265/437] calculating Cp[Sd[{gI2_}], conj[Su[{gI1_}]], conj[VWm]]... 169 ms
[266/437] calculating Cp[hh[{gI2_}], conj[VWm], VWm]... 220 ms
[267/437] calculating Cp[conj[VWm], conj[VWm], VWm, VWm][1]... 325 ms
[268/437] calculating Cp[conj[VWm], conj[VWm], VWm, VWm][2]... 325 ms
[269/437] calculating Cp[conj[VWm], conj[VWm], VWm, VWm][3]... 327 ms
[270/437] calculating Cp[bar[Cha[{gI1_}]], UChi[{gO2_}], Hpm[{gI2_}]][PL]... 358 ms
[271/437] calculating Cp[bar[Cha[{gI1_}]], UChi[{gO1_}], Hpm[{gI2_}]][PR]... 317 ms
[272/437] calculating Cp[UChi[{gO2_}], Cha[{gI2_}], conj[Hpm[{gI1_}]]][PL]... 362 ms
[273/437] calculating Cp[UChi[{gO1_}], Cha[{gI2_}], conj[Hpm[{gI1_}]]][PR]... 326 ms
[274/437] calculating Cp[bar[Cha[{gI1_}]], UChi[{gO2_}], VWm][PL]... 456 ms
[275/437] calculating Cp[bar[Cha[{gI1_}]], UChi[{gO1_}], VWm][PR]... 422 ms
[276/437] calculating Cp[bar[Fv[{gI1_}]], UChi[{gO2_}], Sv[{gI2_}]][PL]... 237 ms
[277/437] calculating Cp[bar[Fv[{gI1_}]], UChi[{gO1_}], Sv[{gI2_}]][PR]... 193 ms
[278/437] calculating Cp[UChi[{gO2_}], Fv[{gI2_}], conj[Sv[{gI1_}]]][PL]... 203 ms
[279/437] calculating Cp[UChi[{gO1_}], Fv[{gI2_}], conj[Sv[{gI1_}]]][PR]... 203 ms
[280/437] calculating Cp[Chi[{gI2_}], UChi[{gO2_}], hh[{gI1_}]][PL]... 443 ms
[281/437] calculating Cp[Chi[{gI2_}], UChi[{gO1_}], hh[{gI1_}]][PR]... 365 ms
[282/437] calculating Cp[bar[Fd[{gI1_}]], UChi[{gO2_}], Sd[{gI2_}]][PL]... 320 ms
[283/437] calculating Cp[bar[Fd[{gI1_}]], UChi[{gO1_}], Sd[{gI2_}]][PR]... 319 ms
[284/437] calculating Cp[bar[Fe[{gI1_}]], UChi[{gO2_}], Se[{gI2_}]][PL]... 314 ms
[285/437] calculating Cp[bar[Fe[{gI1_}]], UChi[{gO1_}], Se[{gI2_}]][PR]... 308 ms
[286/437] calculating Cp[bar[Fu[{gI1_}]], UChi[{gO2_}], Su[{gI2_}]][PL]... 316 ms
[287/437] calculating Cp[bar[Fu[{gI1_}]], UChi[{gO1_}], Su[{gI2_}]][PR]... 323 ms
[288/437] calculating Cp[Chi[{gI1_}], UChi[{gO2_}], Ah[{gI2_}]][PL]... 535 ms
[289/437] calculating Cp[Chi[{gI1_}], UChi[{gO1_}], Ah[{gI2_}]][PR]... 375 ms
[290/437] calculating Cp[UChi[{gO2_}], Fd[{gI2_}], conj[Sd[{gI1_}]]][PL]... 332 ms
[291/437] calculating Cp[UChi[{gO1_}], Fd[{gI2_}], conj[Sd[{gI1_}]]][PR]... 331 ms
[292/437] calculating Cp[UChi[{gO2_}], Fe[{gI2_}], conj[Se[{gI1_}]]][PL]... 330 ms
[293/437] calculating Cp[UChi[{gO1_}], Fe[{gI2_}], conj[Se[{gI1_}]]][PR]... 329 ms
[294/437] calculating Cp[UChi[{gO2_}], Fu[{gI2_}], conj[Su[{gI1_}]]][PL]... 332 ms
[295/437] calculating Cp[UChi[{gO1_}], Fu[{gI2_}], conj[Su[{gI1_}]]][PR]... 329 ms
[296/437] calculating Cp[UChi[{gO2_}], Cha[{gI2_}], conj[VWm]][PR]... 377 ms
[297/437] calculating Cp[UChi[{gO1_}], Cha[{gI2_}], conj[VWm]][PL]... 369 ms
[298/437] calculating Cp[Chi[{gI2_}], UChi[{gO2_}], VZ][PL]... 386 ms
[299/437] calculating Cp[Chi[{gI2_}], UChi[{gO1_}], VZ][PR]... 374 ms
[300/437] calculating Cp[bar[UCha[{gO2_}]], Cha[{gI1_}], Ah[{gI2_}]][PL]... 341 ms
[301/437] calculating Cp[bar[UCha[{gO1_}]], Cha[{gI1_}], Ah[{gI2_}]][PR]... 324 ms
[302/437] calculating Cp[bar[UCha[{gO2_}]], Chi[{gI2_}], Hpm[{gI1_}]][PL]... 355 ms
[303/437] calculating Cp[bar[UCha[{gO1_}]], Chi[{gI2_}], Hpm[{gI1_}]][PR]... 318 ms
[304/437] calculating Cp[bar[UCha[{gO2_}]], Cha[{gI2_}], hh[{gI1_}]][PL]... 345 ms
[305/437] calculating Cp[bar[UCha[{gO1_}]], Cha[{gI2_}], hh[{gI1_}]][PR]... 317 ms
[306/437] calculating Cp[bar[UCha[{gO2_}]], Fe[{gI2_}], conj[Sv[{gI1_}]]][PL]... 307 ms
[307/437] calculating Cp[bar[UCha[{gO1_}]], Fe[{gI2_}], conj[Sv[{gI1_}]]][PR]... 314 ms
[308/437] calculating Cp[bar[UCha[{gO2_}]], bar[Fu[{gI1_}]], Sd[{gI2_}]][PL]... 308 ms
[309/437] calculating Cp[bar[UCha[{gO1_}]], bar[Fu[{gI1_}]], Sd[{gI2_}]][PR]... 312 ms
[310/437] calculating Cp[bar[UCha[{gO2_}]], bar[Fv[{gI1_}]], Se[{gI2_}]][PL]... 197 ms
[311/437] calculating Cp[bar[UCha[{gO1_}]], bar[Fv[{gI1_}]], Se[{gI2_}]][PR]... 200 ms
[312/437] calculating Cp[bar[UCha[{gO2_}]], Fd[{gI2_}], conj[Su[{gI1_}]]][PL]... 310 ms
[313/437] calculating Cp[bar[UCha[{gO1_}]], Fd[{gI2_}], conj[Su[{gI1_}]]][PR]... 312 ms
[314/437] calculating Cp[bar[UCha[{gO2_}]], Cha[{gI2_}], VP][PR]... 449 ms
[315/437] calculating Cp[bar[UCha[{gO1_}]], Cha[{gI2_}], VP][PL]... 370 ms
[316/437] calculating Cp[bar[UCha[{gO2_}]], Cha[{gI2_}], VZ][PR]... 434 ms
[317/437] calculating Cp[bar[UCha[{gO1_}]], Cha[{gI2_}], VZ][PL]... 363 ms
[318/437] calculating Cp[bar[UCha[{gO2_}]], Chi[{gI2_}], VWm][PR]... 426 ms
[319/437] calculating Cp[bar[UCha[{gO1_}]], Chi[{gI2_}], VWm][PL]... 365 ms
[320/437] calculating Cp[bar[UFe[{gO2_}]], Fv[{gI2_}], Hpm[{gI1_}]][PL]... 191 ms
[321/437] calculating Cp[bar[UFe[{gO1_}]], Fv[{gI2_}], Hpm[{gI1_}]][PR]... 191 ms
[322/437] calculating Cp[bar[UFe[{gO2_}]], Cha[{gI2_}], Sv[{gI1_}]][PL]... 292 ms
[323/437] calculating Cp[bar[UFe[{gO1_}]], Cha[{gI2_}], Sv[{gI1_}]][PR]... 291 ms
[324/437] calculating Cp[bar[UFe[{gO2_}]], Fe[{gI1_}], Ah[{gI2_}]][PL]... 294 ms
[325/437] calculating Cp[bar[UFe[{gO1_}]], Fe[{gI1_}], Ah[{gI2_}]][PR]... 290 ms
[326/437] calculating Cp[bar[UFe[{gO2_}]], Fe[{gI2_}], hh[{gI1_}]][PL]... 299 ms
[327/437] calculating Cp[bar[UFe[{gO1_}]], Fe[{gI2_}], hh[{gI1_}]][PR]... 299 ms
[328/437] calculating Cp[bar[UFe[{gO2_}]], Chi[{gI2_}], Se[{gI1_}]][PL]... 311 ms
[329/437] calculating Cp[bar[UFe[{gO1_}]], Chi[{gI2_}], Se[{gI1_}]][PR]... 314 ms
[330/437] calculating Cp[bar[UFe[{gO2_}]], Fe[{gI2_}], VP][PR]... 341 ms
[331/437] calculating Cp[bar[UFe[{gO1_}]], Fe[{gI2_}], VP][PL]... 340 ms
[332/437] calculating Cp[bar[UFe[{gO2_}]], Fe[{gI2_}], VZ][PR]... 340 ms
[333/437] calculating Cp[bar[UFe[{gO1_}]], Fe[{gI2_}], VZ][PL]... 336 ms
[334/437] calculating Cp[bar[UFe[{gO2_}]], Fv[{gI2_}], VWm][PR]... 231 ms
[335/437] calculating Cp[bar[UFe[{gO1_}]], Fv[{gI2_}], VWm][PL]... 232 ms
[336/437] calculating Cp[bar[UFd[{gO2_}]], Fu[{gI2_}], Hpm[{gI1_}]][PL]... 310 ms
[337/437] calculating Cp[bar[UFd[{gO1_}]], Fu[{gI2_}], Hpm[{gI1_}]][PR]... 293 ms
[338/437] calculating Cp[bar[UFd[{gO2_}]], Fd[{gI1_}], Ah[{gI2_}]][PL]... 295 ms
[339/437] calculating Cp[bar[UFd[{gO1_}]], Fd[{gI1_}], Ah[{gI2_}]][PR]... 326 ms
[340/437] calculating Cp[bar[UFd[{gO2_}]], Fd[{gI2_}], hh[{gI1_}]][PL]... 305 ms
[341/437] calculating Cp[bar[UFd[{gO1_}]], Fd[{gI2_}], hh[{gI1_}]][PR]... 295 ms
[342/437] calculating Cp[bar[UFd[{gO2_}]], Cha[{gI2_}], Su[{gI1_}]][PL]... 298 ms
[343/437] calculating Cp[bar[UFd[{gO1_}]], Cha[{gI2_}], Su[{gI1_}]][PR]... 302 ms
[344/437] calculating Cp[bar[UFd[{gO2_}]], Chi[{gI2_}], Sd[{gI1_}]][PL]... 314 ms
[345/437] calculating Cp[bar[UFd[{gO1_}]], Chi[{gI2_}], Sd[{gI1_}]][PR]... 320 ms
[346/437] calculating Cp[bar[UFd[{gO2_}]], Glu, Sd[{gI1_}]][PL]... 299 ms
[347/437] calculating Cp[bar[UFd[{gO1_}]], Glu, Sd[{gI1_}]][PR]... 310 ms
[348/437] calculating Cp[bar[UFd[{gO2_}]], Fd[{gI2_}], VG][PR]... 354 ms
[349/437] calculating Cp[bar[UFd[{gO1_}]], Fd[{gI2_}], VG][PL]... 348 ms
[350/437] calculating Cp[bar[UFd[{gO2_}]], Fd[{gI2_}], VP][PR]... 366 ms
[351/437] calculating Cp[bar[UFd[{gO1_}]], Fd[{gI2_}], VP][PL]... 345 ms
[352/437] calculating Cp[bar[UFd[{gO2_}]], Fd[{gI2_}], VZ][PR]... 347 ms
[353/437] calculating Cp[bar[UFd[{gO1_}]], Fd[{gI2_}], VZ][PL]... 336 ms
[354/437] calculating Cp[bar[UFd[{gO2_}]], Fu[{gI2_}], VWm][PR]... 341 ms
[355/437] calculating Cp[bar[UFd[{gO1_}]], Fu[{gI2_}], VWm][PL]... 369 ms
[356/437] calculating Cp[bar[UFu[{gO2_}]], Fd[{gI2_}], conj[Hpm[{gI1_}]]][PL]... 300 ms
[357/437] calculating Cp[bar[UFu[{gO1_}]], Fd[{gI2_}], conj[Hpm[{gI1_}]]][PR]... 288 ms
[358/437] calculating Cp[bar[Cha[{gI1_}]], bar[UFu[{gO2_}]], Sd[{gI2_}]][PL]... 314 ms
[359/437] calculating Cp[bar[Cha[{gI1_}]], bar[UFu[{gO1_}]], Sd[{gI2_}]][PR]... 310 ms
[360/437] calculating Cp[bar[UFu[{gO2_}]], Fu[{gI1_}], Ah[{gI2_}]][PL]... 302 ms
[361/437] calculating Cp[bar[UFu[{gO1_}]], Fu[{gI1_}], Ah[{gI2_}]][PR]... 312 ms
[362/437] calculating Cp[bar[UFu[{gO2_}]], Fu[{gI2_}], hh[{gI1_}]][PL]... 325 ms
[363/437] calculating Cp[bar[UFu[{gO1_}]], Fu[{gI2_}], hh[{gI1_}]][PR]... 298 ms
[364/437] calculating Cp[bar[UFu[{gO2_}]], Chi[{gI2_}], Su[{gI1_}]][PL]... 319 ms
[365/437] calculating Cp[bar[UFu[{gO1_}]], Chi[{gI2_}], Su[{gI1_}]][PR]... 319 ms
[366/437] calculating Cp[bar[UFu[{gO2_}]], Glu, Su[{gI1_}]][PL]... 293 ms
[367/437] calculating Cp[bar[UFu[{gO1_}]], Glu, Su[{gI1_}]][PR]... 306 ms
[368/437] calculating Cp[bar[UFu[{gO2_}]], Fd[{gI2_}], conj[VWm]][PR]... 339 ms
[369/437] calculating Cp[bar[UFu[{gO1_}]], Fd[{gI2_}], conj[VWm]][PL]... 391 ms
[370/437] calculating Cp[bar[UFu[{gO2_}]], Fu[{gI2_}], VG][PR]... 340 ms
[371/437] calculating Cp[bar[UFu[{gO1_}]], Fu[{gI2_}], VG][PL]... 338 ms
[372/437] calculating Cp[bar[UFu[{gO2_}]], Fu[{gI2_}], VP][PR]... 345 ms
[373/437] calculating Cp[bar[UFu[{gO1_}]], Fu[{gI2_}], VP][PL]... 338 ms
[374/437] calculating Cp[bar[UFu[{gO2_}]], Fu[{gI2_}], VZ][PR]... 343 ms
[375/437] calculating Cp[bar[UFu[{gO1_}]], Fu[{gI2_}], VZ][PL]... 338 ms
[376/437] calculating Cp[bar[Fd[{gI1_}]], Glu, Sd[{gI2_}]][PL]... 295 ms
[377/437] calculating Cp[bar[Fd[{gI1_}]], Glu, Sd[{gI2_}]][PR]... 290 ms
[378/437] calculating Cp[bar[Fu[{gI1_}]], Glu, Su[{gI2_}]][PL]... 292 ms
[379/437] calculating Cp[bar[Fu[{gI1_}]], Glu, Su[{gI2_}]][PR]... 291 ms
[380/437] calculating Cp[Glu, Fd[{gI2_}], conj[Sd[{gI1_}]]][PL]... 290 ms
[381/437] calculating Cp[Glu, Fd[{gI2_}], conj[Sd[{gI1_}]]][PR]... 291 ms
[382/437] calculating Cp[Glu, Fu[{gI2_}], conj[Su[{gI1_}]]][PL]... 298 ms
[383/437] calculating Cp[Glu, Fu[{gI2_}], conj[Su[{gI1_}]]][PR]... 292 ms
[384/437] calculating Cp[bar[Fv[{gO2_}]], Fe[{gI2_}], conj[Hpm[{gI1_}]]][PL]... 184 ms
[385/437] calculating Cp[bar[Fv[{gO1_}]], Fe[{gI2_}], conj[Hpm[{gI1_}]]][PR]... 187 ms
[386/437] calculating Cp[bar[Cha[{gI1_}]], bar[Fv[{gO2_}]], Se[{gI2_}]][PL]... 195 ms
[387/437] calculating Cp[bar[Cha[{gI1_}]], bar[Fv[{gO1_}]], Se[{gI2_}]][PR]... 194 ms
[388/437] calculating Cp[bar[Fv[{gO2_}]], Chi[{gI2_}], Sv[{gI1_}]][PL]... 194 ms
[389/437] calculating Cp[bar[Fv[{gO1_}]], Chi[{gI2_}], Sv[{gI1_}]][PR]... 190 ms
[390/437] calculating Cp[bar[Fe[{gO2_}]], Fv[{gI2_}], Hpm[{gI1_}]][PL]... 188 ms
[391/437] calculating Cp[bar[Fe[{gO1_}]], Fv[{gI2_}], Hpm[{gI1_}]][PR]... 188 ms
[392/437] calculating Cp[bar[Fe[{gO2_}]], Cha[{gI2_}], Sv[{gI1_}]][PL]... 296 ms
[393/437] calculating Cp[bar[Fe[{gO1_}]], Cha[{gI2_}], Sv[{gI1_}]][PR]... 288 ms
[394/437] calculating Cp[bar[Fe[{gO2_}]], Fe[{gI1_}], Ah[{gI2_}]][PL]... 295 ms
[395/437] calculating Cp[bar[Fe[{gO1_}]], Fe[{gI1_}], Ah[{gI2_}]][PR]... 294 ms
[396/437] calculating Cp[bar[Fe[{gO2_}]], Fe[{gI2_}], hh[{gI1_}]][PL]... 294 ms
[397/437] calculating Cp[bar[Fe[{gO1_}]], Fe[{gI2_}], hh[{gI1_}]][PR]... 292 ms
[398/437] calculating Cp[bar[Fe[{gO2_}]], Chi[{gI2_}], Se[{gI1_}]][PL]... 313 ms
[399/437] calculating Cp[bar[Fe[{gO1_}]], Chi[{gI2_}], Se[{gI1_}]][PR]... 321 ms
[400/437] calculating Cp[bar[Fe[{gO2_}]], Fv[{gI2_}], VWm][PR]... 263 ms
[401/437] calculating Cp[bar[Fe[{gO1_}]], Fv[{gI2_}], VWm][PL]... 232 ms
[402/437] calculating Cp[bar[Fd[{gO2_}]], Fu[{gI2_}], Hpm[{gI1_}]][PL]... 312 ms
[403/437] calculating Cp[bar[Fd[{gO1_}]], Fu[{gI2_}], Hpm[{gI1_}]][PR]... 296 ms
[404/437] calculating Cp[bar[Fd[{gO2_}]], Fd[{gI1_}], Ah[{gI2_}]][PL]... 295 ms
[405/437] calculating Cp[bar[Fd[{gO1_}]], Fd[{gI1_}], Ah[{gI2_}]][PR]... 316 ms
[406/437] calculating Cp[bar[Fd[{gO2_}]], Fd[{gI2_}], hh[{gI1_}]][PL]... 300 ms
[407/437] calculating Cp[bar[Fd[{gO1_}]], Fd[{gI2_}], hh[{gI1_}]][PR]... 301 ms
[408/437] calculating Cp[bar[Fd[{gO2_}]], Cha[{gI2_}], Su[{gI1_}]][PL]... 301 ms
[409/437] calculating Cp[bar[Fd[{gO1_}]], Cha[{gI2_}], Su[{gI1_}]][PR]... 302 ms
[410/437] calculating Cp[bar[Fd[{gO2_}]], Chi[{gI2_}], Sd[{gI1_}]][PL]... 321 ms
[411/437] calculating Cp[bar[Fd[{gO1_}]], Chi[{gI2_}], Sd[{gI1_}]][PR]... 317 ms
[412/437] calculating Cp[bar[Fd[{gO2_}]], Fu[{gI2_}], VWm][PR]... 339 ms
[413/437] calculating Cp[bar[Fd[{gO1_}]], Fu[{gI2_}], VWm][PL]... 340 ms
[414/437] calculating Cp[bar[Fu[{gO2_}]], Fd[{gI2_}], conj[Hpm[{gI1_}]]][PL]... 293 ms
[415/437] calculating Cp[bar[Fu[{gO1_}]], Fd[{gI2_}], conj[Hpm[{gI1_}]]][PR]... 296 ms
[416/437] calculating Cp[bar[Cha[{gI1_}]], bar[Fu[{gO2_}]], Sd[{gI2_}]][PL]... 385 ms
[417/437] calculating Cp[bar[Cha[{gI1_}]], bar[Fu[{gO1_}]], Sd[{gI2_}]][PR]... 426 ms
[418/437] calculating Cp[bar[Fu[{gO2_}]], Fu[{gI1_}], Ah[{gI2_}]][PL]... 400 ms
[419/437] calculating Cp[bar[Fu[{gO1_}]], Fu[{gI1_}], Ah[{gI2_}]][PR]... 293 ms
[420/437] calculating Cp[bar[Fu[{gO2_}]], Fu[{gI2_}], hh[{gI1_}]][PL]... 295 ms
[421/437] calculating Cp[bar[Fu[{gO1_}]], Fu[{gI2_}], hh[{gI1_}]][PR]... 293 ms
[422/437] calculating Cp[bar[Fu[{gO2_}]], Chi[{gI2_}], Su[{gI1_}]][PL]... 311 ms
[423/437] calculating Cp[bar[Fu[{gO1_}]], Chi[{gI2_}], Su[{gI1_}]][PR]... 310 ms
[424/437] calculating Cp[hh[{gt1_}], Sd[{gt2_}], conj[Sd[{gt3_}]]]... 393 ms
[425/437] calculating Cp[hh[{gt1_}], Su[{gt2_}], conj[Su[{gt3_}]]]... 413 ms
[426/437] calculating Cp[hh[{gt1_}], Se[{gt2_}], conj[Se[{gt3_}]]]... 353 ms
[427/437] calculating Cp[hh[{gt1_}], Hpm[{gt2_}], conj[Hpm[{gt3_}]]]... 475 ms
[428/437] calculating Cp[bar[Cha[{gt3_}]], Cha[{gt1_}], hh[{gt2_}]][PL]... 343 ms
[429/437] calculating Cp[Ah[{gt1_}], Sd[{gt2_}], conj[Sd[{gt3_}]]]... 318 ms
[430/437] calculating Cp[Ah[{gt1_}], Su[{gt2_}], conj[Su[{gt3_}]]]... 319 ms
[431/437] calculating Cp[Ah[{gt1_}], Se[{gt2_}], conj[Se[{gt3_}]]]... 318 ms
[432/437] calculating Cp[Ah[{gt1_}], Hpm[{gt2_}], conj[Hpm[{gt3_}]]]... 364 ms
[433/437] calculating Cp[bar[Cha[{gt3_}]], Cha[{gt2_}], Ah[{gt1_}]][PL]... 336 ms
[434/437] calculating Cp[Cha[{gI1_}], Fv[{gO1_}], conj[Se[{gI2_}]]][PL]... 201 ms
[435/437] calculating Cp[Chi[{gI1_}], Fv[{gO1_}], conj[Sv[{gI2_}]]][PL]... 203 ms
[436/437] calculating Cp[bar[Cha[{gI1_}]], Fe[{gO1_}], conj[Sv[{gI2_}]]][PL]... 313 ms
[437/437] calculating Cp[Chi[{gI1_}], Fe[{gO1_}], conj[Se[{gI2_}]]][PL]... 343 ms

----------------------------------------------------------------------
Creating model
----------------------------------------------------------------------
Creating class for model ...
Converting vertex functions ...
[                                                  ] 1/423[                                                  ] 2/423[                                                  ] 3/423[                                                  ] 4/423[.                                                 ] 5/423[.                                                 ] 6/423[.                                                 ] 7/423[.                                                 ] 8/423[.                                                 ] 9/423[.                                                 ] 10/423[.                                                 ] 11/423[.                                                 ] 12/423[..                                                ] 13/423[..                                                ] 14/423[..                                                ] 15/423[..                                                ] 16/423[..                                                ] 17/423[..                                                ] 18/423[..                                                ] 19/423[..                                                ] 20/423[..                                                ] 21/423[...                                               ] 22/423[...                                               ] 23/423[...                                               ] 24/423[...                                               ] 25/423[...                                               ] 26/423[...                                               ] 27/423[...                                               ] 28/423[...                                               ] 29/423[....                                              ] 30/423[....                                              ] 31/423[....                                              ] 32/423[....                                              ] 33/423[....                                              ] 34/423[....                                              ] 35/423[....                                              ] 36/423[....                                              ] 37/423[....                                              ] 38/423[.....                                             ] 39/423[.....                                             ] 40/423[.....                                             ] 41/423[.....                                             ] 42/423[.....                                             ] 43/423[.....                                             ] 44/423[.....                                             ] 45/423[.....                                             ] 46/423[......                                            ] 47/423[......                                            ] 48/423[......                                            ] 49/423[......                                            ] 50/423[......                                            ] 51/423[......                                            ] 52/423[......                                            ] 53/423[......                                            ] 54/423[.......                                           ] 55/423[.......                                           ] 56/423[.......                                           ] 57/423[.......                                           ] 58/423[.......                                           ] 59/423[.......                                           ] 60/423[.......                                           ] 61/423[.......                                           ] 62/423[.......                                           ] 63/423[........                                          ] 64/423[........                                          ] 65/423[........                                          ] 66/423[........                                          ] 67/423[........                                          ] 68/423[........                                          ] 69/423[........                                          ] 70/423[........                                          ] 71/423[.........                                         ] 72/423[.........                                         ] 73/423[.........                                         ] 74/423[.........                                         ] 75/423[.........                                         ] 76/423[.........                                         ] 77/423[.........                                         ] 78/423[.........                                         ] 79/423[.........                                         ] 80/423[..........                                        ] 81/423[..........                                        ] 82/423[..........                                        ] 83/423[..........                                        ] 84/423[..........                                        ] 85/423[..........                                        ] 86/423[..........                                        ] 87/423[..........                                        ] 88/423[...........                                       ] 89/423[...........                                       ] 90/423[...........                                       ] 91/423[...........                                       ] 92/423[...........                                       ] 93/423[...........                                       ] 94/423[...........                                       ] 95/423[...........                                       ] 96/423[...........                                       ] 97/423[............                                      ] 98/423[............                                      ] 99/423[............                                      ] 100/423[............                                      ] 101/423[............                                      ] 102/423[............                                      ] 103/423[............                                      ] 104/423[............                                      ] 105/423[.............                                     ] 106/423[.............                                     ] 107/423[.............                                     ] 108/423[.............                                     ] 109/423[.............                                     ] 110/423[.............                                     ] 111/423[.............                                     ] 112/423[.............                                     ] 113/423[.............                                     ] 114/423[..............                                    ] 115/423[..............                                    ] 116/423[..............                                    ] 117/423[..............                                    ] 118/423[..............                                    ] 119/423[..............                                    ] 120/423[..............                                    ] 121/423[..............                                    ] 122/423[...............                                   ] 123/423[...............                                   ] 124/423[...............                                   ] 125/423[...............                                   ] 126/423[...............                                   ] 127/423[...............                                   ] 128/423[...............                                   ] 129/423[...............                                   ] 130/423[...............                                   ] 131/423[................                                  ] 132/423[................                                  ] 133/423[................                                  ] 134/423[................                                  ] 135/423[................                                  ] 136/423[................                                  ] 137/423[................                                  ] 138/423[................                                  ] 139/423[.................                                 ] 140/423[.................                                 ] 141/423[.................                                 ] 142/423[.................                                 ] 143/423[.................                                 ] 144/423[.................                                 ] 145/423[.................                                 ] 146/423[.................                                 ] 147/423[.................                                 ] 148/423[..................                                ] 149/423[..................                                ] 150/423[..................                                ] 151/423[..................                                ] 152/423[..................                                ] 153/423[..................                                ] 154/423[..................                                ] 155/423[..................                                ] 156/423[...................                               ] 157/423[...................                               ] 158/423[...................                               ] 159/423[...................                               ] 160/423[...................                               ] 161/423[...................                               ] 162/423[...................                               ] 163/423[...................                               ] 164/423[....................                              ] 165/423[....................                              ] 166/423[....................                              ] 167/423[....................                              ] 168/423[....................                              ] 169/423[....................                              ] 170/423[....................                              ] 171/423[....................                              ] 172/423[....................                              ] 173/423[.....................                             ] 174/423[.....................                             ] 175/423[.....................                             ] 176/423[.....................                             ] 177/423[.....................                             ] 178/423[.....................                             ] 179/423[.....................                             ] 180/423[.....................                             ] 181/423[......................                            ] 182/423[......................                            ] 183/423[......................                            ] 184/423[......................                            ] 185/423[......................                            ] 186/423[......................                            ] 187/423[......................                            ] 188/423[......................                            ] 189/423[......................                            ] 190/423[.......................                           ] 191/423[.......................                           ] 192/423[.......................                           ] 193/423[.......................                           ] 194/423[.......................                           ] 195/423[.......................                           ] 196/423[.......................                           ] 197/423[.......................                           ] 198/423[........................                          ] 199/423[........................                          ] 200/423[........................                          ] 201/423[........................                          ] 202/423[........................                          ] 203/423[........................                          ] 204/423[........................                          ] 205/423[........................                          ] 206/423[........................                          ] 207/423[.........................                         ] 208/423[.........................                         ] 209/423[.........................                         ] 210/423[.........................                         ] 211/423[.........................                         ] 212/423[.........................                         ] 213/423[.........................                         ] 214/423[.........................                         ] 215/423[..........................                        ] 216/423[..........................                        ] 217/423[..........................                        ] 218/423[..........................                        ] 219/423[..........................                        ] 220/423[..........................                        ] 221/423[..........................                        ] 222/423[..........................                        ] 223/423[..........................                        ] 224/423[...........................                       ] 225/423[...........................                       ] 226/423[...........................                       ] 227/423[...........................                       ] 228/423[...........................                       ] 229/423[...........................                       ] 230/423[...........................                       ] 231/423[...........................                       ] 232/423[............................                      ] 233/423[............................                      ] 234/423[............................                      ] 235/423[............................                      ] 236/423[............................                      ] 237/423[............................                      ] 238/423[............................                      ] 239/423[............................                      ] 240/423[............................                      ] 241/423[.............................                     ] 242/423[.............................                     ] 243/423[.............................                     ] 244/423[.............................                     ] 245/423[.............................                     ] 246/423[.............................                     ] 247/423[.............................                     ] 248/423[.............................                     ] 249/423[..............................                    ] 250/423[..............................                    ] 251/423[..............................                    ] 252/423[..............................                    ] 253/423[..............................                    ] 254/423[..............................                    ] 255/423[..............................                    ] 256/423[..............................                    ] 257/423[..............................                    ] 258/423[...............................                   ] 259/423[...............................                   ] 260/423[...............................                   ] 261/423[...............................                   ] 262/423[...............................                   ] 263/423[...............................                   ] 264/423[...............................                   ] 265/423[...............................                   ] 266/423[................................                  ] 267/423[................................                  ] 268/423[................................                  ] 269/423[................................                  ] 270/423[................................                  ] 271/423[................................                  ] 272/423[................................                  ] 273/423[................................                  ] 274/423[.................................                 ] 275/423[.................................                 ] 276/423[.................................                 ] 277/423[.................................                 ] 278/423[.................................                 ] 279/423[.................................                 ] 280/423[.................................                 ] 281/423[.................................                 ] 282/423[.................................                 ] 283/423[..................................                ] 284/423[..................................                ] 285/423[..................................                ] 286/423[..................................                ] 287/423[..................................                ] 288/423[..................................                ] 289/423[..................................                ] 290/423[..................................                ] 291/423[...................................               ] 292/423[...................................               ] 293/423[...................................               ] 294/423[...................................               ] 295/423[...................................               ] 296/423[...................................               ] 297/423[...................................               ] 298/423[...................................               ] 299/423[...................................               ] 300/423[....................................              ] 301/423[....................................              ] 302/423[....................................              ] 303/423[....................................              ] 304/423[....................................              ] 305/423[....................................              ] 306/423[....................................              ] 307/423[....................................              ] 308/423[.....................................             ] 309/423[.....................................             ] 310/423[.....................................             ] 311/423[.....................................             ] 312/423[.....................................             ] 313/423[.....................................             ] 314/423[.....................................             ] 315/423[.....................................             ] 316/423[.....................................             ] 317/423[......................................            ] 318/423[......................................            ] 319/423[......................................            ] 320/423[......................................            ] 321/423[......................................            ] 322/423[......................................            ] 323/423[......................................            ] 324/423[......................................            ] 325/423[.......................................           ] 326/423[.......................................           ] 327/423[.......................................           ] 328/423[.......................................           ] 329/423[.......................................           ] 330/423[.......................................           ] 331/423[.......................................           ] 332/423[.......................................           ] 333/423[.......................................           ] 334/423[........................................          ] 335/423[........................................          ] 336/423[........................................          ] 337/423[........................................          ] 338/423[........................................          ] 339/423[........................................          ] 340/423[........................................          ] 341/423[........................................          ] 342/423[.........................................         ] 343/423[.........................................         ] 344/423[.........................................         ] 345/423[.........................................         ] 346/423[.........................................         ] 347/423[.........................................         ] 348/423[.........................................         ] 349/423[.........................................         ] 350/423[.........................................         ] 351/423[..........................................        ] 352/423[..........................................        ] 353/423[..........................................        ] 354/423[..........................................        ] 355/423[..........................................        ] 356/423[..........................................        ] 357/423[..........................................        ] 358/423[..........................................        ] 359/423[...........................................       ] 360/423[...........................................       ] 361/423[...........................................       ] 362/423[...........................................       ] 363/423[...........................................       ] 364/423[...........................................       ] 365/423[...........................................       ] 366/423[...........................................       ] 367/423[...........................................       ] 368/423[............................................      ] 369/423[............................................      ] 370/423[............................................      ] 371/423[............................................      ] 372/423[............................................      ] 373/423[............................................      ] 374/423[............................................      ] 375/423[............................................      ] 376/423[.............................................     ] 377/423[.............................................     ] 378/423[.............................................     ] 379/423[.............................................     ] 380/423[.............................................     ] 381/423[.............................................     ] 382/423[.............................................     ] 383/423[.............................................     ] 384/423[..............................................    ] 385/423[..............................................    ] 386/423[..............................................    ] 387/423[..............................................    ] 388/423[..............................................    ] 389/423[..............................................    ] 390/423[..............................................    ] 391/423[..............................................    ] 392/423[..............................................    ] 393/423[...............................................   ] 394/423[...............................................   ] 395/423[...............................................   ] 396/423[...............................................   ] 397/423[...............................................   ] 398/423[...............................................   ] 399/423[...............................................   ] 400/423[...............................................   ] 401/423[................................................  ] 402/423[................................................  ] 403/423[................................................  ] 404/423[................................................  ] 405/423[................................................  ] 406/423[................................................  ] 407/423[................................................  ] 408/423[................................................  ] 409/423[................................................  ] 410/423[................................................. ] 411/423[................................................. ] 412/423[................................................. ] 413/423[................................................. ] 414/423[................................................. ] 415/423[................................................. ] 416/423[................................................. ] 417/423[................................................. ] 418/423[..................................................] 419/423[..................................................] 420/423[..................................................] 421/423[..................................................] 422/423[..................................................] 423/423[..................................................] 423/423
Converting self energies ...
[.                                                 ] 1/45[..                                                ] 2/45[...                                               ] 3/45[....                                              ] 4/45[......                                            ] 5/45[.......                                           ] 6/45[........                                          ] 7/45[.........                                         ] 8/45[..........                                        ] 9/45[...........                                       ] 10/45[............                                      ] 11/45[.............                                     ] 12/45[..............                                    ] 13/45[................                                  ] 14/45[.................                                 ] 15/45[..................                                ] 16/45[...................                               ] 17/45[....................                              ] 18/45[.....................                             ] 19/45[......................                            ] 20/45[.......................                           ] 21/45[........................                          ] 22/45[..........................                        ] 23/45[...........................                       ] 24/45[............................                      ] 25/45[.............................                     ] 26/45[..............................                    ] 27/45[...............................                   ] 28/45[................................                  ] 29/45[.................................                 ] 30/45[..................................                ] 31/45[....................................              ] 32/45[.....................................             ] 33/45[......................................            ] 34/45[.......................................           ] 35/45[........................................          ] 36/45[.........................................         ] 37/45[..........................................        ] 38/45[...........................................       ] 39/45[............................................      ] 40/45[..............................................    ] 41/45[...............................................   ] 42/45[................................................  ] 43/45[................................................. ] 44/45[..................................................] 45/45[..................................................] 45/45

----------------------------------------------------------------------
Creating SLHA model
----------------------------------------------------------------------
Creating class for SLHA model ...

----------------------------------------------------------------------
Creating utilities
----------------------------------------------------------------------
Creating utilities class ...
Creating FlexibleEFTHiggs.mk ...
Creating matching class ...
Creating list of references to be cited ...
Creating plot scripts ...

----------------------------------------------------------------------
Creating solver framework
----------------------------------------------------------------------
Creating generic solver class templates ...

----------------------------------------------------------------------
Creating Weinberg angle class ...
----------------------------------------------------------------------
Converting vertex functions ...
[..                                                ] 1/22[.....                                             ] 2/22[.......                                           ] 3/22[.........                                         ] 4/22[...........                                       ] 5/22[..............                                    ] 6/22[................                                  ] 7/22[..................                                ] 8/22[....................                              ] 9/22[.......................                           ] 10/22[.........................                         ] 11/22[...........................                       ] 12/22[..............................                    ] 13/22[................................                  ] 14/22[..................................                ] 15/22[....................................              ] 16/22[.......................................           ] 17/22[.........................................         ] 18/22[...........................................       ] 19/22[.............................................     ] 20/22[................................................  ] 21/22[..................................................] 22/22[..................................................] 22/22
Generating C++ code for deltaVB ...

----------------------------------------------------------------------
Creating semi-analytic solver
----------------------------------------------------------------------
Writing semi-analytic solutions to 
 
>   models/CNMSSMEFTHiggs/CNMSSMEFTHiggs_semi_analytic_solutions.m
Creating classes for convergence testers ...
Creating class for high-scale constraint ...
Creating class for susy-scale constraint ...
Creating class for low-scale constraint ...
Creating class for matching constraint ...
Creating class for initial guesser ...
Creating class for semi-analytic solutions ...
Creating class for semi-analytic EWSB solver ...
Creating class for semi-analytic model ...
Creating semi-analytic matching class ...
Creating class for semi-analytic spectrum generator ...
Creating makefile module for semi-analytic solver ...

----------------------------------------------------------------------
Creating observables
----------------------------------------------------------------------
Creating class for effective couplings ...
Creating class for observables ...
Creating EDM class...
Creating AMuon class...
Creating C++ QFT class...

----------------------------------------------------------------------
Creating Mathematica interface
----------------------------------------------------------------------
Creating LibraryLink models/CNMSSMEFTHiggs/CNMSSMEFTHiggs.mx ...

----------------------------------------------------------------------
Creating user examples
----------------------------------------------------------------------
Creating user example spectrum generator program ...
Creating example SLHA input file ...

----------------------------------------------------------------------
FlexibleSUSY has finished
----------------------------------------------------------------------
Note: to regenerate CNMSSMEFTHiggs source files, please remove the file 
"models/CNMSSMEFTHiggs/00_DELETE_ME_TO_RERUN_METACODE" and run make
---------------------------------
config/depgen.x -Iconfig -Isrc -Ifflite -Islhaea -Idoc -Imeta -Itemplates -Imodels/CNMSSMEFTHiggs -I. -Imodels/CNMSSMEFTHiggs/cxx_qft -Imodel_specific/SM -Imodel_specific/MSSM_higgs -Imodel_specific/NMSSM_higgs -I/usr/include -I/usr/include/eigen3 -I/usr/include   -MM -MI -o 'models/CNMSSMEFTHiggs/CNMSSMEFTHiggs_librarylink.d' -MT 'models/CNMSSMEFTHiggs/CNMSSMEFTHiggs_librarylink.o' models/CNMSSMEFTHiggs/CNMSSMEFTHiggs_librarylink.cpp
config/depgen.x -Iconfig -Isrc -Ifflite -Islhaea -Idoc -Imeta -Itemplates -Imodels/CNMSSMEFTHiggs -I. -Imodels/CNMSSMEFTHiggs/cxx_qft -Imodel_specific/SM -Imodel_specific/MSSM_higgs -Imodel_specific/NMSSM_higgs -I/usr/include -I/usr/include/eigen3 -I/usr/include   -MM -MI -o 'models/CNMSSMEFTHiggs/scan_CNMSSMEFTHiggs.d' -MT 'models/CNMSSMEFTHiggs/scan_CNMSSMEFTHiggs.o' models/CNMSSMEFTHiggs/scan_CNMSSMEFTHiggs.cpp
config/depgen.x -Iconfig -Isrc -Ifflite -Islhaea -Idoc -Imeta -Itemplates -Imodels/CNMSSMEFTHiggs -I. -Imodels/CNMSSMEFTHiggs/cxx_qft -Imodel_specific/SM -Imodel_specific/MSSM_higgs -Imodel_specific/NMSSM_higgs -I/usr/include -I/usr/include/eigen3 -I/usr/include   -MM -MI -o 'models/CNMSSMEFTHiggs/run_cmd_line_CNMSSMEFTHiggs.d' -MT 'models/CNMSSMEFTHiggs/run_cmd_line_CNMSSMEFTHiggs.o' models/CNMSSMEFTHiggs/run_cmd_line_CNMSSMEFTHiggs.cpp
config/depgen.x -Iconfig -Isrc -Ifflite -Islhaea -Idoc -Imeta -Itemplates -Imodels/CNMSSMEFTHiggs -I. -Imodels/CNMSSMEFTHiggs/cxx_qft -Imodel_specific/SM -Imodel_specific/MSSM_higgs -Imodel_specific/NMSSM_higgs -I/usr/include -I/usr/include/eigen3 -I/usr/include   -MM -MI -o 'models/CNMSSMEFTHiggs/run_CNMSSMEFTHiggs.d' -MT 'models/CNMSSMEFTHiggs/run_CNMSSMEFTHiggs.o' models/CNMSSMEFTHiggs/run_CNMSSMEFTHiggs.cpp
config/depgen.x -Iconfig -Isrc -Ifflite -Islhaea -Idoc -Imeta -Itemplates -Imodels/CNMSSMEFTHiggs -I. -Imodels/CNMSSMEFTHiggs/cxx_qft -Imodel_specific/SM -Imodel_specific/MSSM_higgs -Imodel_specific/NMSSM_higgs -I/usr/include -I/usr/include/eigen3 -I/usr/include   -MM -MI -o 'models/CNMSSMEFTHiggs/CNMSSMEFTHiggs_weinberg_angle.d' -MT 'models/CNMSSMEFTHiggs/CNMSSMEFTHiggs_weinberg_angle.o' models/CNMSSMEFTHiggs/CNMSSMEFTHiggs_weinberg_angle.cpp
config/depgen.x -Iconfig -Isrc -Ifflite -Islhaea -Idoc -Imeta -Itemplates -Imodels/CNMSSMEFTHiggs -I. -Imodels/CNMSSMEFTHiggs/cxx_qft -Imodel_specific/SM -Imodel_specific/MSSM_higgs -Imodel_specific/NMSSM_higgs -I/usr/include -I/usr/include/eigen3 -I/usr/include   -MM -MI -o 'models/CNMSSMEFTHiggs/CNMSSMEFTHiggs_utilities.d' -MT 'models/CNMSSMEFTHiggs/CNMSSMEFTHiggs_utilities.o' models/CNMSSMEFTHiggs/CNMSSMEFTHiggs_utilities.cpp
config/depgen.x -Iconfig -Isrc -Ifflite -Islhaea -Idoc -Imeta -Itemplates -Imodels/CNMSSMEFTHiggs -I. -Imodels/CNMSSMEFTHiggs/cxx_qft -Imodel_specific/SM -Imodel_specific/MSSM_higgs -Imodel_specific/NMSSM_higgs -I/usr/include -I/usr/include/eigen3 -I/usr/include   -MM -MI -o 'models/CNMSSMEFTHiggs/CNMSSMEFTHiggs_susy_parameters.d' -MT 'models/CNMSSMEFTHiggs/CNMSSMEFTHiggs_susy_parameters.o' models/CNMSSMEFTHiggs/CNMSSMEFTHiggs_susy_parameters.cpp
config/depgen.x -Iconfig -Isrc -Ifflite -Islhaea -Idoc -Imeta -Itemplates -Imodels/CNMSSMEFTHiggs -I. -Imodels/CNMSSMEFTHiggs/cxx_qft -Imodel_specific/SM -Imodel_specific/MSSM_higgs -Imodel_specific/NMSSM_higgs -I/usr/include -I/usr/include/eigen3 -I/usr/include   -MM -MI -o 'models/CNMSSMEFTHiggs/CNMSSMEFTHiggs_soft_parameters.d' -MT 'models/CNMSSMEFTHiggs/CNMSSMEFTHiggs_soft_parameters.o' models/CNMSSMEFTHiggs/CNMSSMEFTHiggs_soft_parameters.cpp
config/depgen.x -Iconfig -Isrc -Ifflite -Islhaea -Idoc -Imeta -Itemplates -Imodels/CNMSSMEFTHiggs -I. -Imodels/CNMSSMEFTHiggs/cxx_qft -Imodel_specific/SM -Imodel_specific/MSSM_higgs -Imodel_specific/NMSSM_higgs -I/usr/include -I/usr/include/eigen3 -I/usr/include   -MM -MI -o 'models/CNMSSMEFTHiggs/CNMSSMEFTHiggs_slha_io.d' -MT 'models/CNMSSMEFTHiggs/CNMSSMEFTHiggs_slha_io.o' models/CNMSSMEFTHiggs/CNMSSMEFTHiggs_slha_io.cpp
config/depgen.x -Iconfig -Isrc -Ifflite -Islhaea -Idoc -Imeta -Itemplates -Imodels/CNMSSMEFTHiggs -I. -Imodels/CNMSSMEFTHiggs/cxx_qft -Imodel_specific/SM -Imodel_specific/MSSM_higgs -Imodel_specific/NMSSM_higgs -I/usr/include -I/usr/include/eigen3 -I/usr/include   -MM -MI -o 'models/CNMSSMEFTHiggs/CNMSSMEFTHiggs_physical.d' -MT 'models/CNMSSMEFTHiggs/CNMSSMEFTHiggs_physical.o' models/CNMSSMEFTHiggs/CNMSSMEFTHiggs_physical.cpp
config/depgen.x -Iconfig -Isrc -Ifflite -Islhaea -Idoc -Imeta -Itemplates -Imodels/CNMSSMEFTHiggs -I. -Imodels/CNMSSMEFTHiggs/cxx_qft -Imodel_specific/SM -Imodel_specific/MSSM_higgs -Imodel_specific/NMSSM_higgs -I/usr/include -I/usr/include/eigen3 -I/usr/include   -MM -MI -o 'models/CNMSSMEFTHiggs/CNMSSMEFTHiggs_observables.d' -MT 'models/CNMSSMEFTHiggs/CNMSSMEFTHiggs_observables.o' models/CNMSSMEFTHiggs/CNMSSMEFTHiggs_observables.cpp
config/depgen.x -Iconfig -Isrc -Ifflite -Islhaea -Idoc -Imeta -Itemplates -Imodels/CNMSSMEFTHiggs -I. -Imodels/CNMSSMEFTHiggs/cxx_qft -Imodel_specific/SM -Imodel_specific/MSSM_higgs -Imodel_specific/NMSSM_higgs -I/usr/include -I/usr/include/eigen3 -I/usr/include   -MM -MI -o 'models/CNMSSMEFTHiggs/CNMSSMEFTHiggs_mass_eigenstates.d' -MT 'models/CNMSSMEFTHiggs/CNMSSMEFTHiggs_mass_eigenstates.o' models/CNMSSMEFTHiggs/CNMSSMEFTHiggs_mass_eigenstates.cpp
config/depgen.x -Iconfig -Isrc -Ifflite -Islhaea -Idoc -Imeta -Itemplates -Imodels/CNMSSMEFTHiggs -I. -Imodels/CNMSSMEFTHiggs/cxx_qft -Imodel_specific/SM -Imodel_specific/MSSM_higgs -Imodel_specific/NMSSM_higgs -I/usr/include -I/usr/include/eigen3 -I/usr/include   -MM -MI -o 'models/CNMSSMEFTHiggs/CNMSSMEFTHiggs_input_parameters.d' -MT 'models/CNMSSMEFTHiggs/CNMSSMEFTHiggs_input_parameters.o' models/CNMSSMEFTHiggs/CNMSSMEFTHiggs_input_parameters.cpp
config/depgen.x -Iconfig -Isrc -Ifflite -Islhaea -Idoc -Imeta -Itemplates -Imodels/CNMSSMEFTHiggs -I. -Imodels/CNMSSMEFTHiggs/cxx_qft -Imodel_specific/SM -Imodel_specific/MSSM_higgs -Imodel_specific/NMSSM_higgs -I/usr/include -I/usr/include/eigen3 -I/usr/include   -MM -MI -o 'models/CNMSSMEFTHiggs/CNMSSMEFTHiggs_info.d' -MT 'models/CNMSSMEFTHiggs/CNMSSMEFTHiggs_info.o' models/CNMSSMEFTHiggs/CNMSSMEFTHiggs_info.cpp
config/depgen.x -Iconfig -Isrc -Ifflite -Islhaea -Idoc -Imeta -Itemplates -Imodels/CNMSSMEFTHiggs -I. -Imodels/CNMSSMEFTHiggs/cxx_qft -Imodel_specific/SM -Imodel_specific/MSSM_higgs -Imodel_specific/NMSSM_higgs -I/usr/include -I/usr/include/eigen3 -I/usr/include   -MM -MI -o 'models/CNMSSMEFTHiggs/CNMSSMEFTHiggs_effective_couplings.d' -MT 'models/CNMSSMEFTHiggs/CNMSSMEFTHiggs_effective_couplings.o' models/CNMSSMEFTHiggs/CNMSSMEFTHiggs_effective_couplings.cpp
config/depgen.x -Iconfig -Isrc -Ifflite -Islhaea -Idoc -Imeta -Itemplates -Imodels/CNMSSMEFTHiggs -I. -Imodels/CNMSSMEFTHiggs/cxx_qft -Imodel_specific/SM -Imodel_specific/MSSM_higgs -Imodel_specific/NMSSM_higgs -I/usr/include -I/usr/include/eigen3 -I/usr/include   -MM -MI -o 'models/CNMSSMEFTHiggs/CNMSSMEFTHiggs_edm.d' -MT 'models/CNMSSMEFTHiggs/CNMSSMEFTHiggs_edm.o' models/CNMSSMEFTHiggs/CNMSSMEFTHiggs_edm.cpp
config/depgen.x -Iconfig -Isrc -Ifflite -Islhaea -Idoc -Imeta -Itemplates -Imodels/CNMSSMEFTHiggs -I. -Imodels/CNMSSMEFTHiggs/cxx_qft -Imodel_specific/SM -Imodel_specific/MSSM_higgs -Imodel_specific/NMSSM_higgs -I/usr/include -I/usr/include/eigen3 -I/usr/include   -MM -MI -o 'models/CNMSSMEFTHiggs/CNMSSMEFTHiggs_a_muon.d' -MT 'models/CNMSSMEFTHiggs/CNMSSMEFTHiggs_a_muon.o' models/CNMSSMEFTHiggs/CNMSSMEFTHiggs_a_muon.cpp
config/depgen.x -Iconfig -Isrc -Ifflite -Islhaea -Idoc -Imeta -Itemplates -Imodels/CNMSSMEFTHiggs -I. -Imodels/CNMSSMEFTHiggs/cxx_qft -Imodel_specific/SM -Imodel_specific/MSSM_higgs -Imodel_specific/NMSSM_higgs -I/usr/include -I/usr/include/eigen3 -I/usr/include   -MM -MI -o 'models/CNMSSMEFTHiggs/cxx_qft/CNMSSMEFTHiggs_vertices_1.d' -MT 'models/CNMSSMEFTHiggs/cxx_qft/CNMSSMEFTHiggs_vertices_1.o' models/CNMSSMEFTHiggs/cxx_qft/CNMSSMEFTHiggs_vertices_1.cpp
config/depgen.x -Iconfig -Isrc -Ifflite -Islhaea -Idoc -Imeta -Itemplates -Imodels/CNMSSMEFTHiggs -I. -Imodels/CNMSSMEFTHiggs/cxx_qft -Imodel_specific/SM -Imodel_specific/MSSM_higgs -Imodel_specific/NMSSM_higgs -I/usr/include -I/usr/include/eigen3 -I/usr/include   -MM -MI -o 'models/CNMSSMEFTHiggs/CNMSSMEFTHiggs_susy_beta_vu.d' -MT 'models/CNMSSMEFTHiggs/CNMSSMEFTHiggs_susy_beta_vu.o' models/CNMSSMEFTHiggs/CNMSSMEFTHiggs_susy_beta_vu.cpp
config/depgen.x -Iconfig -Isrc -Ifflite -Islhaea -Idoc -Imeta -Itemplates -Imodels/CNMSSMEFTHiggs -I. -Imodels/CNMSSMEFTHiggs/cxx_qft -Imodel_specific/SM -Imodel_specific/MSSM_higgs -Imodel_specific/NMSSM_higgs -I/usr/include -I/usr/include/eigen3 -I/usr/include   -MM -MI -o 'models/CNMSSMEFTHiggs/CNMSSMEFTHiggs_susy_beta_vd.d' -MT 'models/CNMSSMEFTHiggs/CNMSSMEFTHiggs_susy_beta_vd.o' models/CNMSSMEFTHiggs/CNMSSMEFTHiggs_susy_beta_vd.cpp
config/depgen.x -Iconfig -Isrc -Ifflite -Islhaea -Idoc -Imeta -Itemplates -Imodels/CNMSSMEFTHiggs -I. -Imodels/CNMSSMEFTHiggs/cxx_qft -Imodel_specific/SM -Imodel_specific/MSSM_higgs -Imodel_specific/NMSSM_higgs -I/usr/include -I/usr/include/eigen3 -I/usr/include   -MM -MI -o 'models/CNMSSMEFTHiggs/CNMSSMEFTHiggs_susy_beta_vS.d' -MT 'models/CNMSSMEFTHiggs/CNMSSMEFTHiggs_susy_beta_vS.o' models/CNMSSMEFTHiggs/CNMSSMEFTHiggs_susy_beta_vS.cpp
config/depgen.x -Iconfig -Isrc -Ifflite -Islhaea -Idoc -Imeta -Itemplates -Imodels/CNMSSMEFTHiggs -I. -Imodels/CNMSSMEFTHiggs/cxx_qft -Imodel_specific/SM -Imodel_specific/MSSM_higgs -Imodel_specific/NMSSM_higgs -I/usr/include -I/usr/include/eigen3 -I/usr/include   -MM -MI -o 'models/CNMSSMEFTHiggs/CNMSSMEFTHiggs_susy_beta_g3.d' -MT 'models/CNMSSMEFTHiggs/CNMSSMEFTHiggs_susy_beta_g3.o' models/CNMSSMEFTHiggs/CNMSSMEFTHiggs_susy_beta_g3.cpp
config/depgen.x -Iconfig -Isrc -Ifflite -Islhaea -Idoc -Imeta -Itemplates -Imodels/CNMSSMEFTHiggs -I. -Imodels/CNMSSMEFTHiggs/cxx_qft -Imodel_specific/SM -Imodel_specific/MSSM_higgs -Imodel_specific/NMSSM_higgs -I/usr/include -I/usr/include/eigen3 -I/usr/include   -MM -MI -o 'models/CNMSSMEFTHiggs/CNMSSMEFTHiggs_susy_beta_g2.d' -MT 'models/CNMSSMEFTHiggs/CNMSSMEFTHiggs_susy_beta_g2.o' models/CNMSSMEFTHiggs/CNMSSMEFTHiggs_susy_beta_g2.cpp
config/depgen.x -Iconfig -Isrc -Ifflite -Islhaea -Idoc -Imeta -Itemplates -Imodels/CNMSSMEFTHiggs -I. -Imodels/CNMSSMEFTHiggs/cxx_qft -Imodel_specific/SM -Imodel_specific/MSSM_higgs -Imodel_specific/NMSSM_higgs -I/usr/include -I/usr/include/eigen3 -I/usr/include   -MM -MI -o 'models/CNMSSMEFTHiggs/CNMSSMEFTHiggs_susy_beta_g1.d' -MT 'models/CNMSSMEFTHiggs/CNMSSMEFTHiggs_susy_beta_g1.o' models/CNMSSMEFTHiggs/CNMSSMEFTHiggs_susy_beta_g1.cpp
config/depgen.x -Iconfig -Isrc -Ifflite -Islhaea -Idoc -Imeta -Itemplates -Imodels/CNMSSMEFTHiggs -I. -Imodels/CNMSSMEFTHiggs/cxx_qft -Imodel_specific/SM -Imodel_specific/MSSM_higgs -Imodel_specific/NMSSM_higgs -I/usr/include -I/usr/include/eigen3 -I/usr/include   -MM -MI -o 'models/CNMSSMEFTHiggs/CNMSSMEFTHiggs_susy_beta_Yu.d' -MT 'models/CNMSSMEFTHiggs/CNMSSMEFTHiggs_susy_beta_Yu.o' models/CNMSSMEFTHiggs/CNMSSMEFTHiggs_susy_beta_Yu.cpp
config/depgen.x -Iconfig -Isrc -Ifflite -Islhaea -Idoc -Imeta -Itemplates -Imodels/CNMSSMEFTHiggs -I. -Imodels/CNMSSMEFTHiggs/cxx_qft -Imodel_specific/SM -Imodel_specific/MSSM_higgs -Imodel_specific/NMSSM_higgs -I/usr/include -I/usr/include/eigen3 -I/usr/include   -MM -MI -o 'models/CNMSSMEFTHiggs/CNMSSMEFTHiggs_susy_beta_Ye.d' -MT 'models/CNMSSMEFTHiggs/CNMSSMEFTHiggs_susy_beta_Ye.o' models/CNMSSMEFTHiggs/CNMSSMEFTHiggs_susy_beta_Ye.cpp
config/depgen.x -Iconfig -Isrc -Ifflite -Islhaea -Idoc -Imeta -Itemplates -Imodels/CNMSSMEFTHiggs -I. -Imodels/CNMSSMEFTHiggs/cxx_qft -Imodel_specific/SM -Imodel_specific/MSSM_higgs -Imodel_specific/NMSSM_higgs -I/usr/include -I/usr/include/eigen3 -I/usr/include   -MM -MI -o 'models/CNMSSMEFTHiggs/CNMSSMEFTHiggs_susy_beta_Yd.d' -MT 'models/CNMSSMEFTHiggs/CNMSSMEFTHiggs_susy_beta_Yd.o' models/CNMSSMEFTHiggs/CNMSSMEFTHiggs_susy_beta_Yd.cpp
config/depgen.x -Iconfig -Isrc -Ifflite -Islhaea -Idoc -Imeta -Itemplates -Imodels/CNMSSMEFTHiggs -I. -Imodels/CNMSSMEFTHiggs/cxx_qft -Imodel_specific/SM -Imodel_specific/MSSM_higgs -Imodel_specific/NMSSM_higgs -I/usr/include -I/usr/include/eigen3 -I/usr/include   -MM -MI -o 'models/CNMSSMEFTHiggs/CNMSSMEFTHiggs_susy_beta_Lambdax.d' -MT 'models/CNMSSMEFTHiggs/CNMSSMEFTHiggs_susy_beta_Lambdax.o' models/CNMSSMEFTHiggs/CNMSSMEFTHiggs_susy_beta_Lambdax.cpp
config/depgen.x -Iconfig -Isrc -Ifflite -Islhaea -Idoc -Imeta -Itemplates -Imodels/CNMSSMEFTHiggs -I. -Imodels/CNMSSMEFTHiggs/cxx_qft -Imodel_specific/SM -Imodel_specific/MSSM_higgs -Imodel_specific/NMSSM_higgs -I/usr/include -I/usr/include/eigen3 -I/usr/include   -MM -MI -o 'models/CNMSSMEFTHiggs/CNMSSMEFTHiggs_susy_beta_Kappa.d' -MT 'models/CNMSSMEFTHiggs/CNMSSMEFTHiggs_susy_beta_Kappa.o' models/CNMSSMEFTHiggs/CNMSSMEFTHiggs_susy_beta_Kappa.cpp
config/depgen.x -Iconfig -Isrc -Ifflite -Islhaea -Idoc -Imeta -Itemplates -Imodels/CNMSSMEFTHiggs -I. -Imodels/CNMSSMEFTHiggs/cxx_qft -Imodel_specific/SM -Imodel_specific/MSSM_higgs -Imodel_specific/NMSSM_higgs -I/usr/include -I/usr/include/eigen3 -I/usr/include   -MM -MI -o 'models/CNMSSMEFTHiggs/CNMSSMEFTHiggs_standard_model_semi_analytic_matching.d' -MT 'models/CNMSSMEFTHiggs/CNMSSMEFTHiggs_standard_model_semi_analytic_matching.o' models/CNMSSMEFTHiggs/CNMSSMEFTHiggs_standard_model_semi_analytic_matching.cpp
config/depgen.x -Iconfig -Isrc -Ifflite -Islhaea -Idoc -Imeta -Itemplates -Imodels/CNMSSMEFTHiggs -I. -Imodels/CNMSSMEFTHiggs/cxx_qft -Imodel_specific/SM -Imodel_specific/MSSM_higgs -Imodel_specific/NMSSM_higgs -I/usr/include -I/usr/include/eigen3 -I/usr/include   -MM -MI -o 'models/CNMSSMEFTHiggs/CNMSSMEFTHiggs_standard_model_matching.d' -MT 'models/CNMSSMEFTHiggs/CNMSSMEFTHiggs_standard_model_matching.o' models/CNMSSMEFTHiggs/CNMSSMEFTHiggs_standard_model_matching.cpp
config/depgen.x -Iconfig -Isrc -Ifflite -Islhaea -Idoc -Imeta -Itemplates -Imodels/CNMSSMEFTHiggs -I. -Imodels/CNMSSMEFTHiggs/cxx_qft -Imodel_specific/SM -Imodel_specific/MSSM_higgs -Imodel_specific/NMSSM_higgs -I/usr/include -I/usr/include/eigen3 -I/usr/include   -MM -MI -o 'models/CNMSSMEFTHiggs/CNMSSMEFTHiggs_soft_beta_mu2.d' -MT 'models/CNMSSMEFTHiggs/CNMSSMEFTHiggs_soft_beta_mu2.o' models/CNMSSMEFTHiggs/CNMSSMEFTHiggs_soft_beta_mu2.cpp
config/depgen.x -Iconfig -Isrc -Ifflite -Islhaea -Idoc -Imeta -Itemplates -Imodels/CNMSSMEFTHiggs -I. -Imodels/CNMSSMEFTHiggs/cxx_qft -Imodel_specific/SM -Imodel_specific/MSSM_higgs -Imodel_specific/NMSSM_higgs -I/usr/include -I/usr/include/eigen3 -I/usr/include   -MM -MI -o 'models/CNMSSMEFTHiggs/CNMSSMEFTHiggs_soft_beta_ms2.d' -MT 'models/CNMSSMEFTHiggs/CNMSSMEFTHiggs_soft_beta_ms2.o' models/CNMSSMEFTHiggs/CNMSSMEFTHiggs_soft_beta_ms2.cpp
config/depgen.x -Iconfig -Isrc -Ifflite -Islhaea -Idoc -Imeta -Itemplates -Imodels/CNMSSMEFTHiggs -I. -Imodels/CNMSSMEFTHiggs/cxx_qft -Imodel_specific/SM -Imodel_specific/MSSM_higgs -Imodel_specific/NMSSM_higgs -I/usr/include -I/usr/include/eigen3 -I/usr/include   -MM -MI -o 'models/CNMSSMEFTHiggs/CNMSSMEFTHiggs_soft_beta_mq2.d' -MT 'models/CNMSSMEFTHiggs/CNMSSMEFTHiggs_soft_beta_mq2.o' models/CNMSSMEFTHiggs/CNMSSMEFTHiggs_soft_beta_mq2.cpp
config/depgen.x -Iconfig -Isrc -Ifflite -Islhaea -Idoc -Imeta -Itemplates -Imodels/CNMSSMEFTHiggs -I. -Imodels/CNMSSMEFTHiggs/cxx_qft -Imodel_specific/SM -Imodel_specific/MSSM_higgs -Imodel_specific/NMSSM_higgs -I/usr/include -I/usr/include/eigen3 -I/usr/include   -MM -MI -o 'models/CNMSSMEFTHiggs/CNMSSMEFTHiggs_soft_beta_ml2.d' -MT 'models/CNMSSMEFTHiggs/CNMSSMEFTHiggs_soft_beta_ml2.o' models/CNMSSMEFTHiggs/CNMSSMEFTHiggs_soft_beta_ml2.cpp
config/depgen.x -Iconfig -Isrc -Ifflite -Islhaea -Idoc -Imeta -Itemplates -Imodels/CNMSSMEFTHiggs -I. -Imodels/CNMSSMEFTHiggs/cxx_qft -Imodel_specific/SM -Imodel_specific/MSSM_higgs -Imodel_specific/NMSSM_higgs -I/usr/include -I/usr/include/eigen3 -I/usr/include   -MM -MI -o 'models/CNMSSMEFTHiggs/CNMSSMEFTHiggs_soft_beta_me2.d' -MT 'models/CNMSSMEFTHiggs/CNMSSMEFTHiggs_soft_beta_me2.o' models/CNMSSMEFTHiggs/CNMSSMEFTHiggs_soft_beta_me2.cpp
config/depgen.x -Iconfig -Isrc -Ifflite -Islhaea -Idoc -Imeta -Itemplates -Imodels/CNMSSMEFTHiggs -I. -Imodels/CNMSSMEFTHiggs/cxx_qft -Imodel_specific/SM -Imodel_specific/MSSM_higgs -Imodel_specific/NMSSM_higgs -I/usr/include -I/usr/include/eigen3 -I/usr/include   -MM -MI -o 'models/CNMSSMEFTHiggs/CNMSSMEFTHiggs_soft_beta_md2.d' -MT 'models/CNMSSMEFTHiggs/CNMSSMEFTHiggs_soft_beta_md2.o' models/CNMSSMEFTHiggs/CNMSSMEFTHiggs_soft_beta_md2.cpp
config/depgen.x -Iconfig -Isrc -Ifflite -Islhaea -Idoc -Imeta -Itemplates -Imodels/CNMSSMEFTHiggs -I. -Imodels/CNMSSMEFTHiggs/cxx_qft -Imodel_specific/SM -Imodel_specific/MSSM_higgs -Imodel_specific/NMSSM_higgs -I/usr/include -I/usr/include/eigen3 -I/usr/include   -MM -MI -o 'models/CNMSSMEFTHiggs/CNMSSMEFTHiggs_soft_beta_mHu2.d' -MT 'models/CNMSSMEFTHiggs/CNMSSMEFTHiggs_soft_beta_mHu2.o' models/CNMSSMEFTHiggs/CNMSSMEFTHiggs_soft_beta_mHu2.cpp
config/depgen.x -Iconfig -Isrc -Ifflite -Islhaea -Idoc -Imeta -Itemplates -Imodels/CNMSSMEFTHiggs -I. -Imodels/CNMSSMEFTHiggs/cxx_qft -Imodel_specific/SM -Imodel_specific/MSSM_higgs -Imodel_specific/NMSSM_higgs -I/usr/include -I/usr/include/eigen3 -I/usr/include   -MM -MI -o 'models/CNMSSMEFTHiggs/CNMSSMEFTHiggs_soft_beta_mHd2.d' -MT 'models/CNMSSMEFTHiggs/CNMSSMEFTHiggs_soft_beta_mHd2.o' models/CNMSSMEFTHiggs/CNMSSMEFTHiggs_soft_beta_mHd2.cpp
config/depgen.x -Iconfig -Isrc -Ifflite -Islhaea -Idoc -Imeta -Itemplates -Imodels/CNMSSMEFTHiggs -I. -Imodels/CNMSSMEFTHiggs/cxx_qft -Imodel_specific/SM -Imodel_specific/MSSM_higgs -Imodel_specific/NMSSM_higgs -I/usr/include -I/usr/include/eigen3 -I/usr/include   -MM -MI -o 'models/CNMSSMEFTHiggs/CNMSSMEFTHiggs_soft_beta_TYu.d' -MT 'models/CNMSSMEFTHiggs/CNMSSMEFTHiggs_soft_beta_TYu.o' models/CNMSSMEFTHiggs/CNMSSMEFTHiggs_soft_beta_TYu.cpp
config/depgen.x -Iconfig -Isrc -Ifflite -Islhaea -Idoc -Imeta -Itemplates -Imodels/CNMSSMEFTHiggs -I. -Imodels/CNMSSMEFTHiggs/cxx_qft -Imodel_specific/SM -Imodel_specific/MSSM_higgs -Imodel_specific/NMSSM_higgs -I/usr/include -I/usr/include/eigen3 -I/usr/include   -MM -MI -o 'models/CNMSSMEFTHiggs/CNMSSMEFTHiggs_soft_beta_TYe.d' -MT 'models/CNMSSMEFTHiggs/CNMSSMEFTHiggs_soft_beta_TYe.o' models/CNMSSMEFTHiggs/CNMSSMEFTHiggs_soft_beta_TYe.cpp
config/depgen.x -Iconfig -Isrc -Ifflite -Islhaea -Idoc -Imeta -Itemplates -Imodels/CNMSSMEFTHiggs -I. -Imodels/CNMSSMEFTHiggs/cxx_qft -Imodel_specific/SM -Imodel_specific/MSSM_higgs -Imodel_specific/NMSSM_higgs -I/usr/include -I/usr/include/eigen3 -I/usr/include   -MM -MI -o 'models/CNMSSMEFTHiggs/CNMSSMEFTHiggs_soft_beta_TYd.d' -MT 'models/CNMSSMEFTHiggs/CNMSSMEFTHiggs_soft_beta_TYd.o' models/CNMSSMEFTHiggs/CNMSSMEFTHiggs_soft_beta_TYd.cpp
config/depgen.x -Iconfig -Isrc -Ifflite -Islhaea -Idoc -Imeta -Itemplates -Imodels/CNMSSMEFTHiggs -I. -Imodels/CNMSSMEFTHiggs/cxx_qft -Imodel_specific/SM -Imodel_specific/MSSM_higgs -Imodel_specific/NMSSM_higgs -I/usr/include -I/usr/include/eigen3 -I/usr/include   -MM -MI -o 'models/CNMSSMEFTHiggs/CNMSSMEFTHiggs_soft_beta_TLambdax.d' -MT 'models/CNMSSMEFTHiggs/CNMSSMEFTHiggs_soft_beta_TLambdax.o' models/CNMSSMEFTHiggs/CNMSSMEFTHiggs_soft_beta_TLambdax.cpp
config/depgen.x -Iconfig -Isrc -Ifflite -Islhaea -Idoc -Imeta -Itemplates -Imodels/CNMSSMEFTHiggs -I. -Imodels/CNMSSMEFTHiggs/cxx_qft -Imodel_specific/SM -Imodel_specific/MSSM_higgs -Imodel_specific/NMSSM_higgs -I/usr/include -I/usr/include/eigen3 -I/usr/include   -MM -MI -o 'models/CNMSSMEFTHiggs/CNMSSMEFTHiggs_soft_beta_TKappa.d' -MT 'models/CNMSSMEFTHiggs/CNMSSMEFTHiggs_soft_beta_TKappa.o' models/CNMSSMEFTHiggs/CNMSSMEFTHiggs_soft_beta_TKappa.cpp
config/depgen.x -Iconfig -Isrc -Ifflite -Islhaea -Idoc -Imeta -Itemplates -Imodels/CNMSSMEFTHiggs -I. -Imodels/CNMSSMEFTHiggs/cxx_qft -Imodel_specific/SM -Imodel_specific/MSSM_higgs -Imodel_specific/NMSSM_higgs -I/usr/include -I/usr/include/eigen3 -I/usr/include   -MM -MI -o 'models/CNMSSMEFTHiggs/CNMSSMEFTHiggs_soft_beta_MassWB.d' -MT 'models/CNMSSMEFTHiggs/CNMSSMEFTHiggs_soft_beta_MassWB.o' models/CNMSSMEFTHiggs/CNMSSMEFTHiggs_soft_beta_MassWB.cpp
config/depgen.x -Iconfig -Isrc -Ifflite -Islhaea -Idoc -Imeta -Itemplates -Imodels/CNMSSMEFTHiggs -I. -Imodels/CNMSSMEFTHiggs/cxx_qft -Imodel_specific/SM -Imodel_specific/MSSM_higgs -Imodel_specific/NMSSM_higgs -I/usr/include -I/usr/include/eigen3 -I/usr/include   -MM -MI -o 'models/CNMSSMEFTHiggs/CNMSSMEFTHiggs_soft_beta_MassG.d' -MT 'models/CNMSSMEFTHiggs/CNMSSMEFTHiggs_soft_beta_MassG.o' models/CNMSSMEFTHiggs/CNMSSMEFTHiggs_soft_beta_MassG.cpp
config/depgen.x -Iconfig -Isrc -Ifflite -Islhaea -Idoc -Imeta -Itemplates -Imodels/CNMSSMEFTHiggs -I. -Imodels/CNMSSMEFTHiggs/cxx_qft -Imodel_specific/SM -Imodel_specific/MSSM_higgs -Imodel_specific/NMSSM_higgs -I/usr/include -I/usr/include/eigen3 -I/usr/include   -MM -MI -o 'models/CNMSSMEFTHiggs/CNMSSMEFTHiggs_soft_beta_MassB.d' -MT 'models/CNMSSMEFTHiggs/CNMSSMEFTHiggs_soft_beta_MassB.o' models/CNMSSMEFTHiggs/CNMSSMEFTHiggs_soft_beta_MassB.cpp
config/depgen.x -Iconfig -Isrc -Ifflite -Islhaea -Idoc -Imeta -Itemplates -Imodels/CNMSSMEFTHiggs -I. -Imodels/CNMSSMEFTHiggs/cxx_qft -Imodel_specific/SM -Imodel_specific/MSSM_higgs -Imodel_specific/NMSSM_higgs -I/usr/include -I/usr/include/eigen3 -I/usr/include   -MM -MI -o 'models/CNMSSMEFTHiggs/CNMSSMEFTHiggs_semi_analytic_susy_scale_constraint.d' -MT 'models/CNMSSMEFTHiggs/CNMSSMEFTHiggs_semi_analytic_susy_scale_constraint.o' models/CNMSSMEFTHiggs/CNMSSMEFTHiggs_semi_analytic_susy_scale_constraint.cpp
config/depgen.x -Iconfig -Isrc -Ifflite -Islhaea -Idoc -Imeta -Itemplates -Imodels/CNMSSMEFTHiggs -I. -Imodels/CNMSSMEFTHiggs/cxx_qft -Imodel_specific/SM -Imodel_specific/MSSM_higgs -Imodel_specific/NMSSM_higgs -I/usr/include -I/usr/include/eigen3 -I/usr/include   -MM -MI -o 'models/CNMSSMEFTHiggs/CNMSSMEFTHiggs_semi_analytic_susy_convergence_tester.d' -MT 'models/CNMSSMEFTHiggs/CNMSSMEFTHiggs_semi_analytic_susy_convergence_tester.o' models/CNMSSMEFTHiggs/CNMSSMEFTHiggs_semi_analytic_susy_convergence_tester.cpp
config/depgen.x -Iconfig -Isrc -Ifflite -Islhaea -Idoc -Imeta -Itemplates -Imodels/CNMSSMEFTHiggs -I. -Imodels/CNMSSMEFTHiggs/cxx_qft -Imodel_specific/SM -Imodel_specific/MSSM_higgs -Imodel_specific/NMSSM_higgs -I/usr/include -I/usr/include/eigen3 -I/usr/include   -MM -MI -o 'models/CNMSSMEFTHiggs/CNMSSMEFTHiggs_semi_analytic_spectrum_generator.d' -MT 'models/CNMSSMEFTHiggs/CNMSSMEFTHiggs_semi_analytic_spectrum_generator.o' models/CNMSSMEFTHiggs/CNMSSMEFTHiggs_semi_analytic_spectrum_generator.cpp
config/depgen.x -Iconfig -Isrc -Ifflite -Islhaea -Idoc -Imeta -Itemplates -Imodels/CNMSSMEFTHiggs -I. -Imodels/CNMSSMEFTHiggs/cxx_qft -Imodel_specific/SM -Imodel_specific/MSSM_higgs -Imodel_specific/NMSSM_higgs -I/usr/include -I/usr/include/eigen3 -I/usr/include   -MM -MI -o 'models/CNMSSMEFTHiggs/CNMSSMEFTHiggs_semi_analytic_solutions.d' -MT 'models/CNMSSMEFTHiggs/CNMSSMEFTHiggs_semi_analytic_solutions.o' models/CNMSSMEFTHiggs/CNMSSMEFTHiggs_semi_analytic_solutions.cpp
config/depgen.x -Iconfig -Isrc -Ifflite -Islhaea -Idoc -Imeta -Itemplates -Imodels/CNMSSMEFTHiggs -I. -Imodels/CNMSSMEFTHiggs/cxx_qft -Imodel_specific/SM -Imodel_specific/MSSM_higgs -Imodel_specific/NMSSM_higgs -I/usr/include -I/usr/include/eigen3 -I/usr/include   -MM -MI -o 'models/CNMSSMEFTHiggs/CNMSSMEFTHiggs_semi_analytic_soft_parameters_constraint.d' -MT 'models/CNMSSMEFTHiggs/CNMSSMEFTHiggs_semi_analytic_soft_parameters_constraint.o' models/CNMSSMEFTHiggs/CNMSSMEFTHiggs_semi_analytic_soft_parameters_constraint.cpp
config/depgen.x -Iconfig -Isrc -Ifflite -Islhaea -Idoc -Imeta -Itemplates -Imodels/CNMSSMEFTHiggs -I. -Imodels/CNMSSMEFTHiggs/cxx_qft -Imodel_specific/SM -Imodel_specific/MSSM_higgs -Imodel_specific/NMSSM_higgs -I/usr/include -I/usr/include/eigen3 -I/usr/include   -MM -MI -o 'models/CNMSSMEFTHiggs/CNMSSMEFTHiggs_semi_analytic_model.d' -MT 'models/CNMSSMEFTHiggs/CNMSSMEFTHiggs_semi_analytic_model.o' models/CNMSSMEFTHiggs/CNMSSMEFTHiggs_semi_analytic_model.cpp
config/depgen.x -Iconfig -Isrc -Ifflite -Islhaea -Idoc -Imeta -Itemplates -Imodels/CNMSSMEFTHiggs -I. -Imodels/CNMSSMEFTHiggs/cxx_qft -Imodel_specific/SM -Imodel_specific/MSSM_higgs -Imodel_specific/NMSSM_higgs -I/usr/include -I/usr/include/eigen3 -I/usr/include   -MM -MI -o 'models/CNMSSMEFTHiggs/CNMSSMEFTHiggs_semi_analytic_matching_constraint.d' -MT 'models/CNMSSMEFTHiggs/CNMSSMEFTHiggs_semi_analytic_matching_constraint.o' models/CNMSSMEFTHiggs/CNMSSMEFTHiggs_semi_analytic_matching_constraint.cpp
config/depgen.x -Iconfig -Isrc -Ifflite -Islhaea -Idoc -Imeta -Itemplates -Imodels/CNMSSMEFTHiggs -I. -Imodels/CNMSSMEFTHiggs/cxx_qft -Imodel_specific/SM -Imodel_specific/MSSM_higgs -Imodel_specific/NMSSM_higgs -I/usr/include -I/usr/include/eigen3 -I/usr/include   -MM -MI -o 'models/CNMSSMEFTHiggs/CNMSSMEFTHiggs_semi_analytic_low_scale_constraint.d' -MT 'models/CNMSSMEFTHiggs/CNMSSMEFTHiggs_semi_analytic_low_scale_constraint.o' models/CNMSSMEFTHiggs/CNMSSMEFTHiggs_semi_analytic_low_scale_constraint.cpp
config/depgen.x -Iconfig -Isrc -Ifflite -Islhaea -Idoc -Imeta -Itemplates -Imodels/CNMSSMEFTHiggs -I. -Imodels/CNMSSMEFTHiggs/cxx_qft -Imodel_specific/SM -Imodel_specific/MSSM_higgs -Imodel_specific/NMSSM_higgs -I/usr/include -I/usr/include/eigen3 -I/usr/include   -MM -MI -o 'models/CNMSSMEFTHiggs/CNMSSMEFTHiggs_semi_analytic_initial_guesser.d' -MT 'models/CNMSSMEFTHiggs/CNMSSMEFTHiggs_semi_analytic_initial_guesser.o' models/CNMSSMEFTHiggs/CNMSSMEFTHiggs_semi_analytic_initial_guesser.cpp
config/depgen.x -Iconfig -Isrc -Ifflite -Islhaea -Idoc -Imeta -Itemplates -Imodels/CNMSSMEFTHiggs -I. -Imodels/CNMSSMEFTHiggs/cxx_qft -Imodel_specific/SM -Imodel_specific/MSSM_higgs -Imodel_specific/NMSSM_higgs -I/usr/include -I/usr/include/eigen3 -I/usr/include   -MM -MI -o 'models/CNMSSMEFTHiggs/CNMSSMEFTHiggs_semi_analytic_high_scale_constraint.d' -MT 'models/CNMSSMEFTHiggs/CNMSSMEFTHiggs_semi_analytic_high_scale_constraint.o' models/CNMSSMEFTHiggs/CNMSSMEFTHiggs_semi_analytic_high_scale_constraint.cpp
config/depgen.x -Iconfig -Isrc -Ifflite -Islhaea -Idoc -Imeta -Itemplates -Imodels/CNMSSMEFTHiggs -I. -Imodels/CNMSSMEFTHiggs/cxx_qft -Imodel_specific/SM -Imodel_specific/MSSM_higgs -Imodel_specific/NMSSM_higgs -I/usr/include -I/usr/include/eigen3 -I/usr/include   -MM -MI -o 'models/CNMSSMEFTHiggs/CNMSSMEFTHiggs_semi_analytic_ewsb_solver.d' -MT 'models/CNMSSMEFTHiggs/CNMSSMEFTHiggs_semi_analytic_ewsb_solver.o' models/CNMSSMEFTHiggs/CNMSSMEFTHiggs_semi_analytic_ewsb_solver.cpp
config/depgen.x -Iconfig -Isrc -Ifflite -Islhaea -Idoc -Imeta -Itemplates -Imodels/CNMSSMEFTHiggs -I. -Imodels/CNMSSMEFTHiggs/cxx_qft -Imodel_specific/SM -Imodel_specific/MSSM_higgs -Imodel_specific/NMSSM_higgs -I/usr/include -I/usr/include/eigen3 -I/usr/include   -MM -MI -o 'models/CNMSSMEFTHiggs/CNMSSMEFTHiggs_semi_analytic_convergence_tester.d' -MT 'models/CNMSSMEFTHiggs/CNMSSMEFTHiggs_semi_analytic_convergence_tester.o' models/CNMSSMEFTHiggs/CNMSSMEFTHiggs_semi_analytic_convergence_tester.cpp
g++ -Iconfig -Isrc -Ifflite -Islhaea -Idoc -Imeta -Itemplates -Imodels/CNMSSMEFTHiggs -I. -I/usr/include -I/usr/include/eigen3 -I/usr/include   -std=c++14 -O2 -fPIC -c src/betafunction.cpp -o src/betafunction.o
g++ -Iconfig -Isrc -Ifflite -Islhaea -Idoc -Imeta -Itemplates -Imodels/CNMSSMEFTHiggs -I. -I/usr/include -I/usr/include/eigen3 -I/usr/include   -std=c++14 -O2 -fPIC -c src/build_info.cpp -o src/build_info.o
g++ -Iconfig -Isrc -Ifflite -Islhaea -Idoc -Imeta -Itemplates -Imodels/CNMSSMEFTHiggs -I. -I/usr/include -I/usr/include/eigen3 -I/usr/include   -std=c++14 -O2 -fPIC -c src/bvp_solver_problems.cpp -o src/bvp_solver_problems.o
g++ -Iconfig -Isrc -Ifflite -Islhaea -Idoc -Imeta -Itemplates -Imodels/CNMSSMEFTHiggs -I. -I/usr/include -I/usr/include/eigen3 -I/usr/include   -std=c++14 -O2 -fPIC -c src/ckm.cpp -o src/ckm.o
g++ -Iconfig -Isrc -Ifflite -Islhaea -Idoc -Imeta -Itemplates -Imodels/CNMSSMEFTHiggs -I. -I/usr/include -I/usr/include/eigen3 -I/usr/include   -std=c++14 -O2 -fPIC -c src/command_line_options.cpp -o src/command_line_options.o
g++ -Iconfig -Isrc -Ifflite -Islhaea -Idoc -Imeta -Itemplates -Imodels/CNMSSMEFTHiggs -I. -I/usr/include -I/usr/include/eigen3 -I/usr/include   -std=c++14 -O2 -fPIC -c src/composite_convergence_tester.cpp -o src/composite_convergence_tester.o
g++ -Iconfig -Isrc -Ifflite -Islhaea -Idoc -Imeta -Itemplates -Imodels/CNMSSMEFTHiggs -I. -I/usr/include -I/usr/include/eigen3 -I/usr/include   -std=c++14 -O2 -fPIC -c src/database.cpp -o src/database.o
g++ -Iconfig -Isrc -Ifflite -Islhaea -Idoc -Imeta -Itemplates -Imodels/CNMSSMEFTHiggs -I. -I/usr/include -I/usr/include/eigen3 -I/usr/include   -std=c++14 -O2 -fPIC -c src/dilog.cpp -o src/dilog.o
g++ -Iconfig -Isrc -Ifflite -Islhaea -Idoc -Imeta -Itemplates -Imodels/CNMSSMEFTHiggs -I. -I/usr/include -I/usr/include/eigen3 -I/usr/include   -std=c++14 -O2 -fPIC -c src/effective_couplings.cpp -o src/effective_couplings.o
g++ -Iconfig -Isrc -Ifflite -Islhaea -Idoc -Imeta -Itemplates -Imodels/CNMSSMEFTHiggs -I. -I/usr/include -I/usr/include/eigen3 -I/usr/include   -std=c++14 -O2 -fPIC -c src/global_thread_pool.cpp -o src/global_thread_pool.o
g++ -Iconfig -Isrc -Ifflite -Islhaea -Idoc -Imeta -Itemplates -Imodels/CNMSSMEFTHiggs -I. -I/usr/include -I/usr/include/eigen3 -I/usr/include   -std=c++14 -O2 -fPIC -c src/gsl_utils.cpp -o src/gsl_utils.o
g++ -Iconfig -Isrc -Ifflite -Islhaea -Idoc -Imeta -Itemplates -Imodels/CNMSSMEFTHiggs -I. -I/usr/include -I/usr/include/eigen3 -I/usr/include   -std=c++14 -O2 -fPIC -c src/gsl_vector.cpp -o src/gsl_vector.o
g++ -Iconfig -Isrc -Ifflite -Islhaea -Idoc -Imeta -Itemplates -Imodels/CNMSSMEFTHiggs -I. -I/usr/include -I/usr/include/eigen3 -I/usr/include   -std=c++14 -O2 -fPIC -c src/logger.cpp -o src/logger.o
g++ -Iconfig -Isrc -Ifflite -Islhaea -Idoc -Imeta -Itemplates -Imodels/CNMSSMEFTHiggs -I. -I/usr/include -I/usr/include/eigen3 -I/usr/include   -std=c++14 -O2 -fPIC -c src/lowe.cpp -o src/lowe.o
g++ -Iconfig -Isrc -Ifflite -Islhaea -Idoc -Imeta -Itemplates -Imodels/CNMSSMEFTHiggs -I. -I/usr/include -I/usr/include/eigen3 -I/usr/include   -std=c++14 -O2 -fPIC -c src/numerics.cpp -o src/numerics.o
g++ -Iconfig -Isrc -Ifflite -Islhaea -Idoc -Imeta -Itemplates -Imodels/CNMSSMEFTHiggs -I. -I/usr/include -I/usr/include/eigen3 -I/usr/include   -std=c++14 -O2 -fPIC -c src/numerics2.cpp -o src/numerics2.o
g++ -Iconfig -Isrc -Ifflite -Islhaea -Idoc -Imeta -Itemplates -Imodels/CNMSSMEFTHiggs -I. -I/usr/include -I/usr/include/eigen3 -I/usr/include   -std=c++14 -O2 -fPIC -c src/physical_input.cpp -o src/physical_input.o
g++ -Iconfig -Isrc -Ifflite -Islhaea -Idoc -Imeta -Itemplates -Imodels/CNMSSMEFTHiggs -I. -I/usr/include -I/usr/include/eigen3 -I/usr/include   -std=c++14 -O2 -fPIC -c src/pmns.cpp -o src/pmns.o
g++ -Iconfig -Isrc -Ifflite -Islhaea -Idoc -Imeta -Itemplates -Imodels/CNMSSMEFTHiggs -I. -I/usr/include -I/usr/include/eigen3 -I/usr/include   -std=c++14 -O2 -fPIC -c src/problems.cpp -o src/problems.o
g++ -Iconfig -Isrc -Ifflite -Islhaea -Idoc -Imeta -Itemplates -Imodels/CNMSSMEFTHiggs -I. -I/usr/include -I/usr/include/eigen3 -I/usr/include   -std=c++14 -O2 -fPIC -c src/pv.cpp -o src/pv.o
g++ -Iconfig -Isrc -Ifflite -Islhaea -Idoc -Imeta -Itemplates -Imodels/CNMSSMEFTHiggs -I. -I/usr/include -I/usr/include/eigen3 -I/usr/include   -std=c++14 -O2 -fPIC -c src/rkf_integrator.cpp -o src/rkf_integrator.o
g++ -Iconfig -Isrc -Ifflite -Islhaea -Idoc -Imeta -Itemplates -Imodels/CNMSSMEFTHiggs -I. -I/usr/include -I/usr/include/eigen3 -I/usr/include   -std=c++14 -O2 -fPIC -c src/scan.cpp -o src/scan.o
g++ -Iconfig -Isrc -Ifflite -Islhaea -Idoc -Imeta -Itemplates -Imodels/CNMSSMEFTHiggs -I. -I/usr/include -I/usr/include/eigen3 -I/usr/include   -std=c++14 -O2 -fPIC -c src/semi_analytic_solver.cpp -o src/semi_analytic_solver.o
g++ -Iconfig -Isrc -Ifflite -Islhaea -Idoc -Imeta -Itemplates -Imodels/CNMSSMEFTHiggs -I. -I/usr/include -I/usr/include/eigen3 -I/usr/include   -std=c++14 -O2 -fPIC -c src/sfermions.cpp -o src/sfermions.o
g++ -Iconfig -Isrc -Ifflite -Islhaea -Idoc -Imeta -Itemplates -Imodels/CNMSSMEFTHiggs -I. -I/usr/include -I/usr/include/eigen3 -I/usr/include   -std=c++14 -O2 -fPIC -c src/slha_io.cpp -o src/slha_io.o
g++ -Iconfig -Isrc -Ifflite -Islhaea -Idoc -Imeta -Itemplates -Imodels/CNMSSMEFTHiggs -I. -I/usr/include -I/usr/include/eigen3 -I/usr/include   -std=c++14 -O2 -fPIC -c src/spectrum_generator_problems.cpp -o src/spectrum_generator_problems.o
g++ -Iconfig -Isrc -Ifflite -Islhaea -Idoc -Imeta -Itemplates -Imodels/CNMSSMEFTHiggs -I. -I/usr/include -I/usr/include/eigen3 -I/usr/include   -std=c++14 -O2 -fPIC -c src/spectrum_generator_settings.cpp -o src/spectrum_generator_settings.o
g++ -Iconfig -Isrc -Ifflite -Islhaea -Idoc -Imeta -Itemplates -Imodels/CNMSSMEFTHiggs -I. -I/usr/include -I/usr/include/eigen3 -I/usr/include   -std=c++14 -O2 -fPIC -c src/string_utils.cpp -o src/string_utils.o
g++ -Iconfig -Isrc -Ifflite -Islhaea -Idoc -Imeta -Itemplates -Imodels/CNMSSMEFTHiggs -I. -I/usr/include -I/usr/include/eigen3 -I/usr/include   -std=c++14 -O2 -fPIC -c src/threshold_corrections.cpp -o src/threshold_corrections.o
g++ -Iconfig -Isrc -Ifflite -Islhaea -Idoc -Imeta -Itemplates -Imodels/CNMSSMEFTHiggs -I. -I/usr/include -I/usr/include/eigen3 -I/usr/include   -std=c++14 -O2 -fPIC -c src/threshold_loop_functions.cpp -o src/threshold_loop_functions.o
g++ -Iconfig -Isrc -Ifflite -Islhaea -Idoc -Imeta -Itemplates -Imodels/CNMSSMEFTHiggs -I. -I/usr/include -I/usr/include/eigen3 -I/usr/include   -std=c++14 -O2 -fPIC -c src/two_scale_running_precision.cpp -o src/two_scale_running_precision.o
g++ -Iconfig -Isrc -Ifflite -Islhaea -Idoc -Imeta -Itemplates -Imodels/CNMSSMEFTHiggs -I. -I/usr/include -I/usr/include/eigen3 -I/usr/include   -std=c++14 -O2 -fPIC -c src/two_scale_solver.cpp -o src/two_scale_solver.o
g++ -Iconfig -Isrc -Ifflite -Islhaea -Idoc -Imeta -Itemplates -Imodels/CNMSSMEFTHiggs -I. -I/usr/include -I/usr/include/eigen3 -I/usr/include   -std=c++14 -O2 -fPIC -c src/weinberg_angle.cpp -o src/weinberg_angle.o
g++ -Iconfig -Isrc -Ifflite -Islhaea -Idoc -Imeta -Itemplates -Imodels/CNMSSMEFTHiggs -I. -I/usr/include -I/usr/include/eigen3 -I/usr/include   -std=c++14 -O2 -fPIC -c src/wrappers.cpp -o src/wrappers.o
gfortran -O2 -fPIC -frecursive -c src/dilogc.f -o src/dilogc.o
g++ -Iconfig -Isrc -Ifflite -Islhaea -Idoc -Imeta -Itemplates -Imodels/CNMSSMEFTHiggs -I. -Imodels/CNMSSMEFTHiggs/cxx_qft -Imodel_specific/SM -Imodel_specific/MSSM_higgs -Imodel_specific/NMSSM_higgs -I/usr/include -I/usr/include/eigen3 -I/usr/include   -std=c++14 -O2 -fPIC -c models/CNMSSMEFTHiggs/CNMSSMEFTHiggs_info.cpp -o models/CNMSSMEFTHiggs/CNMSSMEFTHiggs_info.o
g++ -Iconfig -Isrc -Ifflite -Islhaea -Idoc -Imeta -Itemplates -Imodels/CNMSSMEFTHiggs -I. -Imodels/CNMSSMEFTHiggs/cxx_qft -Imodel_specific/SM -Imodel_specific/MSSM_higgs -Imodel_specific/NMSSM_higgs -I/usr/include -I/usr/include/eigen3 -I/usr/include   -std=c++14 -O2 -fPIC -c models/CNMSSMEFTHiggs/CNMSSMEFTHiggs_input_parameters.cpp -o models/CNMSSMEFTHiggs/CNMSSMEFTHiggs_input_parameters.o
g++ -Iconfig -Isrc -Ifflite -Islhaea -Idoc -Imeta -Itemplates -Imodels/CNMSSMEFTHiggs -I. -Imodels/CNMSSMEFTHiggs/cxx_qft -Imodel_specific/SM -Imodel_specific/MSSM_higgs -Imodel_specific/NMSSM_higgs -I/usr/include -I/usr/include/eigen3 -I/usr/include   -std=c++14 -O2 -fPIC -c models/CNMSSMEFTHiggs/CNMSSMEFTHiggs_physical.cpp -o models/CNMSSMEFTHiggs/CNMSSMEFTHiggs_physical.o
g++ -Iconfig -Isrc -Ifflite -Islhaea -Idoc -Imeta -Itemplates -Imodels/CNMSSMEFTHiggs -I. -Imodels/CNMSSMEFTHiggs/cxx_qft -Imodel_specific/SM -Imodel_specific/MSSM_higgs -Imodel_specific/NMSSM_higgs -I/usr/include -I/usr/include/eigen3 -I/usr/include   -std=c++14 -O2 -fPIC -c models/CNMSSMEFTHiggs/CNMSSMEFTHiggs_semi_analytic_matching_constraint.cpp -o models/CNMSSMEFTHiggs/CNMSSMEFTHiggs_semi_analytic_matching_constraint.o
g++ -Iconfig -Isrc -Ifflite -Islhaea -Idoc -Imeta -Itemplates -Imodels/CNMSSMEFTHiggs -I. -Imodels/CNMSSMEFTHiggs/cxx_qft -Imodel_specific/SM -Imodel_specific/MSSM_higgs -Imodel_specific/NMSSM_higgs -I/usr/include -I/usr/include/eigen3 -I/usr/include   -std=c++14 -O2 -fPIC -c models/CNMSSMEFTHiggs/CNMSSMEFTHiggs_semi_analytic_model.cpp -o models/CNMSSMEFTHiggs/CNMSSMEFTHiggs_semi_analytic_model.o
g++ -Iconfig -Isrc -Ifflite -Islhaea -Idoc -Imeta -Itemplates -Imodels/CNMSSMEFTHiggs -I. -Imodels/CNMSSMEFTHiggs/cxx_qft -Imodel_specific/SM -Imodel_specific/MSSM_higgs -Imodel_specific/NMSSM_higgs -I/usr/include -I/usr/include/eigen3 -I/usr/include   -std=c++14 -O2 -fPIC -c models/CNMSSMEFTHiggs/CNMSSMEFTHiggs_semi_analytic_solutions.cpp -o models/CNMSSMEFTHiggs/CNMSSMEFTHiggs_semi_analytic_solutions.o
g++ -Iconfig -Isrc -Ifflite -Islhaea -Idoc -Imeta -Itemplates -Imodels/CNMSSMEFTHiggs -I. -Imodels/CNMSSMEFTHiggs/cxx_qft -Imodel_specific/SM -Imodel_specific/MSSM_higgs -Imodel_specific/NMSSM_higgs -I/usr/include -I/usr/include/eigen3 -I/usr/include   -std=c++14 -O2 -fPIC -c models/CNMSSMEFTHiggs/CNMSSMEFTHiggs_semi_analytic_susy_convergence_tester.cpp -o models/CNMSSMEFTHiggs/CNMSSMEFTHiggs_semi_analytic_susy_convergence_tester.o
g++ -Iconfig -Isrc -Ifflite -Islhaea -Idoc -Imeta -Itemplates -Imodels/CNMSSMEFTHiggs -I. -Imodels/CNMSSMEFTHiggs/cxx_qft -Imodel_specific/SM -Imodel_specific/MSSM_higgs -Imodel_specific/NMSSM_higgs -I/usr/include -I/usr/include/eigen3 -I/usr/include   -std=c++14 -O2 -fPIC -c models/CNMSSMEFTHiggs/CNMSSMEFTHiggs_semi_analytic_susy_scale_constraint.cpp -o models/CNMSSMEFTHiggs/CNMSSMEFTHiggs_semi_analytic_susy_scale_constraint.o
g++ -Iconfig -Isrc -Ifflite -Islhaea -Idoc -Imeta -Itemplates -Imodels/CNMSSMEFTHiggs -I. -Imodels/CNMSSMEFTHiggs/cxx_qft -Imodel_specific/SM -Imodel_specific/MSSM_higgs -Imodel_specific/NMSSM_higgs -I/usr/include -I/usr/include/eigen3 -I/usr/include   -std=c++14 -O2 -fPIC -c models/CNMSSMEFTHiggs/CNMSSMEFTHiggs_soft_beta_MassB.cpp -o models/CNMSSMEFTHiggs/CNMSSMEFTHiggs_soft_beta_MassB.o
g++ -Iconfig -Isrc -Ifflite -Islhaea -Idoc -Imeta -Itemplates -Imodels/CNMSSMEFTHiggs -I. -Imodels/CNMSSMEFTHiggs/cxx_qft -Imodel_specific/SM -Imodel_specific/MSSM_higgs -Imodel_specific/NMSSM_higgs -I/usr/include -I/usr/include/eigen3 -I/usr/include   -std=c++14 -O2 -fPIC -c models/CNMSSMEFTHiggs/CNMSSMEFTHiggs_soft_beta_MassG.cpp -o models/CNMSSMEFTHiggs/CNMSSMEFTHiggs_soft_beta_MassG.o
g++ -Iconfig -Isrc -Ifflite -Islhaea -Idoc -Imeta -Itemplates -Imodels/CNMSSMEFTHiggs -I. -Imodels/CNMSSMEFTHiggs/cxx_qft -Imodel_specific/SM -Imodel_specific/MSSM_higgs -Imodel_specific/NMSSM_higgs -I/usr/include -I/usr/include/eigen3 -I/usr/include   -std=c++14 -O2 -fPIC -c models/CNMSSMEFTHiggs/CNMSSMEFTHiggs_soft_beta_MassWB.cpp -o models/CNMSSMEFTHiggs/CNMSSMEFTHiggs_soft_beta_MassWB.o
g++ -Iconfig -Isrc -Ifflite -Islhaea -Idoc -Imeta -Itemplates -Imodels/CNMSSMEFTHiggs -I. -Imodels/CNMSSMEFTHiggs/cxx_qft -Imodel_specific/SM -Imodel_specific/MSSM_higgs -Imodel_specific/NMSSM_higgs -I/usr/include -I/usr/include/eigen3 -I/usr/include   -std=c++14 -O2 -fPIC -c models/CNMSSMEFTHiggs/CNMSSMEFTHiggs_soft_beta_TKappa.cpp -o models/CNMSSMEFTHiggs/CNMSSMEFTHiggs_soft_beta_TKappa.o
g++ -Iconfig -Isrc -Ifflite -Islhaea -Idoc -Imeta -Itemplates -Imodels/CNMSSMEFTHiggs -I. -Imodels/CNMSSMEFTHiggs/cxx_qft -Imodel_specific/SM -Imodel_specific/MSSM_higgs -Imodel_specific/NMSSM_higgs -I/usr/include -I/usr/include/eigen3 -I/usr/include   -std=c++14 -O2 -fPIC -c models/CNMSSMEFTHiggs/CNMSSMEFTHiggs_soft_beta_TLambdax.cpp -o models/CNMSSMEFTHiggs/CNMSSMEFTHiggs_soft_beta_TLambdax.o
g++ -Iconfig -Isrc -Ifflite -Islhaea -Idoc -Imeta -Itemplates -Imodels/CNMSSMEFTHiggs -I. -Imodels/CNMSSMEFTHiggs/cxx_qft -Imodel_specific/SM -Imodel_specific/MSSM_higgs -Imodel_specific/NMSSM_higgs -I/usr/include -I/usr/include/eigen3 -I/usr/include   -std=c++14 -O2 -fPIC -c models/CNMSSMEFTHiggs/CNMSSMEFTHiggs_soft_beta_TYd.cpp -o models/CNMSSMEFTHiggs/CNMSSMEFTHiggs_soft_beta_TYd.o
g++ -Iconfig -Isrc -Ifflite -Islhaea -Idoc -Imeta -Itemplates -Imodels/CNMSSMEFTHiggs -I. -Imodels/CNMSSMEFTHiggs/cxx_qft -Imodel_specific/SM -Imodel_specific/MSSM_higgs -Imodel_specific/NMSSM_higgs -I/usr/include -I/usr/include/eigen3 -I/usr/include   -std=c++14 -O2 -fPIC -c models/CNMSSMEFTHiggs/CNMSSMEFTHiggs_soft_beta_TYe.cpp -o models/CNMSSMEFTHiggs/CNMSSMEFTHiggs_soft_beta_TYe.o
g++ -Iconfig -Isrc -Ifflite -Islhaea -Idoc -Imeta -Itemplates -Imodels/CNMSSMEFTHiggs -I. -Imodels/CNMSSMEFTHiggs/cxx_qft -Imodel_specific/SM -Imodel_specific/MSSM_higgs -Imodel_specific/NMSSM_higgs -I/usr/include -I/usr/include/eigen3 -I/usr/include   -std=c++14 -O2 -fPIC -c models/CNMSSMEFTHiggs/CNMSSMEFTHiggs_soft_beta_TYu.cpp -o models/CNMSSMEFTHiggs/CNMSSMEFTHiggs_soft_beta_TYu.o
g++ -Iconfig -Isrc -Ifflite -Islhaea -Idoc -Imeta -Itemplates -Imodels/CNMSSMEFTHiggs -I. -Imodels/CNMSSMEFTHiggs/cxx_qft -Imodel_specific/SM -Imodel_specific/MSSM_higgs -Imodel_specific/NMSSM_higgs -I/usr/include -I/usr/include/eigen3 -I/usr/include   -std=c++14 -O2 -fPIC -c models/CNMSSMEFTHiggs/CNMSSMEFTHiggs_soft_beta_mHd2.cpp -o models/CNMSSMEFTHiggs/CNMSSMEFTHiggs_soft_beta_mHd2.o
g++ -Iconfig -Isrc -Ifflite -Islhaea -Idoc -Imeta -Itemplates -Imodels/CNMSSMEFTHiggs -I. -Imodels/CNMSSMEFTHiggs/cxx_qft -Imodel_specific/SM -Imodel_specific/MSSM_higgs -Imodel_specific/NMSSM_higgs -I/usr/include -I/usr/include/eigen3 -I/usr/include   -std=c++14 -O2 -fPIC -c models/CNMSSMEFTHiggs/CNMSSMEFTHiggs_soft_beta_mHu2.cpp -o models/CNMSSMEFTHiggs/CNMSSMEFTHiggs_soft_beta_mHu2.o
g++ -Iconfig -Isrc -Ifflite -Islhaea -Idoc -Imeta -Itemplates -Imodels/CNMSSMEFTHiggs -I. -Imodels/CNMSSMEFTHiggs/cxx_qft -Imodel_specific/SM -Imodel_specific/MSSM_higgs -Imodel_specific/NMSSM_higgs -I/usr/include -I/usr/include/eigen3 -I/usr/include   -std=c++14 -O2 -fPIC -c models/CNMSSMEFTHiggs/CNMSSMEFTHiggs_soft_beta_md2.cpp -o models/CNMSSMEFTHiggs/CNMSSMEFTHiggs_soft_beta_md2.o
g++ -Iconfig -Isrc -Ifflite -Islhaea -Idoc -Imeta -Itemplates -Imodels/CNMSSMEFTHiggs -I. -Imodels/CNMSSMEFTHiggs/cxx_qft -Imodel_specific/SM -Imodel_specific/MSSM_higgs -Imodel_specific/NMSSM_higgs -I/usr/include -I/usr/include/eigen3 -I/usr/include   -std=c++14 -O2 -fPIC -c models/CNMSSMEFTHiggs/CNMSSMEFTHiggs_soft_beta_me2.cpp -o models/CNMSSMEFTHiggs/CNMSSMEFTHiggs_soft_beta_me2.o
g++ -Iconfig -Isrc -Ifflite -Islhaea -Idoc -Imeta -Itemplates -Imodels/CNMSSMEFTHiggs -I. -Imodels/CNMSSMEFTHiggs/cxx_qft -Imodel_specific/SM -Imodel_specific/MSSM_higgs -Imodel_specific/NMSSM_higgs -I/usr/include -I/usr/include/eigen3 -I/usr/include   -std=c++14 -O2 -fPIC -c models/CNMSSMEFTHiggs/CNMSSMEFTHiggs_soft_beta_ml2.cpp -o models/CNMSSMEFTHiggs/CNMSSMEFTHiggs_soft_beta_ml2.o
g++ -Iconfig -Isrc -Ifflite -Islhaea -Idoc -Imeta -Itemplates -Imodels/CNMSSMEFTHiggs -I. -Imodels/CNMSSMEFTHiggs/cxx_qft -Imodel_specific/SM -Imodel_specific/MSSM_higgs -Imodel_specific/NMSSM_higgs -I/usr/include -I/usr/include/eigen3 -I/usr/include   -std=c++14 -O2 -fPIC -c models/CNMSSMEFTHiggs/CNMSSMEFTHiggs_soft_beta_mq2.cpp -o models/CNMSSMEFTHiggs/CNMSSMEFTHiggs_soft_beta_mq2.o
g++ -Iconfig -Isrc -Ifflite -Islhaea -Idoc -Imeta -Itemplates -Imodels/CNMSSMEFTHiggs -I. -Imodels/CNMSSMEFTHiggs/cxx_qft -Imodel_specific/SM -Imodel_specific/MSSM_higgs -Imodel_specific/NMSSM_higgs -I/usr/include -I/usr/include/eigen3 -I/usr/include   -std=c++14 -O2 -fPIC -c models/CNMSSMEFTHiggs/CNMSSMEFTHiggs_soft_beta_ms2.cpp -o models/CNMSSMEFTHiggs/CNMSSMEFTHiggs_soft_beta_ms2.o
g++ -Iconfig -Isrc -Ifflite -Islhaea -Idoc -Imeta -Itemplates -Imodels/CNMSSMEFTHiggs -I. -Imodels/CNMSSMEFTHiggs/cxx_qft -Imodel_specific/SM -Imodel_specific/MSSM_higgs -Imodel_specific/NMSSM_higgs -I/usr/include -I/usr/include/eigen3 -I/usr/include   -std=c++14 -O2 -fPIC -c models/CNMSSMEFTHiggs/CNMSSMEFTHiggs_soft_beta_mu2.cpp -o models/CNMSSMEFTHiggs/CNMSSMEFTHiggs_soft_beta_mu2.o
g++ -Iconfig -Isrc -Ifflite -Islhaea -Idoc -Imeta -Itemplates -Imodels/CNMSSMEFTHiggs -I. -Imodels/CNMSSMEFTHiggs/cxx_qft -Imodel_specific/SM -Imodel_specific/MSSM_higgs -Imodel_specific/NMSSM_higgs -I/usr/include -I/usr/include/eigen3 -I/usr/include   -std=c++14 -O2 -fPIC -c models/CNMSSMEFTHiggs/CNMSSMEFTHiggs_soft_parameters.cpp -o models/CNMSSMEFTHiggs/CNMSSMEFTHiggs_soft_parameters.o
g++ -Iconfig -Isrc -Ifflite -Islhaea -Idoc -Imeta -Itemplates -Imodels/CNMSSMEFTHiggs -I. -Imodels/CNMSSMEFTHiggs/cxx_qft -Imodel_specific/SM -Imodel_specific/MSSM_higgs -Imodel_specific/NMSSM_higgs -I/usr/include -I/usr/include/eigen3 -I/usr/include   -std=c++14 -O2 -fPIC -c models/CNMSSMEFTHiggs/CNMSSMEFTHiggs_standard_model_matching.cpp -o models/CNMSSMEFTHiggs/CNMSSMEFTHiggs_standard_model_matching.o
g++ -Iconfig -Isrc -Ifflite -Islhaea -Idoc -Imeta -Itemplates -Imodels/CNMSSMEFTHiggs -I. -Imodels/CNMSSMEFTHiggs/cxx_qft -Imodel_specific/SM -Imodel_specific/MSSM_higgs -Imodel_specific/NMSSM_higgs -I/usr/include -I/usr/include/eigen3 -I/usr/include   -std=c++14 -O2 -fPIC -c models/CNMSSMEFTHiggs/CNMSSMEFTHiggs_standard_model_semi_analytic_matching.cpp -o models/CNMSSMEFTHiggs/CNMSSMEFTHiggs_standard_model_semi_analytic_matching.o
g++ -Iconfig -Isrc -Ifflite -Islhaea -Idoc -Imeta -Itemplates -Imodels/CNMSSMEFTHiggs -I. -Imodels/CNMSSMEFTHiggs/cxx_qft -Imodel_specific/SM -Imodel_specific/MSSM_higgs -Imodel_specific/NMSSM_higgs -I/usr/include -I/usr/include/eigen3 -I/usr/include   -std=c++14 -O2 -fPIC -c models/CNMSSMEFTHiggs/CNMSSMEFTHiggs_susy_beta_Kappa.cpp -o models/CNMSSMEFTHiggs/CNMSSMEFTHiggs_susy_beta_Kappa.o
g++ -Iconfig -Isrc -Ifflite -Islhaea -Idoc -Imeta -Itemplates -Imodels/CNMSSMEFTHiggs -I. -Imodels/CNMSSMEFTHiggs/cxx_qft -Imodel_specific/SM -Imodel_specific/MSSM_higgs -Imodel_specific/NMSSM_higgs -I/usr/include -I/usr/include/eigen3 -I/usr/include   -std=c++14 -O2 -fPIC -c models/CNMSSMEFTHiggs/CNMSSMEFTHiggs_susy_beta_Lambdax.cpp -o models/CNMSSMEFTHiggs/CNMSSMEFTHiggs_susy_beta_Lambdax.o
g++ -Iconfig -Isrc -Ifflite -Islhaea -Idoc -Imeta -Itemplates -Imodels/CNMSSMEFTHiggs -I. -Imodels/CNMSSMEFTHiggs/cxx_qft -Imodel_specific/SM -Imodel_specific/MSSM_higgs -Imodel_specific/NMSSM_higgs -I/usr/include -I/usr/include/eigen3 -I/usr/include   -std=c++14 -O2 -fPIC -c models/CNMSSMEFTHiggs/CNMSSMEFTHiggs_susy_beta_Yd.cpp -o models/CNMSSMEFTHiggs/CNMSSMEFTHiggs_susy_beta_Yd.o
g++ -Iconfig -Isrc -Ifflite -Islhaea -Idoc -Imeta -Itemplates -Imodels/CNMSSMEFTHiggs -I. -Imodels/CNMSSMEFTHiggs/cxx_qft -Imodel_specific/SM -Imodel_specific/MSSM_higgs -Imodel_specific/NMSSM_higgs -I/usr/include -I/usr/include/eigen3 -I/usr/include   -std=c++14 -O2 -fPIC -c models/CNMSSMEFTHiggs/CNMSSMEFTHiggs_susy_beta_Ye.cpp -o models/CNMSSMEFTHiggs/CNMSSMEFTHiggs_susy_beta_Ye.o
g++ -Iconfig -Isrc -Ifflite -Islhaea -Idoc -Imeta -Itemplates -Imodels/CNMSSMEFTHiggs -I. -Imodels/CNMSSMEFTHiggs/cxx_qft -Imodel_specific/SM -Imodel_specific/MSSM_higgs -Imodel_specific/NMSSM_higgs -I/usr/include -I/usr/include/eigen3 -I/usr/include   -std=c++14 -O2 -fPIC -c models/CNMSSMEFTHiggs/CNMSSMEFTHiggs_susy_beta_Yu.cpp -o models/CNMSSMEFTHiggs/CNMSSMEFTHiggs_susy_beta_Yu.o
g++ -Iconfig -Isrc -Ifflite -Islhaea -Idoc -Imeta -Itemplates -Imodels/CNMSSMEFTHiggs -I. -Imodels/CNMSSMEFTHiggs/cxx_qft -Imodel_specific/SM -Imodel_specific/MSSM_higgs -Imodel_specific/NMSSM_higgs -I/usr/include -I/usr/include/eigen3 -I/usr/include   -std=c++14 -O2 -fPIC -c models/CNMSSMEFTHiggs/CNMSSMEFTHiggs_susy_beta_g1.cpp -o models/CNMSSMEFTHiggs/CNMSSMEFTHiggs_susy_beta_g1.o
g++ -Iconfig -Isrc -Ifflite -Islhaea -Idoc -Imeta -Itemplates -Imodels/CNMSSMEFTHiggs -I. -Imodels/CNMSSMEFTHiggs/cxx_qft -Imodel_specific/SM -Imodel_specific/MSSM_higgs -Imodel_specific/NMSSM_higgs -I/usr/include -I/usr/include/eigen3 -I/usr/include   -std=c++14 -O2 -fPIC -c models/CNMSSMEFTHiggs/CNMSSMEFTHiggs_susy_beta_g2.cpp -o models/CNMSSMEFTHiggs/CNMSSMEFTHiggs_susy_beta_g2.o
g++ -Iconfig -Isrc -Ifflite -Islhaea -Idoc -Imeta -Itemplates -Imodels/CNMSSMEFTHiggs -I. -Imodels/CNMSSMEFTHiggs/cxx_qft -Imodel_specific/SM -Imodel_specific/MSSM_higgs -Imodel_specific/NMSSM_higgs -I/usr/include -I/usr/include/eigen3 -I/usr/include   -std=c++14 -O2 -fPIC -c models/CNMSSMEFTHiggs/CNMSSMEFTHiggs_susy_beta_g3.cpp -o models/CNMSSMEFTHiggs/CNMSSMEFTHiggs_susy_beta_g3.o
g++ -Iconfig -Isrc -Ifflite -Islhaea -Idoc -Imeta -Itemplates -Imodels/CNMSSMEFTHiggs -I. -Imodels/CNMSSMEFTHiggs/cxx_qft -Imodel_specific/SM -Imodel_specific/MSSM_higgs -Imodel_specific/NMSSM_higgs -I/usr/include -I/usr/include/eigen3 -I/usr/include   -std=c++14 -O2 -fPIC -c models/CNMSSMEFTHiggs/CNMSSMEFTHiggs_susy_beta_vS.cpp -o models/CNMSSMEFTHiggs/CNMSSMEFTHiggs_susy_beta_vS.o
g++ -Iconfig -Isrc -Ifflite -Islhaea -Idoc -Imeta -Itemplates -Imodels/CNMSSMEFTHiggs -I. -Imodels/CNMSSMEFTHiggs/cxx_qft -Imodel_specific/SM -Imodel_specific/MSSM_higgs -Imodel_specific/NMSSM_higgs -I/usr/include -I/usr/include/eigen3 -I/usr/include   -std=c++14 -O2 -fPIC -c models/CNMSSMEFTHiggs/CNMSSMEFTHiggs_susy_beta_vd.cpp -o models/CNMSSMEFTHiggs/CNMSSMEFTHiggs_susy_beta_vd.o
g++ -Iconfig -Isrc -Ifflite -Islhaea -Idoc -Imeta -Itemplates -Imodels/CNMSSMEFTHiggs -I. -Imodels/CNMSSMEFTHiggs/cxx_qft -Imodel_specific/SM -Imodel_specific/MSSM_higgs -Imodel_specific/NMSSM_higgs -I/usr/include -I/usr/include/eigen3 -I/usr/include   -std=c++14 -O2 -fPIC -c models/CNMSSMEFTHiggs/CNMSSMEFTHiggs_susy_beta_vu.cpp -o models/CNMSSMEFTHiggs/CNMSSMEFTHiggs_susy_beta_vu.o
g++ -Iconfig -Isrc -Ifflite -Islhaea -Idoc -Imeta -Itemplates -Imodels/CNMSSMEFTHiggs -I. -Imodels/CNMSSMEFTHiggs/cxx_qft -Imodel_specific/SM -Imodel_specific/MSSM_higgs -Imodel_specific/NMSSM_higgs -I/usr/include -I/usr/include/eigen3 -I/usr/include   -std=c++14 -O2 -fPIC -c models/CNMSSMEFTHiggs/CNMSSMEFTHiggs_susy_parameters.cpp -o models/CNMSSMEFTHiggs/CNMSSMEFTHiggs_susy_parameters.o
g++ -Iconfig -Isrc -Ifflite -Islhaea -Idoc -Imeta -Itemplates -Imodels/CNMSSMEFTHiggs -I. -Imodels/CNMSSMEFTHiggs/cxx_qft -Imodel_specific/SM -Imodel_specific/MSSM_higgs -Imodel_specific/NMSSM_higgs -I/usr/include -I/usr/include/eigen3 -I/usr/include   -std=c++14 -O2 -fPIC -c models/CNMSSMEFTHiggs/CNMSSMEFTHiggs_utilities.cpp -o models/CNMSSMEFTHiggs/CNMSSMEFTHiggs_utilities.o
g++ -Iconfig -Isrc -Ifflite -Islhaea -Idoc -Imeta -Itemplates -Imodels/CNMSSMEFTHiggs -I. -Imodels/CNMSSMEFTHiggs/cxx_qft -Imodel_specific/SM -Imodel_specific/MSSM_higgs -Imodel_specific/NMSSM_higgs -I/usr/include -I/usr/include/eigen3 -I/usr/include   -std=c++14 -O2 -fPIC -c models/CNMSSMEFTHiggs/CNMSSMEFTHiggs_weinberg_angle.cpp -o models/CNMSSMEFTHiggs/CNMSSMEFTHiggs_weinberg_angle.o
g++ -Iconfig -Isrc -Ifflite -Islhaea -Idoc -Imeta -Itemplates -Imodels/CNMSSMEFTHiggs -I. -Imodels/CNMSSMEFTHiggs/cxx_qft -Imodel_specific/SM -Imodel_specific/MSSM_higgs -Imodel_specific/NMSSM_higgs -I/usr/include -I/usr/include/eigen3 -I/usr/include   -std=c++14 -O2 -fPIC -c models/CNMSSMEFTHiggs/cxx_qft/CNMSSMEFTHiggs_vertices_1.cpp -o models/CNMSSMEFTHiggs/cxx_qft/CNMSSMEFTHiggs_vertices_1.o
g++ -Iconfig -Isrc -Ifflite -Islhaea -Idoc -Imeta -Itemplates -Imodels/CNMSSMEFTHiggs -I. -I/usr/include -I/usr/include/eigen3 -I/usr/include   -std=c++14 -O2 -fPIC -c model_specific/MSSM_higgs/mssm_twoloophiggs.cpp -o model_specific/MSSM_higgs/mssm_twoloophiggs.o
gfortran -O2 -fPIC -frecursive -c model_specific/MSSM_higgs/mssm_twoloophiggs_impl.f -o model_specific/MSSM_higgs/mssm_twoloophiggs_impl.o
g++ -Iconfig -Isrc -Ifflite -Islhaea -Idoc -Imeta -Itemplates -Imodels/CNMSSMEFTHiggs -I. -Imodel_specific/MSSM_higgs -I/usr/include -I/usr/include/eigen3 -I/usr/include   -std=c++14 -O2 -fPIC -c model_specific/NMSSM_higgs/nmssm_twoloophiggs.cpp -o model_specific/NMSSM_higgs/nmssm_twoloophiggs.o
gfortran -O2 -fPIC -frecursive -c model_specific/NMSSM_higgs/nmssm2loop.f -o model_specific/NMSSM_higgs/nmssm2loop.o
g++ -Iconfig -Isrc -Ifflite -Islhaea -Idoc -Imeta -Itemplates -Imodels/CNMSSMEFTHiggs -I. -I/usr/include -I/usr/include/eigen3 -I/usr/include   -std=c++14 -O2 -fPIC -c model_specific/SM/sm_fourloophiggs.cpp -o model_specific/SM/sm_fourloophiggs.o
g++ -Iconfig -Isrc -Ifflite -Islhaea -Idoc -Imeta -Itemplates -Imodels/CNMSSMEFTHiggs -I. -I/usr/include -I/usr/include/eigen3 -I/usr/include   -std=c++14 -O2 -fPIC -c model_specific/SM/sm_threeloop_as.cpp -o model_specific/SM/sm_threeloop_as.o
g++ -Iconfig -Isrc -Ifflite -Islhaea -Idoc -Imeta -Itemplates -Imodels/CNMSSMEFTHiggs -I. -I/usr/include -I/usr/include/eigen3 -I/usr/include   -std=c++14 -O2 -fPIC -c model_specific/SM/sm_threeloophiggs.cpp -o model_specific/SM/sm_threeloophiggs.o
g++ -Iconfig -Isrc -Ifflite -Islhaea -Idoc -Imeta -Itemplates -Imodels/CNMSSMEFTHiggs -I. -I/usr/include -I/usr/include/eigen3 -I/usr/include   -std=c++14 -O2 -fPIC -c model_specific/SM/sm_twoloophiggs.cpp -o model_specific/SM/sm_twoloophiggs.o
g++ -Iconfig -Isrc -Ifflite -Islhaea -Idoc -Imeta -Itemplates -Imodels/CNMSSMEFTHiggs -I. -I/usr/include -I/usr/include/eigen3 -I/usr/include   -std=c++14 -O2 -fPIC -c model_specific/SM/standard_model.cpp -o model_specific/SM/standard_model.o
g++ -Iconfig -Isrc -Ifflite -Islhaea -Idoc -Imeta -Itemplates -Imodels/CNMSSMEFTHiggs -I. -I/usr/include -I/usr/include/eigen3 -I/usr/include   -std=c++14 -O2 -fPIC -c model_specific/SM/standard_model_effective_couplings.cpp -o model_specific/SM/standard_model_effective_couplings.o
g++ -Iconfig -Isrc -Ifflite -Islhaea -Idoc -Imeta -Itemplates -Imodels/CNMSSMEFTHiggs -I. -I/usr/include -I/usr/include/eigen3 -I/usr/include   -std=c++14 -O2 -fPIC -c model_specific/SM/standard_model_physical.cpp -o model_specific/SM/standard_model_physical.o
g++ -Iconfig -Isrc -Ifflite -Islhaea -Idoc -Imeta -Itemplates -Imodels/CNMSSMEFTHiggs -I. -I/usr/include -I/usr/include/eigen3 -I/usr/include   -std=c++14 -O2 -fPIC -c model_specific/SM/standard_model_two_scale_convergence_tester.cpp -o model_specific/SM/standard_model_two_scale_convergence_tester.o
g++ -Iconfig -Isrc -Ifflite -Islhaea -Idoc -Imeta -Itemplates -Imodels/CNMSSMEFTHiggs -I. -I/usr/include -I/usr/include/eigen3 -I/usr/include   -std=c++14 -O2 -fPIC -c model_specific/SM/standard_model_two_scale_low_scale_constraint.cpp -o model_specific/SM/standard_model_two_scale_low_scale_constraint.o
g++ -Iconfig -Isrc -Ifflite -Islhaea -Idoc -Imeta -Itemplates -Imodels/CNMSSMEFTHiggs -I. -I/usr/include -I/usr/include/eigen3 -I/usr/include   -std=c++14 -O2 -fPIC -c model_specific/SM/standard_model_two_scale_model.cpp -o model_specific/SM/standard_model_two_scale_model.o
g++ -Iconfig -Isrc -Ifflite -Islhaea -Idoc -Imeta -Itemplates -Imodels/CNMSSMEFTHiggs -I. -Imodels/CNMSSMEFTHiggs/cxx_qft -Imodel_specific/SM -Imodel_specific/MSSM_higgs -Imodel_specific/NMSSM_higgs -I/usr/include -I/usr/include/eigen3 -I/usr/include   -std=c++14 -O2 -fPIC -c models/CNMSSMEFTHiggs/run_CNMSSMEFTHiggs.cpp -o models/CNMSSMEFTHiggs/run_CNMSSMEFTHiggs.o
g++ -Iconfig -Isrc -Ifflite -Islhaea -Idoc -Imeta -Itemplates -Imodels/CNMSSMEFTHiggs -I. -Imodels/CNMSSMEFTHiggs/cxx_qft -Imodel_specific/SM -Imodel_specific/MSSM_higgs -Imodel_specific/NMSSM_higgs -I/usr/include -I/usr/include/eigen3 -I/usr/include   -std=c++14 -O2 -fPIC -c models/CNMSSMEFTHiggs/run_cmd_line_CNMSSMEFTHiggs.cpp -o models/CNMSSMEFTHiggs/run_cmd_line_CNMSSMEFTHiggs.o
g++ -Iconfig -Isrc -Ifflite -Islhaea -Idoc -Imeta -Itemplates -Imodels/CNMSSMEFTHiggs -I. -Imodels/CNMSSMEFTHiggs/cxx_qft -Imodel_specific/SM -Imodel_specific/MSSM_higgs -Imodel_specific/NMSSM_higgs -I/usr/include -I/usr/include/eigen3 -I/usr/include   -std=c++14 -O2 -fPIC -c models/CNMSSMEFTHiggs/scan_CNMSSMEFTHiggs.cpp -o models/CNMSSMEFTHiggs/scan_CNMSSMEFTHiggs.o
g++ -Iconfig -Isrc -Ifflite -Islhaea -Idoc -Imeta -Itemplates -Imodels/CNMSSMEFTHiggs -I. -Imodels/CNMSSMEFTHiggs/cxx_qft -Imodel_specific/SM -Imodel_specific/MSSM_higgs -Imodel_specific/NMSSM_higgs -I/usr/include -I/usr/include/eigen3 -I/usr/include   -I/usr/local/Wolfram/Mathematica/11.3/SystemFiles/IncludeFiles/C -I/usr/local/Wolfram/Mathematica/11.3/SystemFiles/Links/MathLink/DeveloperKit/Linux-x86-64/CompilerAdditions -Imodels/CNMSSMEFTHiggs/cxx_qft -Imodel_specific/SM -Imodel_specific/MSSM_higgs -Imodel_specific/NMSSM_higgs -I/usr/include -I/usr/include/eigen3 -I/usr/include   -I/usr/local/Wolfram/Mathematica/11.3/SystemFiles/IncludeFiles/C -I/usr/local/Wolfram/Mathematica/11.3/SystemFiles/Links/MathLink/DeveloperKit/Linux-x86-64/CompilerAdditions -std=c++14 -O2 -fPIC -c models/CNMSSMEFTHiggs/CNMSSMEFTHiggs_librarylink.cpp -o models/CNMSSMEFTHiggs/CNMSSMEFTHiggs_librarylink.o
ar cru src/libflexisusy.a src/betafunction.o src/build_info.o src/bvp_solver_problems.o src/ckm.o src/command_line_options.o src/composite_convergence_tester.o src/database.o src/dilog.o src/effective_couplings.o src/global_thread_pool.o src/gsl_utils.o src/gsl_vector.o src/logger.o src/lowe.o src/numerics.o src/numerics2.o src/physical_input.o src/pmns.o src/problems.o src/pv.o src/rkf_integrator.o src/scan.o src/semi_analytic_solver.o src/sfermions.o src/slha_io.o src/spectrum_generator_problems.o src/spectrum_generator_settings.o src/string_utils.o src/threshold_corrections.o src/threshold_loop_functions.o src/two_scale_running_precision.o src/two_scale_solver.o src/weinberg_angle.o src/wrappers.o src/dilogc.o
ar: `u' modifier ignored since `D' is the default (see `U')
g++ -Iconfig -Isrc -Ifflite -Islhaea -Idoc -Imeta -Itemplates -Imodels/CNMSSMEFTHiggs -I. -Imodels/CNMSSMEFTHiggs/cxx_qft -Imodel_specific/SM -Imodel_specific/MSSM_higgs -Imodel_specific/NMSSM_higgs -I/usr/include -I/usr/include/eigen3 -I/usr/include   -std=c++14 -O2 -fPIC -c models/CNMSSMEFTHiggs/CNMSSMEFTHiggs_a_muon.cpp -o models/CNMSSMEFTHiggs/CNMSSMEFTHiggs_a_muon.o
g++ -Iconfig -Isrc -Ifflite -Islhaea -Idoc -Imeta -Itemplates -Imodels/CNMSSMEFTHiggs -I. -Imodels/CNMSSMEFTHiggs/cxx_qft -Imodel_specific/SM -Imodel_specific/MSSM_higgs -Imodel_specific/NMSSM_higgs -I/usr/include -I/usr/include/eigen3 -I/usr/include   -std=c++14 -O2 -fPIC -c models/CNMSSMEFTHiggs/CNMSSMEFTHiggs_edm.cpp -o models/CNMSSMEFTHiggs/CNMSSMEFTHiggs_edm.o
g++ -Iconfig -Isrc -Ifflite -Islhaea -Idoc -Imeta -Itemplates -Imodels/CNMSSMEFTHiggs -I. -Imodels/CNMSSMEFTHiggs/cxx_qft -Imodel_specific/SM -Imodel_specific/MSSM_higgs -Imodel_specific/NMSSM_higgs -I/usr/include -I/usr/include/eigen3 -I/usr/include   -std=c++14 -O2 -fPIC -c models/CNMSSMEFTHiggs/CNMSSMEFTHiggs_effective_couplings.cpp -o models/CNMSSMEFTHiggs/CNMSSMEFTHiggs_effective_couplings.o
g++ -Iconfig -Isrc -Ifflite -Islhaea -Idoc -Imeta -Itemplates -Imodels/CNMSSMEFTHiggs -I. -Imodels/CNMSSMEFTHiggs/cxx_qft -Imodel_specific/SM -Imodel_specific/MSSM_higgs -Imodel_specific/NMSSM_higgs -I/usr/include -I/usr/include/eigen3 -I/usr/include   -std=c++14 -O2 -fPIC -c models/CNMSSMEFTHiggs/CNMSSMEFTHiggs_mass_eigenstates.cpp -o models/CNMSSMEFTHiggs/CNMSSMEFTHiggs_mass_eigenstates.o
g++ -Iconfig -Isrc -Ifflite -Islhaea -Idoc -Imeta -Itemplates -Imodels/CNMSSMEFTHiggs -I. -Imodels/CNMSSMEFTHiggs/cxx_qft -Imodel_specific/SM -Imodel_specific/MSSM_higgs -Imodel_specific/NMSSM_higgs -I/usr/include -I/usr/include/eigen3 -I/usr/include   -std=c++14 -O2 -fPIC -c models/CNMSSMEFTHiggs/CNMSSMEFTHiggs_observables.cpp -o models/CNMSSMEFTHiggs/CNMSSMEFTHiggs_observables.o
g++ -Iconfig -Isrc -Ifflite -Islhaea -Idoc -Imeta -Itemplates -Imodels/CNMSSMEFTHiggs -I. -Imodels/CNMSSMEFTHiggs/cxx_qft -Imodel_specific/SM -Imodel_specific/MSSM_higgs -Imodel_specific/NMSSM_higgs -I/usr/include -I/usr/include/eigen3 -I/usr/include   -std=c++14 -O2 -fPIC -c models/CNMSSMEFTHiggs/CNMSSMEFTHiggs_semi_analytic_convergence_tester.cpp -o models/CNMSSMEFTHiggs/CNMSSMEFTHiggs_semi_analytic_convergence_tester.o
g++ -Iconfig -Isrc -Ifflite -Islhaea -Idoc -Imeta -Itemplates -Imodels/CNMSSMEFTHiggs -I. -Imodels/CNMSSMEFTHiggs/cxx_qft -Imodel_specific/SM -Imodel_specific/MSSM_higgs -Imodel_specific/NMSSM_higgs -I/usr/include -I/usr/include/eigen3 -I/usr/include   -std=c++14 -O2 -fPIC -c models/CNMSSMEFTHiggs/CNMSSMEFTHiggs_semi_analytic_ewsb_solver.cpp -o models/CNMSSMEFTHiggs/CNMSSMEFTHiggs_semi_analytic_ewsb_solver.o
g++ -Iconfig -Isrc -Ifflite -Islhaea -Idoc -Imeta -Itemplates -Imodels/CNMSSMEFTHiggs -I. -Imodels/CNMSSMEFTHiggs/cxx_qft -Imodel_specific/SM -Imodel_specific/MSSM_higgs -Imodel_specific/NMSSM_higgs -I/usr/include -I/usr/include/eigen3 -I/usr/include   -std=c++14 -O2 -fPIC -c models/CNMSSMEFTHiggs/CNMSSMEFTHiggs_semi_analytic_high_scale_constraint.cpp -o models/CNMSSMEFTHiggs/CNMSSMEFTHiggs_semi_analytic_high_scale_constraint.o
g++ -Iconfig -Isrc -Ifflite -Islhaea -Idoc -Imeta -Itemplates -Imodels/CNMSSMEFTHiggs -I. -Imodels/CNMSSMEFTHiggs/cxx_qft -Imodel_specific/SM -Imodel_specific/MSSM_higgs -Imodel_specific/NMSSM_higgs -I/usr/include -I/usr/include/eigen3 -I/usr/include   -std=c++14 -O2 -fPIC -c models/CNMSSMEFTHiggs/CNMSSMEFTHiggs_semi_analytic_initial_guesser.cpp -o models/CNMSSMEFTHiggs/CNMSSMEFTHiggs_semi_analytic_initial_guesser.o
g++ -Iconfig -Isrc -Ifflite -Islhaea -Idoc -Imeta -Itemplates -Imodels/CNMSSMEFTHiggs -I. -Imodels/CNMSSMEFTHiggs/cxx_qft -Imodel_specific/SM -Imodel_specific/MSSM_higgs -Imodel_specific/NMSSM_higgs -I/usr/include -I/usr/include/eigen3 -I/usr/include   -std=c++14 -O2 -fPIC -c models/CNMSSMEFTHiggs/CNMSSMEFTHiggs_semi_analytic_low_scale_constraint.cpp -o models/CNMSSMEFTHiggs/CNMSSMEFTHiggs_semi_analytic_low_scale_constraint.o
g++ -Iconfig -Isrc -Ifflite -Islhaea -Idoc -Imeta -Itemplates -Imodels/CNMSSMEFTHiggs -I. -Imodels/CNMSSMEFTHiggs/cxx_qft -Imodel_specific/SM -Imodel_specific/MSSM_higgs -Imodel_specific/NMSSM_higgs -I/usr/include -I/usr/include/eigen3 -I/usr/include   -std=c++14 -O2 -fPIC -c models/CNMSSMEFTHiggs/CNMSSMEFTHiggs_semi_analytic_soft_parameters_constraint.cpp -o models/CNMSSMEFTHiggs/CNMSSMEFTHiggs_semi_analytic_soft_parameters_constraint.o
g++ -Iconfig -Isrc -Ifflite -Islhaea -Idoc -Imeta -Itemplates -Imodels/CNMSSMEFTHiggs -I. -Imodels/CNMSSMEFTHiggs/cxx_qft -Imodel_specific/SM -Imodel_specific/MSSM_higgs -Imodel_specific/NMSSM_higgs -I/usr/include -I/usr/include/eigen3 -I/usr/include   -std=c++14 -O2 -fPIC -c models/CNMSSMEFTHiggs/CNMSSMEFTHiggs_semi_analytic_spectrum_generator.cpp -o models/CNMSSMEFTHiggs/CNMSSMEFTHiggs_semi_analytic_spectrum_generator.o
g++ -Iconfig -Isrc -Ifflite -Islhaea -Idoc -Imeta -Itemplates -Imodels/CNMSSMEFTHiggs -I. -Imodels/CNMSSMEFTHiggs/cxx_qft -Imodel_specific/SM -Imodel_specific/MSSM_higgs -Imodel_specific/NMSSM_higgs -I/usr/include -I/usr/include/eigen3 -I/usr/include   -std=c++14 -O2 -fPIC -c models/CNMSSMEFTHiggs/CNMSSMEFTHiggs_slha_io.cpp -o models/CNMSSMEFTHiggs/CNMSSMEFTHiggs_slha_io.o
ar cru model_specific/MSSM_higgs/libmodel_specific_MSSM_higgs.a model_specific/MSSM_higgs/mssm_twoloophiggs.o model_specific/MSSM_higgs/mssm_twoloophiggs_impl.o
ar: `u' modifier ignored since `D' is the default (see `U')
ar cru model_specific/NMSSM_higgs/libmodel_specific_NMSSM_higgs.a model_specific/NMSSM_higgs/nmssm_twoloophiggs.o model_specific/NMSSM_higgs/nmssm2loop.o
ar: `u' modifier ignored since `D' is the default (see `U')
ar cru model_specific/SM/libmodel_specific_SM.a model_specific/SM/sm_fourloophiggs.o model_specific/SM/sm_threeloop_as.o model_specific/SM/sm_threeloophiggs.o model_specific/SM/sm_twoloophiggs.o model_specific/SM/standard_model.o model_specific/SM/standard_model_effective_couplings.o model_specific/SM/standard_model_physical.o model_specific/SM/standard_model_two_scale_convergence_tester.o model_specific/SM/standard_model_two_scale_low_scale_constraint.o model_specific/SM/standard_model_two_scale_model.o
ar: `u' modifier ignored since `D' is the default (see `U')
ar cru models/CNMSSMEFTHiggs/libCNMSSMEFTHiggs.a models/CNMSSMEFTHiggs/CNMSSMEFTHiggs_a_muon.o models/CNMSSMEFTHiggs/CNMSSMEFTHiggs_edm.o models/CNMSSMEFTHiggs/CNMSSMEFTHiggs_effective_couplings.o models/CNMSSMEFTHiggs/CNMSSMEFTHiggs_info.o models/CNMSSMEFTHiggs/CNMSSMEFTHiggs_input_parameters.o models/CNMSSMEFTHiggs/CNMSSMEFTHiggs_mass_eigenstates.o models/CNMSSMEFTHiggs/CNMSSMEFTHiggs_observables.o models/CNMSSMEFTHiggs/CNMSSMEFTHiggs_physical.o models/CNMSSMEFTHiggs/CNMSSMEFTHiggs_semi_analytic_convergence_tester.o models/CNMSSMEFTHiggs/CNMSSMEFTHiggs_semi_analytic_ewsb_solver.o models/CNMSSMEFTHiggs/CNMSSMEFTHiggs_semi_analytic_high_scale_constraint.o models/CNMSSMEFTHiggs/CNMSSMEFTHiggs_semi_analytic_initial_guesser.o models/CNMSSMEFTHiggs/CNMSSMEFTHiggs_semi_analytic_low_scale_constraint.o models/CNMSSMEFTHiggs/CNMSSMEFTHiggs_semi_analytic_matching_constraint.o models/CNMSSMEFTHiggs/CNMSSMEFTHiggs_semi_analytic_model.o models/CNMSSMEFTHiggs/CNMSSMEFTHiggs_semi_analytic_soft_parameters_constraint.o models/CNMSSMEFTHiggs/CNMSSMEFTHiggs_semi_analytic_solutions.o models/CNMSSMEFTHiggs/CNMSSMEFTHiggs_semi_analytic_spectrum_generator.o models/CNMSSMEFTHiggs/CNMSSMEFTHiggs_semi_analytic_susy_convergence_tester.o models/CNMSSMEFTHiggs/CNMSSMEFTHiggs_semi_analytic_susy_scale_constraint.o models/CNMSSMEFTHiggs/CNMSSMEFTHiggs_slha_io.o models/CNMSSMEFTHiggs/CNMSSMEFTHiggs_soft_beta_MassB.o models/CNMSSMEFTHiggs/CNMSSMEFTHiggs_soft_beta_MassG.o models/CNMSSMEFTHiggs/CNMSSMEFTHiggs_soft_beta_MassWB.o models/CNMSSMEFTHiggs/CNMSSMEFTHiggs_soft_beta_TKappa.o models/CNMSSMEFTHiggs/CNMSSMEFTHiggs_soft_beta_TLambdax.o models/CNMSSMEFTHiggs/CNMSSMEFTHiggs_soft_beta_TYd.o models/CNMSSMEFTHiggs/CNMSSMEFTHiggs_soft_beta_TYe.o models/CNMSSMEFTHiggs/CNMSSMEFTHiggs_soft_beta_TYu.o models/CNMSSMEFTHiggs/CNMSSMEFTHiggs_soft_beta_mHd2.o models/CNMSSMEFTHiggs/CNMSSMEFTHiggs_soft_beta_mHu2.o models/CNMSSMEFTHiggs/CNMSSMEFTHiggs_soft_beta_md2.o models/CNMSSMEFTHiggs/CNMSSMEFTHiggs_soft_beta_me2.o models/CNMSSMEFTHiggs/CNMSSMEFTHiggs_soft_beta_ml2.o models/CNMSSMEFTHiggs/CNMSSMEFTHiggs_soft_beta_mq2.o models/CNMSSMEFTHiggs/CNMSSMEFTHiggs_soft_beta_ms2.o models/CNMSSMEFTHiggs/CNMSSMEFTHiggs_soft_beta_mu2.o models/CNMSSMEFTHiggs/CNMSSMEFTHiggs_soft_parameters.o models/CNMSSMEFTHiggs/CNMSSMEFTHiggs_standard_model_matching.o models/CNMSSMEFTHiggs/CNMSSMEFTHiggs_standard_model_semi_analytic_matching.o models/CNMSSMEFTHiggs/CNMSSMEFTHiggs_susy_beta_Kappa.o models/CNMSSMEFTHiggs/CNMSSMEFTHiggs_susy_beta_Lambdax.o models/CNMSSMEFTHiggs/CNMSSMEFTHiggs_susy_beta_Yd.o models/CNMSSMEFTHiggs/CNMSSMEFTHiggs_susy_beta_Ye.o models/CNMSSMEFTHiggs/CNMSSMEFTHiggs_susy_beta_Yu.o models/CNMSSMEFTHiggs/CNMSSMEFTHiggs_susy_beta_g1.o models/CNMSSMEFTHiggs/CNMSSMEFTHiggs_susy_beta_g2.o models/CNMSSMEFTHiggs/CNMSSMEFTHiggs_susy_beta_g3.o models/CNMSSMEFTHiggs/CNMSSMEFTHiggs_susy_beta_vS.o models/CNMSSMEFTHiggs/CNMSSMEFTHiggs_susy_beta_vd.o models/CNMSSMEFTHiggs/CNMSSMEFTHiggs_susy_beta_vu.o models/CNMSSMEFTHiggs/CNMSSMEFTHiggs_susy_parameters.o models/CNMSSMEFTHiggs/CNMSSMEFTHiggs_utilities.o models/CNMSSMEFTHiggs/CNMSSMEFTHiggs_weinberg_angle.o models/CNMSSMEFTHiggs/cxx_qft/CNMSSMEFTHiggs_vertices_1.o
ar: `u' modifier ignored since `D' is the default (see `U')
g++  -o models/CNMSSMEFTHiggs/run_CNMSSMEFTHiggs.x  /home/labron1/Documents/Honours/FlexibleSUSY/models/CNMSSMEFTHiggs/run_CNMSSMEFTHiggs.o  /home/labron1/Documents/Honours/FlexibleSUSY/models/CNMSSMEFTHiggs/libCNMSSMEFTHiggs.a  /home/labron1/Documents/Honours/FlexibleSUSY/model_specific/SM/libmodel_specific_SM.a  /home/labron1/Documents/Honours/FlexibleSUSY/model_specific/MSSM_higgs/libmodel_specific_MSSM_higgs.a  /home/labron1/Documents/Honours/FlexibleSUSY/model_specific/NMSSM_higgs/libmodel_specific_NMSSM_higgs.a  /home/labron1/Documents/Honours/FlexibleSUSY/src/libflexisusy.a   -L/usr/lib/x86_64-linux-gnu -lgsl -lgslcblas -lm  -L/usr/local/Wolfram/Mathematica/11.3/SystemFiles/Libraries/Linux-x86-64 -Wl,-rpath,/usr/local/Wolfram/Mathematica/11.3/SystemFiles/Libraries/Linux-x86-64 -lmkl_intel_ilp64 -lmkl_intel_thread -lmkl_core -liomp5  -L/usr/lib/gcc/x86_64-linux-gnu/7/ -lgfortran -lm   -lpthread 
g++  -o models/CNMSSMEFTHiggs/run_cmd_line_CNMSSMEFTHiggs.x  /home/labron1/Documents/Honours/FlexibleSUSY/models/CNMSSMEFTHiggs/run_cmd_line_CNMSSMEFTHiggs.o  /home/labron1/Documents/Honours/FlexibleSUSY/models/CNMSSMEFTHiggs/libCNMSSMEFTHiggs.a  /home/labron1/Documents/Honours/FlexibleSUSY/model_specific/SM/libmodel_specific_SM.a  /home/labron1/Documents/Honours/FlexibleSUSY/model_specific/MSSM_higgs/libmodel_specific_MSSM_higgs.a  /home/labron1/Documents/Honours/FlexibleSUSY/model_specific/NMSSM_higgs/libmodel_specific_NMSSM_higgs.a  /home/labron1/Documents/Honours/FlexibleSUSY/src/libflexisusy.a   -L/usr/lib/x86_64-linux-gnu -lgsl -lgslcblas -lm  -L/usr/local/Wolfram/Mathematica/11.3/SystemFiles/Libraries/Linux-x86-64 -Wl,-rpath,/usr/local/Wolfram/Mathematica/11.3/SystemFiles/Libraries/Linux-x86-64 -lmkl_intel_ilp64 -lmkl_intel_thread -lmkl_core -liomp5  -L/usr/lib/gcc/x86_64-linux-gnu/7/ -lgfortran -lm   -lpthread 
g++  -o models/CNMSSMEFTHiggs/scan_CNMSSMEFTHiggs.x  /home/labron1/Documents/Honours/FlexibleSUSY/models/CNMSSMEFTHiggs/scan_CNMSSMEFTHiggs.o  /home/labron1/Documents/Honours/FlexibleSUSY/models/CNMSSMEFTHiggs/libCNMSSMEFTHiggs.a  /home/labron1/Documents/Honours/FlexibleSUSY/model_specific/SM/libmodel_specific_SM.a  /home/labron1/Documents/Honours/FlexibleSUSY/model_specific/MSSM_higgs/libmodel_specific_MSSM_higgs.a  /home/labron1/Documents/Honours/FlexibleSUSY/model_specific/NMSSM_higgs/libmodel_specific_NMSSM_higgs.a  /home/labron1/Documents/Honours/FlexibleSUSY/src/libflexisusy.a   -L/usr/lib/x86_64-linux-gnu -lgsl -lgslcblas -lm  -L/usr/local/Wolfram/Mathematica/11.3/SystemFiles/Libraries/Linux-x86-64 -Wl,-rpath,/usr/local/Wolfram/Mathematica/11.3/SystemFiles/Libraries/Linux-x86-64 -lmkl_intel_ilp64 -lmkl_intel_thread -lmkl_core -liomp5  -L/usr/lib/gcc/x86_64-linux-gnu/7/ -lgfortran -lm   -lpthread 
g++ -shared -o models/CNMSSMEFTHiggs/CNMSSMEFTHiggs_librarylink.so -Iconfig -Isrc -Ifflite -Islhaea -Idoc -Imeta -Itemplates -Imodels/CNMSSMEFTHiggs -I. -Imodels/CNMSSMEFTHiggs/cxx_qft -Imodel_specific/SM -Imodel_specific/MSSM_higgs -Imodel_specific/NMSSM_higgs -I/usr/include -I/usr/include/eigen3 -I/usr/include   -I/usr/local/Wolfram/Mathematica/11.3/SystemFiles/IncludeFiles/C -I/usr/local/Wolfram/Mathematica/11.3/SystemFiles/Links/MathLink/DeveloperKit/Linux-x86-64/CompilerAdditions   /home/labron1/Documents/Honours/FlexibleSUSY/models/CNMSSMEFTHiggs/CNMSSMEFTHiggs_librarylink.o  /home/labron1/Documents/Honours/FlexibleSUSY/models/CNMSSMEFTHiggs/libCNMSSMEFTHiggs.a  /home/labron1/Documents/Honours/FlexibleSUSY/model_specific/SM/libmodel_specific_SM.a  /home/labron1/Documents/Honours/FlexibleSUSY/model_specific/MSSM_higgs/libmodel_specific_MSSM_higgs.a  /home/labron1/Documents/Honours/FlexibleSUSY/model_specific/NMSSM_higgs/libmodel_specific_NMSSM_higgs.a  /home/labron1/Documents/Honours/FlexibleSUSY/src/libflexisusy.a   -L/usr/lib/x86_64-linux-gnu -lgsl -lgslcblas -lm  -L/usr/local/Wolfram/Mathematica/11.3/SystemFiles/Libraries/Linux-x86-64 -Wl,-rpath,/usr/local/Wolfram/Mathematica/11.3/SystemFiles/Libraries/Linux-x86-64 -lmkl_intel_ilp64 -lmkl_intel_thread -lmkl_core -liomp5  -L/usr/lib/gcc/x86_64-linux-gnu/7/ -lgfortran -lm   -lpthread  
